172.21.0.3 - - [20/Mar/2022:11:05:23 +0000] "POST /api/v4/jobs/request HTTP/1.1" 204 0 "" "gitlab-runner 14.8.2 (14-8-stable; go1.17.7; linux/amd64)" -
127.0.0.1 - - [20/Mar/2022:11:05:25 +0000] "GET /help HTTP/1.1" 200 76582 "" "curl/7.79.1-DEV" -
172.21.0.3 - - [20/Mar/2022:11:05:26 +0000] "POST /api/v4/jobs/request HTTP/1.1" 204 0 "" "gitlab-runner 14.8.2 (14-8-stable; go1.17.7; linux/amd64)" -
172.21.0.3 - - [20/Mar/2022:11:05:29 +0000] "POST /api/v4/jobs/request HTTP/1.1" 204 0 "" "gitlab-runner 14.8.2 (14-8-stable; go1.17.7; linux/amd64)" -
172.21.0.3 - - [20/Mar/2022:11:05:32 +0000] "POST /api/v4/jobs/request HTTP/1.1" 204 0 "" "gitlab-runner 14.8.2 (14-8-stable; go1.17.7; linux/amd64)" -
172.21.0.3 - - [20/Mar/2022:11:05:35 +0000] "POST /api/v4/jobs/request HTTP/1.1" 204 0 "" "gitlab-runner 14.8.2 (14-8-stable; go1.17.7; linux/amd64)" -
172.21.0.3 - - [20/Mar/2022:11:05:38 +0000] "POST /api/v4/jobs/request HTTP/1.1" 204 0 "" "gitlab-runner 14.8.2 (14-8-stable; go1.17.7; linux/amd64)" -
172.21.0.3 - - [20/Mar/2022:11:05:41 +0000] "POST /api/v4/jobs/request HTTP/1.1" 204 0 "" "gitlab-runner 14.8.2 (14-8-stable; go1.17.7; linux/amd64)" -
172.21.0.3 - - [20/Mar/2022:11:05:44 +0000] "POST /api/v4/jobs/request HTTP/1.1" 204 0 "" "gitlab-runner 14.8.2 (14-8-stable; go1.17.7; linux/amd64)" -
172.21.0.3 - - [20/Mar/2022:11:05:47 +0000] "POST /api/v4/jobs/request HTTP/1.1" 204 0 "" "gitlab-runner 14.8.2 (14-8-stable; go1.17.7; linux/amd64)" -
172.21.0.3 - - [20/Mar/2022:11:05:50 +0000] "POST /api/v4/jobs/request HTTP/1.1" 204 0 "" "gitlab-runner 14.8.2 (14-8-stable; go1.17.7; linux/amd64)" -
172.21.0.3 - - [20/Mar/2022:11:05:53 +0000] "POST /api/v4/jobs/request HTTP/1.1" 204 0 "" "gitlab-runner 14.8.2 (14-8-stable; go1.17.7; linux/amd64)" -
172.21.0.3 - - [20/Mar/2022:11:05:56 +0000] "POST /api/v4/jobs/request HTTP/1.1" 204 0 "" "gitlab-runner 14.8.2 (14-8-stable; go1.17.7; linux/amd64)" -
172.21.0.3 - - [20/Mar/2022:11:05:59 +0000] "POST /api/v4/jobs/request HTTP/1.1" 204 0 "" "gitlab-runner 14.8.2 (14-8-stable; go1.17.7; linux/amd64)" -
172.21.0.3 - - [20/Mar/2022:11:06:02 +0000] "POST /api/v4/jobs/request HTTP/1.1" 204 0 "" "gitlab-runner 14.8.2 (14-8-stable; go1.17.7; linux/amd64)" -
172.21.0.3 - - [20/Mar/2022:11:06:05 +0000] "POST /api/v4/jobs/request HTTP/1.1" 204 0 "" "gitlab-runner 14.8.2 (14-8-stable; go1.17.7; linux/amd64)" -
172.21.0.3 - - [20/Mar/2022:11:06:08 +0000] "POST /api/v4/jobs/request HTTP/1.1" 204 0 "" "gitlab-runner 14.8.2 (14-8-stable; go1.17.7; linux/amd64)" -
172.21.0.3 - - [20/Mar/2022:11:06:11 +0000] "POST /api/v4/jobs/request HTTP/1.1" 204 0 "" "gitlab-runner 14.8.2 (14-8-stable; go1.17.7; linux/amd64)" -
172.21.0.3 - - [20/Mar/2022:11:06:14 +0000] "POST /api/v4/jobs/request HTTP/1.1" 204 0 "" "gitlab-runner 14.8.2 (14-8-stable; go1.17.7; linux/amd64)" -
172.21.0.3 - - [20/Mar/2022:11:06:17 +0000] "POST /api/v4/jobs/request HTTP/1.1" 204 0 "" "gitlab-runner 14.8.2 (14-8-stable; go1.17.7; linux/amd64)" -
172.21.0.3 - - [20/Mar/2022:11:06:20 +0000] "POST /api/v4/jobs/request HTTP/1.1" 204 0 "" "gitlab-runner 14.8.2 (14-8-stable; go1.17.7; linux/amd64)" -
172.21.0.3 - - [20/Mar/2022:11:06:23 +0000] "POST /api/v4/jobs/request HTTP/1.1" 204 0 "" "gitlab-runner 14.8.2 (14-8-stable; go1.17.7; linux/amd64)" -
127.0.0.1 - - [20/Mar/2022:11:06:25 +0000] "GET /help HTTP/1.1" 200 76582 "" "curl/7.79.1-DEV" -
172.21.0.3 - - [20/Mar/2022:11:06:26 +0000] "POST /api/v4/jobs/request HTTP/1.1" 204 0 "" "gitlab-runner 14.8.2 (14-8-stable; go1.17.7; linux/amd64)" -
172.21.0.3 - - [20/Mar/2022:11:06:29 +0000] "POST /api/v4/jobs/request HTTP/1.1" 204 0 "" "gitlab-runner 14.8.2 (14-8-stable; go1.17.7; linux/amd64)" -
172.21.0.3 - - [20/Mar/2022:11:06:32 +0000] "POST /api/v4/jobs/request HTTP/1.1" 204 0 "" "gitlab-runner 14.8.2 (14-8-stable; go1.17.7; linux/amd64)" -
172.21.0.3 - - [20/Mar/2022:11:06:35 +0000] "POST /api/v4/jobs/request HTTP/1.1" 204 0 "" "gitlab-runner 14.8.2 (14-8-stable; go1.17.7; linux/amd64)" -
172.21.0.3 - - [20/Mar/2022:11:06:38 +0000] "POST /api/v4/jobs/request HTTP/1.1" 204 0 "" "gitlab-runner 14.8.2 (14-8-stable; go1.17.7; linux/amd64)" -
172.21.0.3 - - [20/Mar/2022:11:06:41 +0000] "POST /api/v4/jobs/request HTTP/1.1" 204 0 "" "gitlab-runner 14.8.2 (14-8-stable; go1.17.7; linux/amd64)" -
172.21.0.3 - - [20/Mar/2022:11:06:44 +0000] "POST /api/v4/jobs/request HTTP/1.1" 204 0 "" "gitlab-runner 14.8.2 (14-8-stable; go1.17.7; linux/amd64)" -
172.21.0.3 - - [20/Mar/2022:11:06:47 +0000] "POST /api/v4/jobs/request HTTP/1.1" 204 0 "" "gitlab-runner 14.8.2 (14-8-stable; go1.17.7; linux/amd64)" -
172.21.0.3 - - [20/Mar/2022:11:06:50 +0000] "POST /api/v4/jobs/request HTTP/1.1" 204 0 "" "gitlab-runner 14.8.2 (14-8-stable; go1.17.7; linux/amd64)" -
172.21.0.3 - - [20/Mar/2022:11:06:53 +0000] "POST /api/v4/jobs/request HTTP/1.1" 204 0 "" "gitlab-runner 14.8.2 (14-8-stable; go1.17.7; linux/amd64)" -
172.21.0.3 - - [20/Mar/2022:11:06:56 +0000] "POST /api/v4/jobs/request HTTP/1.1" 204 0 "" "gitlab-runner 14.8.2 (14-8-stable; go1.17.7; linux/amd64)" -
172.21.0.3 - - [20/Mar/2022:11:06:59 +0000] "POST /api/v4/jobs/request HTTP/1.1" 204 0 "" "gitlab-runner 14.8.2 (14-8-stable; go1.17.7; linux/amd64)" -
172.21.0.3 - - [20/Mar/2022:11:07:02 +0000] "POST /api/v4/jobs/request HTTP/1.1" 204 0 "" "gitlab-runner 14.8.2 (14-8-stable; go1.17.7; linux/amd64)" -
172.21.0.3 - - [20/Mar/2022:11:07:05 +0000] "POST /api/v4/jobs/request HTTP/1.1" 204 0 "" "gitlab-runner 14.8.2 (14-8-stable; go1.17.7; linux/amd64)" -
172.21.0.3 - - [20/Mar/2022:11:07:08 +0000] "POST /api/v4/jobs/request HTTP/1.1" 204 0 "" "gitlab-runner 14.8.2 (14-8-stable; go1.17.7; linux/amd64)" -
172.21.0.3 - - [20/Mar/2022:11:07:11 +0000] "POST /api/v4/jobs/request HTTP/1.1" 204 0 "" "gitlab-runner 14.8.2 (14-8-stable; go1.17.7; linux/amd64)" -
172.21.0.3 - - [20/Mar/2022:11:07:14 +0000] "POST /api/v4/jobs/request HTTP/1.1" 204 0 "" "gitlab-runner 14.8.2 (14-8-stable; go1.17.7; linux/amd64)" -
172.21.0.3 - - [20/Mar/2022:11:07:17 +0000] "POST /api/v4/jobs/request HTTP/1.1" 204 0 "" "gitlab-runner 14.8.2 (14-8-stable; go1.17.7; linux/amd64)" -
172.21.0.3 - - [20/Mar/2022:11:07:20 +0000] "POST /api/v4/jobs/request HTTP/1.1" 204 0 "" "gitlab-runner 14.8.2 (14-8-stable; go1.17.7; linux/amd64)" -
172.21.0.3 - - [20/Mar/2022:11:07:23 +0000] "POST /api/v4/jobs/request HTTP/1.1" 204 0 "" "gitlab-runner 14.8.2 (14-8-stable; go1.17.7; linux/amd64)" -
127.0.0.1 - - [20/Mar/2022:11:07:25 +0000] "GET /help HTTP/1.1" 200 76582 "" "curl/7.79.1-DEV" -
172.21.0.3 - - [20/Mar/2022:11:07:26 +0000] "POST /api/v4/jobs/request HTTP/1.1" 204 0 "" "gitlab-runner 14.8.2 (14-8-stable; go1.17.7; linux/amd64)" -
172.21.0.3 - - [20/Mar/2022:11:07:29 +0000] "POST /api/v4/jobs/request HTTP/1.1" 204 0 "" "gitlab-runner 14.8.2 (14-8-stable; go1.17.7; linux/amd64)" -
172.21.0.3 - - [20/Mar/2022:11:07:32 +0000] "POST /api/v4/jobs/request HTTP/1.1" 204 0 "" "gitlab-runner 14.8.2 (14-8-stable; go1.17.7; linux/amd64)" -
172.21.0.3 - - [20/Mar/2022:11:07:35 +0000] "POST /api/v4/jobs/request HTTP/1.1" 204 0 "" "gitlab-runner 14.8.2 (14-8-stable; go1.17.7; linux/amd64)" -
172.21.0.3 - - [20/Mar/2022:11:07:38 +0000] "POST /api/v4/jobs/request HTTP/1.1" 204 0 "" "gitlab-runner 14.8.2 (14-8-stable; go1.17.7; linux/amd64)" -
172.21.0.3 - - [20/Mar/2022:11:07:41 +0000] "POST /api/v4/jobs/request HTTP/1.1" 204 0 "" "gitlab-runner 14.8.2 (14-8-stable; go1.17.7; linux/amd64)" -
172.21.0.3 - - [20/Mar/2022:11:07:44 +0000] "POST /api/v4/jobs/request HTTP/1.1" 204 0 "" "gitlab-runner 14.8.2 (14-8-stable; go1.17.7; linux/amd64)" -
172.21.0.3 - - [20/Mar/2022:11:07:47 +0000] "POST /api/v4/jobs/request HTTP/1.1" 204 0 "" "gitlab-runner 14.8.2 (14-8-stable; go1.17.7; linux/amd64)" -
172.21.0.3 - - [20/Mar/2022:11:07:50 +0000] "POST /api/v4/jobs/request HTTP/1.1" 204 0 "" "gitlab-runner 14.8.2 (14-8-stable; go1.17.7; linux/amd64)" -
172.21.0.3 - - [20/Mar/2022:11:07:53 +0000] "POST /api/v4/jobs/request HTTP/1.1" 204 0 "" "gitlab-runner 14.8.2 (14-8-stable; go1.17.7; linux/amd64)" -
172.21.0.3 - - [20/Mar/2022:11:07:56 +0000] "POST /api/v4/jobs/request HTTP/1.1" 204 0 "" "gitlab-runner 14.8.2 (14-8-stable; go1.17.7; linux/amd64)" -
172.21.0.3 - - [20/Mar/2022:11:07:59 +0000] "POST /api/v4/jobs/request HTTP/1.1" 204 0 "" "gitlab-runner 14.8.2 (14-8-stable; go1.17.7; linux/amd64)" -
172.21.0.3 - - [20/Mar/2022:11:08:02 +0000] "POST /api/v4/jobs/request HTTP/1.1" 204 0 "" "gitlab-runner 14.8.2 (14-8-stable; go1.17.7; linux/amd64)" -
172.21.0.3 - - [20/Mar/2022:11:08:05 +0000] "POST /api/v4/jobs/request HTTP/1.1" 204 0 "" "gitlab-runner 14.8.2 (14-8-stable; go1.17.7; linux/amd64)" -
172.21.0.3 - - [20/Mar/2022:11:08:08 +0000] "POST /api/v4/jobs/request HTTP/1.1" 204 0 "" "gitlab-runner 14.8.2 (14-8-stable; go1.17.7; linux/amd64)" -
172.21.0.3 - - [20/Mar/2022:11:08:11 +0000] "POST /api/v4/jobs/request HTTP/1.1" 204 0 "" "gitlab-runner 14.8.2 (14-8-stable; go1.17.7; linux/amd64)" -
172.21.0.3 - - [20/Mar/2022:11:08:14 +0000] "POST /api/v4/jobs/request HTTP/1.1" 204 0 "" "gitlab-runner 14.8.2 (14-8-stable; go1.17.7; linux/amd64)" -
172.21.0.3 - - [20/Mar/2022:11:08:17 +0000] "POST /api/v4/jobs/request HTTP/1.1" 204 0 "" "gitlab-runner 14.8.2 (14-8-stable; go1.17.7; linux/amd64)" -
172.21.0.3 - - [20/Mar/2022:11:08:20 +0000] "POST /api/v4/jobs/request HTTP/1.1" 204 0 "" "gitlab-runner 14.8.2 (14-8-stable; go1.17.7; linux/amd64)" -
172.21.0.3 - - [20/Mar/2022:11:08:23 +0000] "POST /api/v4/jobs/request HTTP/1.1" 204 0 "" "gitlab-runner 14.8.2 (14-8-stable; go1.17.7; linux/amd64)" -
127.0.0.1 - - [20/Mar/2022:11:08:25 +0000] "GET /help HTTP/1.1" 200 76582 "" "curl/7.79.1-DEV" -
172.21.0.3 - - [20/Mar/2022:11:08:26 +0000] "POST /api/v4/jobs/request HTTP/1.1" 204 0 "" "gitlab-runner 14.8.2 (14-8-stable; go1.17.7; linux/amd64)" -
172.21.0.3 - - [20/Mar/2022:11:08:29 +0000] "POST /api/v4/jobs/request HTTP/1.1" 204 0 "" "gitlab-runner 14.8.2 (14-8-stable; go1.17.7; linux/amd64)" -
172.21.0.3 - - [20/Mar/2022:11:08:32 +0000] "POST /api/v4/jobs/request HTTP/1.1" 204 0 "" "gitlab-runner 14.8.2 (14-8-stable; go1.17.7; linux/amd64)" -
172.21.0.3 - - [20/Mar/2022:11:08:35 +0000] "POST /api/v4/jobs/request HTTP/1.1" 204 0 "" "gitlab-runner 14.8.2 (14-8-stable; go1.17.7; linux/amd64)" -
172.21.0.3 - - [20/Mar/2022:11:08:38 +0000] "POST /api/v4/jobs/request HTTP/1.1" 204 0 "" "gitlab-runner 14.8.2 (14-8-stable; go1.17.7; linux/amd64)" -
172.21.0.3 - - [20/Mar/2022:11:08:41 +0000] "POST /api/v4/jobs/request HTTP/1.1" 204 0 "" "gitlab-runner 14.8.2 (14-8-stable; go1.17.7; linux/amd64)" -
172.21.0.3 - - [20/Mar/2022:11:08:44 +0000] "POST /api/v4/jobs/request HTTP/1.1" 204 0 "" "gitlab-runner 14.8.2 (14-8-stable; go1.17.7; linux/amd64)" -
172.21.0.3 - - [20/Mar/2022:11:08:47 +0000] "POST /api/v4/jobs/request HTTP/1.1" 204 0 "" "gitlab-runner 14.8.2 (14-8-stable; go1.17.7; linux/amd64)" -
172.21.0.3 - - [20/Mar/2022:11:08:50 +0000] "POST /api/v4/jobs/request HTTP/1.1" 204 0 "" "gitlab-runner 14.8.2 (14-8-stable; go1.17.7; linux/amd64)" -
172.21.0.3 - - [20/Mar/2022:11:08:53 +0000] "POST /api/v4/jobs/request HTTP/1.1" 204 0 "" "gitlab-runner 14.8.2 (14-8-stable; go1.17.7; linux/amd64)" -
172.21.0.3 - - [20/Mar/2022:11:08:56 +0000] "POST /api/v4/jobs/request HTTP/1.1" 204 0 "" "gitlab-runner 14.8.2 (14-8-stable; go1.17.7; linux/amd64)" -
172.21.0.3 - - [20/Mar/2022:11:08:59 +0000] "POST /api/v4/jobs/request HTTP/1.1" 204 0 "" "gitlab-runner 14.8.2 (14-8-stable; go1.17.7; linux/amd64)" -
172.21.0.3 - - [20/Mar/2022:11:09:02 +0000] "POST /api/v4/jobs/request HTTP/1.1" 204 0 "" "gitlab-runner 14.8.2 (14-8-stable; go1.17.7; linux/amd64)" -
172.21.0.3 - - [20/Mar/2022:11:09:05 +0000] "POST /api/v4/jobs/request HTTP/1.1" 204 0 "" "gitlab-runner 14.8.2 (14-8-stable; go1.17.7; linux/amd64)" -
172.21.0.3 - - [20/Mar/2022:11:09:08 +0000] "POST /api/v4/jobs/request HTTP/1.1" 204 0 "" "gitlab-runner 14.8.2 (14-8-stable; go1.17.7; linux/amd64)" -
172.21.0.3 - - [20/Mar/2022:11:09:11 +0000] "POST /api/v4/jobs/request HTTP/1.1" 204 0 "" "gitlab-runner 14.8.2 (14-8-stable; go1.17.7; linux/amd64)" -
172.21.0.3 - - [20/Mar/2022:11:09:14 +0000] "POST /api/v4/jobs/request HTTP/1.1" 204 0 "" "gitlab-runner 14.8.2 (14-8-stable; go1.17.7; linux/amd64)" -
172.21.0.3 - - [20/Mar/2022:11:09:17 +0000] "POST /api/v4/jobs/request HTTP/1.1" 204 0 "" "gitlab-runner 14.8.2 (14-8-stable; go1.17.7; linux/amd64)" -
172.21.0.3 - - [20/Mar/2022:11:09:20 +0000] "POST /api/v4/jobs/request HTTP/1.1" 204 0 "" "gitlab-runner 14.8.2 (14-8-stable; go1.17.7; linux/amd64)" -
172.21.0.3 - - [20/Mar/2022:11:09:23 +0000] "POST /api/v4/jobs/request HTTP/1.1" 204 0 "" "gitlab-runner 14.8.2 (14-8-stable; go1.17.7; linux/amd64)" -
127.0.0.1 - - [20/Mar/2022:11:09:26 +0000] "GET /help HTTP/1.1" 200 76582 "" "curl/7.79.1-DEV" -
172.21.0.3 - - [20/Mar/2022:11:09:26 +0000] "POST /api/v4/jobs/request HTTP/1.1" 204 0 "" "gitlab-runner 14.8.2 (14-8-stable; go1.17.7; linux/amd64)" -
172.21.0.3 - - [20/Mar/2022:11:09:29 +0000] "POST /api/v4/jobs/request HTTP/1.1" 204 0 "" "gitlab-runner 14.8.2 (14-8-stable; go1.17.7; linux/amd64)" -
172.21.0.3 - - [20/Mar/2022:11:09:32 +0000] "POST /api/v4/jobs/request HTTP/1.1" 204 0 "" "gitlab-runner 14.8.2 (14-8-stable; go1.17.7; linux/amd64)" -
118.68.184.85 - - [20/Mar/2022:11:09:32 +0000] "GET /root/learn_ci/-/pipelines.json?scope=all&page=1 HTTP/2.0" 304 0 "https://learning-devops.tk/root/learn_ci/-/pipelines" "Mozilla/5.0 (Windows NT 10.0; Win64; x64) AppleWebKit/537.36 (KHTML, like Gecko) Chrome/99.0.4844.74 Safari/537.36" -
172.21.0.3 - - [20/Mar/2022:11:09:35 +0000] "POST /api/v4/jobs/request HTTP/1.1" 204 0 "" "gitlab-runner 14.8.2 (14-8-stable; go1.17.7; linux/amd64)" -
118.68.184.85 - - [20/Mar/2022:11:09:38 +0000] "GET /root/learn_ci/-/pipelines.json?scope=all&page=1 HTTP/2.0" 304 0 "https://learning-devops.tk/root/learn_ci/-/pipelines" "Mozilla/5.0 (Windows NT 10.0; Win64; x64) AppleWebKit/537.36 (KHTML, like Gecko) Chrome/99.0.4844.74 Safari/537.36" -
172.21.0.3 - - [20/Mar/2022:11:09:38 +0000] "POST /api/v4/jobs/request HTTP/1.1" 204 0 "" "gitlab-runner 14.8.2 (14-8-stable; go1.17.7; linux/amd64)" -
118.68.184.85 - - [20/Mar/2022:11:09:41 +0000] "GET /-/profile HTTP/2.0" 200 26283 "https://learning-devops.tk/root/learn_ci/-/pipelines" "Mozilla/5.0 (Windows NT 10.0; Win64; x64) AppleWebKit/537.36 (KHTML, like Gecko) Chrome/99.0.4844.74 Safari/537.36" 4.51
172.21.0.3 - - [20/Mar/2022:11:09:41 +0000] "POST /api/v4/jobs/request HTTP/1.1" 204 0 "" "gitlab-runner 14.8.2 (14-8-stable; go1.17.7; linux/amd64)" -
172.21.0.3 - - [20/Mar/2022:11:09:44 +0000] "POST /api/v4/jobs/request HTTP/1.1" 204 0 "" "gitlab-runner 14.8.2 (14-8-stable; go1.17.7; linux/amd64)" -
172.21.0.3 - - [20/Mar/2022:11:09:47 +0000] "POST /api/v4/jobs/request HTTP/1.1" 204 0 "" "gitlab-runner 14.8.2 (14-8-stable; go1.17.7; linux/amd64)" -
172.21.0.3 - - [20/Mar/2022:11:09:50 +0000] "POST /api/v4/jobs/request HTTP/1.1" 204 0 "" "gitlab-runner 14.8.2 (14-8-stable; go1.17.7; linux/amd64)" -
172.21.0.3 - - [20/Mar/2022:11:09:53 +0000] "POST /api/v4/jobs/request HTTP/1.1" 204 0 "" "gitlab-runner 14.8.2 (14-8-stable; go1.17.7; linux/amd64)" -
118.68.184.85 - - [20/Mar/2022:11:09:56 +0000] "POST /-/profile HTTP/2.0" 302 102 "https://learning-devops.tk/-/profile" "Mozilla/5.0 (Windows NT 10.0; Win64; x64) AppleWebKit/537.36 (KHTML, like Gecko) Chrome/99.0.4844.74 Safari/537.36" -
172.21.0.3 - - [20/Mar/2022:11:09:56 +0000] "POST /api/v4/jobs/request HTTP/1.1" 204 0 "" "gitlab-runner 14.8.2 (14-8-stable; go1.17.7; linux/amd64)" -
118.68.184.85 - - [20/Mar/2022:11:09:57 +0000] "GET /-/profile HTTP/2.0" 200 26494 "https://learning-devops.tk/-/profile" "Mozilla/5.0 (Windows NT 10.0; Win64; x64) AppleWebKit/537.36 (KHTML, like Gecko) Chrome/99.0.4844.74 Safari/537.36" 4.50
172.21.0.3 - - [20/Mar/2022:11:09:59 +0000] "POST /api/v4/jobs/request HTTP/1.1" 204 0 "" "gitlab-runner 14.8.2 (14-8-stable; go1.17.7; linux/amd64)" -
118.68.184.85 - - [20/Mar/2022:11:10:00 +0000] "POST /users/confirmation?user%5Bemail%5D=phuocpro1969%40gmail.com HTTP/2.0" 302 111 "https://learning-devops.tk/-/profile" "Mozilla/5.0 (Windows NT 10.0; Win64; x64) AppleWebKit/537.36 (KHTML, like Gecko) Chrome/99.0.4844.74 Safari/537.36" -
118.68.184.85 - - [20/Mar/2022:11:10:00 +0000] "GET /users/almost_there HTTP/2.0" 200 11582 "https://learning-devops.tk/-/profile" "Mozilla/5.0 (Windows NT 10.0; Win64; x64) AppleWebKit/537.36 (KHTML, like Gecko) Chrome/99.0.4844.74 Safari/537.36" 3.70
172.21.0.3 - - [20/Mar/2022:11:10:02 +0000] "POST /api/v4/jobs/request HTTP/1.1" 204 0 "" "gitlab-runner 14.8.2 (14-8-stable; go1.17.7; linux/amd64)" -
74.125.209.87 - - [20/Mar/2022:11:10:04 +0000] "GET /assets/mailers/gitlab_header_logo-153749eaa7ea6fafcb995161abd3247bc4c4500f31498b0c4024f50093983ac0.gif HTTP/1.1" 200 3040 "" "Mozilla/5.0 (Windows NT 5.1; rv:11.0) Gecko Firefox/11.0 (via ggpht.com GoogleImageProxy)" -
172.21.0.3 - - [20/Mar/2022:11:10:05 +0000] "POST /api/v4/jobs/request HTTP/1.1" 204 0 "" "gitlab-runner 14.8.2 (14-8-stable; go1.17.7; linux/amd64)" -
118.68.184.85 - - [20/Mar/2022:11:10:06 +0000] "GET /users/confirmation?confirmation_token=2kpByrsW2i2mqAg1LUsw HTTP/2.0" 302 93 "" "Mozilla/5.0 (Windows NT 10.0; Win64; x64) AppleWebKit/537.36 (KHTML, like Gecko) Chrome/99.0.4844.74 Safari/537.36" -
118.68.184.85 - - [20/Mar/2022:11:10:07 +0000] "GET / HTTP/2.0" 200 20644 "" "Mozilla/5.0 (Windows NT 10.0; Win64; x64) AppleWebKit/537.36 (KHTML, like Gecko) Chrome/99.0.4844.74 Safari/537.36" 4.30
172.21.0.3 - - [20/Mar/2022:11:10:08 +0000] "POST /api/v4/jobs/request HTTP/1.1" 204 0 "" "gitlab-runner 14.8.2 (14-8-stable; go1.17.7; linux/amd64)" -
172.21.0.3 - - [20/Mar/2022:11:10:11 +0000] "POST /api/v4/jobs/request HTTP/1.1" 204 0 "" "gitlab-runner 14.8.2 (14-8-stable; go1.17.7; linux/amd64)" -
172.21.0.3 - - [20/Mar/2022:11:10:14 +0000] "POST /api/v4/jobs/request HTTP/1.1" 204 0 "" "gitlab-runner 14.8.2 (14-8-stable; go1.17.7; linux/amd64)" -
172.21.0.3 - - [20/Mar/2022:11:10:17 +0000] "POST /api/v4/jobs/request HTTP/1.1" 204 0 "" "gitlab-runner 14.8.2 (14-8-stable; go1.17.7; linux/amd64)" -
172.21.0.3 - - [20/Mar/2022:11:10:20 +0000] "POST /api/v4/jobs/request HTTP/1.1" 204 0 "" "gitlab-runner 14.8.2 (14-8-stable; go1.17.7; linux/amd64)" -
172.21.0.3 - - [20/Mar/2022:11:10:23 +0000] "POST /api/v4/jobs/request HTTP/1.1" 204 0 "" "gitlab-runner 14.8.2 (14-8-stable; go1.17.7; linux/amd64)" -
127.0.0.1 - - [20/Mar/2022:11:10:26 +0000] "GET /help HTTP/1.1" 200 76582 "" "curl/7.79.1-DEV" -
172.21.0.3 - - [20/Mar/2022:11:10:26 +0000] "POST /api/v4/jobs/request HTTP/1.1" 204 0 "" "gitlab-runner 14.8.2 (14-8-stable; go1.17.7; linux/amd64)" -
172.21.0.3 - - [20/Mar/2022:11:10:29 +0000] "POST /api/v4/jobs/request HTTP/1.1" 204 0 "" "gitlab-runner 14.8.2 (14-8-stable; go1.17.7; linux/amd64)" -
172.21.0.3 - - [20/Mar/2022:11:10:32 +0000] "POST /api/v4/jobs/request HTTP/1.1" 204 0 "" "gitlab-runner 14.8.2 (14-8-stable; go1.17.7; linux/amd64)" -
172.21.0.3 - - [20/Mar/2022:11:10:35 +0000] "POST /api/v4/jobs/request HTTP/1.1" 204 0 "" "gitlab-runner 14.8.2 (14-8-stable; go1.17.7; linux/amd64)" -
118.68.184.85 - - [20/Mar/2022:11:10:36 +0000] "GET /users/confirmation?confirmation_token=2kpByrsW2i2mqAg1LUsw HTTP/2.0" 200 9049 "" "Mozilla/5.0 (Windows NT 10.0; Win64; x64) AppleWebKit/537.36 (KHTML, like Gecko) Chrome/99.0.4844.74 Safari/537.36" 3.12
172.21.0.3 - - [20/Mar/2022:11:10:38 +0000] "POST /api/v4/jobs/request HTTP/1.1" 204 0 "" "gitlab-runner 14.8.2 (14-8-stable; go1.17.7; linux/amd64)" -
172.21.0.3 - - [20/Mar/2022:11:10:41 +0000] "POST /api/v4/jobs/request HTTP/1.1" 204 0 "" "gitlab-runner 14.8.2 (14-8-stable; go1.17.7; linux/amd64)" -
172.21.0.3 - - [20/Mar/2022:11:10:44 +0000] "POST /api/v4/jobs/request HTTP/1.1" 204 0 "" "gitlab-runner 14.8.2 (14-8-stable; go1.17.7; linux/amd64)" -
118.68.184.85 - - [20/Mar/2022:11:10:45 +0000] "GET /-/profile HTTP/2.0" 200 26316 "https://learning-devops.tk/" "Mozilla/5.0 (Windows NT 10.0; Win64; x64) AppleWebKit/537.36 (KHTML, like Gecko) Chrome/99.0.4844.74 Safari/537.36" 4.51
172.21.0.3 - - [20/Mar/2022:11:10:47 +0000] "POST /api/v4/jobs/request HTTP/1.1" 204 0 "" "gitlab-runner 14.8.2 (14-8-stable; go1.17.7; linux/amd64)" -
172.21.0.3 - - [20/Mar/2022:11:10:50 +0000] "POST /api/v4/jobs/request HTTP/1.1" 204 0 "" "gitlab-runner 14.8.2 (14-8-stable; go1.17.7; linux/amd64)" -
172.21.0.3 - - [20/Mar/2022:11:10:53 +0000] "POST /api/v4/jobs/request HTTP/1.1" 204 0 "" "gitlab-runner 14.8.2 (14-8-stable; go1.17.7; linux/amd64)" -
172.21.0.3 - - [20/Mar/2022:11:10:56 +0000] "POST /api/v4/jobs/request HTTP/1.1" 204 0 "" "gitlab-runner 14.8.2 (14-8-stable; go1.17.7; linux/amd64)" -
172.21.0.3 - - [20/Mar/2022:11:10:59 +0000] "POST /api/v4/jobs/request HTTP/1.1" 204 0 "" "gitlab-runner 14.8.2 (14-8-stable; go1.17.7; linux/amd64)" -
118.68.184.85 - - [20/Mar/2022:11:11:01 +0000] "POST /-/profile HTTP/2.0" 200 46 "https://learning-devops.tk/-/profile" "Mozilla/5.0 (Windows NT 10.0; Win64; x64) AppleWebKit/537.36 (KHTML, like Gecko) Chrome/99.0.4844.74 Safari/537.36" -
118.68.184.85 - - [20/Mar/2022:11:11:01 +0000] "POST /-/profile HTTP/2.0" 302 102 "https://learning-devops.tk/-/profile" "Mozilla/5.0 (Windows NT 10.0; Win64; x64) AppleWebKit/537.36 (KHTML, like Gecko) Chrome/99.0.4844.74 Safari/537.36" -
118.68.184.85 - - [20/Mar/2022:11:11:02 +0000] "GET /-/profile HTTP/2.0" 200 25320 "https://learning-devops.tk/-/profile" "Mozilla/5.0 (Windows NT 10.0; Win64; x64) AppleWebKit/537.36 (KHTML, like Gecko) Chrome/99.0.4844.74 Safari/537.36" 4.62
172.21.0.3 - - [20/Mar/2022:11:11:02 +0000] "POST /api/v4/jobs/request HTTP/1.1" 204 0 "" "gitlab-runner 14.8.2 (14-8-stable; go1.17.7; linux/amd64)" -
172.21.0.3 - - [20/Mar/2022:11:11:05 +0000] "POST /api/v4/jobs/request HTTP/1.1" 204 0 "" "gitlab-runner 14.8.2 (14-8-stable; go1.17.7; linux/amd64)" -
172.21.0.3 - - [20/Mar/2022:11:11:08 +0000] "POST /api/v4/jobs/request HTTP/1.1" 204 0 "" "gitlab-runner 14.8.2 (14-8-stable; go1.17.7; linux/amd64)" -
172.21.0.3 - - [20/Mar/2022:11:11:11 +0000] "POST /api/v4/jobs/request HTTP/1.1" 204 0 "" "gitlab-runner 14.8.2 (14-8-stable; go1.17.7; linux/amd64)" -
172.21.0.3 - - [20/Mar/2022:11:11:14 +0000] "POST /api/v4/jobs/request HTTP/1.1" 204 0 "" "gitlab-runner 14.8.2 (14-8-stable; go1.17.7; linux/amd64)" -
172.21.0.3 - - [20/Mar/2022:11:11:17 +0000] "POST /api/v4/jobs/request HTTP/1.1" 204 0 "" "gitlab-runner 14.8.2 (14-8-stable; go1.17.7; linux/amd64)" -
172.21.0.3 - - [20/Mar/2022:11:11:20 +0000] "POST /api/v4/jobs/request HTTP/1.1" 204 0 "" "gitlab-runner 14.8.2 (14-8-stable; go1.17.7; linux/amd64)" -
172.21.0.3 - - [20/Mar/2022:11:11:23 +0000] "POST /api/v4/jobs/request HTTP/1.1" 204 0 "" "gitlab-runner 14.8.2 (14-8-stable; go1.17.7; linux/amd64)" -
127.0.0.1 - - [20/Mar/2022:11:11:26 +0000] "GET /help HTTP/1.1" 200 76588 "" "curl/7.79.1-DEV" -
172.21.0.3 - - [20/Mar/2022:11:11:26 +0000] "POST /api/v4/jobs/request HTTP/1.1" 204 0 "" "gitlab-runner 14.8.2 (14-8-stable; go1.17.7; linux/amd64)" -
172.21.0.3 - - [20/Mar/2022:11:11:29 +0000] "POST /api/v4/jobs/request HTTP/1.1" 204 0 "" "gitlab-runner 14.8.2 (14-8-stable; go1.17.7; linux/amd64)" -
172.21.0.3 - - [20/Mar/2022:11:11:32 +0000] "POST /api/v4/jobs/request HTTP/1.1" 204 0 "" "gitlab-runner 14.8.2 (14-8-stable; go1.17.7; linux/amd64)" -
172.21.0.3 - - [20/Mar/2022:11:11:35 +0000] "POST /api/v4/jobs/request HTTP/1.1" 204 0 "" "gitlab-runner 14.8.2 (14-8-stable; go1.17.7; linux/amd64)" -
172.21.0.3 - - [20/Mar/2022:11:11:38 +0000] "POST /api/v4/jobs/request HTTP/1.1" 204 0 "" "gitlab-runner 14.8.2 (14-8-stable; go1.17.7; linux/amd64)" -
172.21.0.3 - - [20/Mar/2022:11:11:41 +0000] "POST /api/v4/jobs/request HTTP/1.1" 204 0 "" "gitlab-runner 14.8.2 (14-8-stable; go1.17.7; linux/amd64)" -
172.21.0.3 - - [20/Mar/2022:11:11:44 +0000] "POST /api/v4/jobs/request HTTP/1.1" 204 0 "" "gitlab-runner 14.8.2 (14-8-stable; go1.17.7; linux/amd64)" -
172.21.0.3 - - [20/Mar/2022:11:11:47 +0000] "POST /api/v4/jobs/request HTTP/1.1" 204 0 "" "gitlab-runner 14.8.2 (14-8-stable; go1.17.7; linux/amd64)" -
172.21.0.3 - - [20/Mar/2022:11:11:50 +0000] "POST /api/v4/jobs/request HTTP/1.1" 204 0 "" "gitlab-runner 14.8.2 (14-8-stable; go1.17.7; linux/amd64)" -
172.21.0.3 - - [20/Mar/2022:11:11:53 +0000] "POST /api/v4/jobs/request HTTP/1.1" 204 0 "" "gitlab-runner 14.8.2 (14-8-stable; go1.17.7; linux/amd64)" -
172.21.0.3 - - [20/Mar/2022:11:11:56 +0000] "POST /api/v4/jobs/request HTTP/1.1" 204 0 "" "gitlab-runner 14.8.2 (14-8-stable; go1.17.7; linux/amd64)" -
172.21.0.3 - - [20/Mar/2022:11:11:59 +0000] "POST /api/v4/jobs/request HTTP/1.1" 204 0 "" "gitlab-runner 14.8.2 (14-8-stable; go1.17.7; linux/amd64)" -
172.21.0.3 - - [20/Mar/2022:11:12:02 +0000] "POST /api/v4/jobs/request HTTP/1.1" 204 0 "" "gitlab-runner 14.8.2 (14-8-stable; go1.17.7; linux/amd64)" -
172.21.0.3 - - [20/Mar/2022:11:12:05 +0000] "POST /api/v4/jobs/request HTTP/1.1" 204 0 "" "gitlab-runner 14.8.2 (14-8-stable; go1.17.7; linux/amd64)" -
172.21.0.3 - - [20/Mar/2022:11:12:08 +0000] "POST /api/v4/jobs/request HTTP/1.1" 204 0 "" "gitlab-runner 14.8.2 (14-8-stable; go1.17.7; linux/amd64)" -
172.21.0.3 - - [20/Mar/2022:11:12:11 +0000] "POST /api/v4/jobs/request HTTP/1.1" 204 0 "" "gitlab-runner 14.8.2 (14-8-stable; go1.17.7; linux/amd64)" -
172.21.0.3 - - [20/Mar/2022:11:12:14 +0000] "POST /api/v4/jobs/request HTTP/1.1" 204 0 "" "gitlab-runner 14.8.2 (14-8-stable; go1.17.7; linux/amd64)" -
172.21.0.3 - - [20/Mar/2022:11:12:17 +0000] "POST /api/v4/jobs/request HTTP/1.1" 204 0 "" "gitlab-runner 14.8.2 (14-8-stable; go1.17.7; linux/amd64)" -
172.21.0.3 - - [20/Mar/2022:11:12:20 +0000] "POST /api/v4/jobs/request HTTP/1.1" 204 0 "" "gitlab-runner 14.8.2 (14-8-stable; go1.17.7; linux/amd64)" -
172.21.0.3 - - [20/Mar/2022:11:12:23 +0000] "POST /api/v4/jobs/request HTTP/1.1" 204 0 "" "gitlab-runner 14.8.2 (14-8-stable; go1.17.7; linux/amd64)" -
172.21.0.3 - - [20/Mar/2022:11:12:26 +0000] "POST /api/v4/jobs/request HTTP/1.1" 204 0 "" "gitlab-runner 14.8.2 (14-8-stable; go1.17.7; linux/amd64)" -
127.0.0.1 - - [20/Mar/2022:11:12:26 +0000] "GET /help HTTP/1.1" 200 76588 "" "curl/7.79.1-DEV" -
172.21.0.3 - - [20/Mar/2022:11:12:29 +0000] "POST /api/v4/jobs/request HTTP/1.1" 204 0 "" "gitlab-runner 14.8.2 (14-8-stable; go1.17.7; linux/amd64)" -
172.21.0.3 - - [20/Mar/2022:11:12:32 +0000] "POST /api/v4/jobs/request HTTP/1.1" 204 0 "" "gitlab-runner 14.8.2 (14-8-stable; go1.17.7; linux/amd64)" -
172.21.0.3 - - [20/Mar/2022:11:12:35 +0000] "POST /api/v4/jobs/request HTTP/1.1" 204 0 "" "gitlab-runner 14.8.2 (14-8-stable; go1.17.7; linux/amd64)" -
172.21.0.3 - - [20/Mar/2022:11:12:38 +0000] "POST /api/v4/jobs/request HTTP/1.1" 204 0 "" "gitlab-runner 14.8.2 (14-8-stable; go1.17.7; linux/amd64)" -
172.21.0.3 - - [20/Mar/2022:11:12:41 +0000] "POST /api/v4/jobs/request HTTP/1.1" 204 0 "" "gitlab-runner 14.8.2 (14-8-stable; go1.17.7; linux/amd64)" -
172.21.0.3 - - [20/Mar/2022:11:12:44 +0000] "POST /api/v4/jobs/request HTTP/1.1" 204 0 "" "gitlab-runner 14.8.2 (14-8-stable; go1.17.7; linux/amd64)" -
172.21.0.3 - - [20/Mar/2022:11:12:47 +0000] "POST /api/v4/jobs/request HTTP/1.1" 204 0 "" "gitlab-runner 14.8.2 (14-8-stable; go1.17.7; linux/amd64)" -
172.21.0.3 - - [20/Mar/2022:11:12:50 +0000] "POST /api/v4/jobs/request HTTP/1.1" 204 0 "" "gitlab-runner 14.8.2 (14-8-stable; go1.17.7; linux/amd64)" -
172.21.0.3 - - [20/Mar/2022:11:12:53 +0000] "POST /api/v4/jobs/request HTTP/1.1" 204 0 "" "gitlab-runner 14.8.2 (14-8-stable; go1.17.7; linux/amd64)" -
172.21.0.3 - - [20/Mar/2022:11:12:56 +0000] "POST /api/v4/jobs/request HTTP/1.1" 204 0 "" "gitlab-runner 14.8.2 (14-8-stable; go1.17.7; linux/amd64)" -
172.21.0.3 - - [20/Mar/2022:11:12:59 +0000] "POST /api/v4/jobs/request HTTP/1.1" 204 0 "" "gitlab-runner 14.8.2 (14-8-stable; go1.17.7; linux/amd64)" -
172.21.0.3 - - [20/Mar/2022:11:13:02 +0000] "POST /api/v4/jobs/request HTTP/1.1" 204 0 "" "gitlab-runner 14.8.2 (14-8-stable; go1.17.7; linux/amd64)" -
185.254.196.223 - - [20/Mar/2022:11:13:04 +0000] "GET /.env HTTP/1.1" 301 162 "" "Mozilla/5.0 (X11; Linux x86_64) AppleWebKit/537.36 (KHTML, like Gecko) Chrome/81.0.4044.129 Safari/537.36" -
185.254.196.223 - - [20/Mar/2022:11:13:04 +0000] "POST / HTTP/1.1" 301 162 "" "Mozilla/5.0 (X11; Linux x86_64) AppleWebKit/537.36 (KHTML, like Gecko) Chrome/81.0.4044.129 Safari/537.36" -
172.21.0.3 - - [20/Mar/2022:11:13:05 +0000] "POST /api/v4/jobs/request HTTP/1.1" 204 0 "" "gitlab-runner 14.8.2 (14-8-stable; go1.17.7; linux/amd64)" -
172.21.0.3 - - [20/Mar/2022:11:13:08 +0000] "POST /api/v4/jobs/request HTTP/1.1" 204 0 "" "gitlab-runner 14.8.2 (14-8-stable; go1.17.7; linux/amd64)" -
172.21.0.3 - - [20/Mar/2022:11:13:11 +0000] "POST /api/v4/jobs/request HTTP/1.1" 204 0 "" "gitlab-runner 14.8.2 (14-8-stable; go1.17.7; linux/amd64)" -
172.21.0.3 - - [20/Mar/2022:11:13:14 +0000] "POST /api/v4/jobs/request HTTP/1.1" 204 0 "" "gitlab-runner 14.8.2 (14-8-stable; go1.17.7; linux/amd64)" -
172.21.0.3 - - [20/Mar/2022:11:13:17 +0000] "POST /api/v4/jobs/request HTTP/1.1" 204 0 "" "gitlab-runner 14.8.2 (14-8-stable; go1.17.7; linux/amd64)" -
172.21.0.3 - - [20/Mar/2022:11:13:20 +0000] "POST /api/v4/jobs/request HTTP/1.1" 204 0 "" "gitlab-runner 14.8.2 (14-8-stable; go1.17.7; linux/amd64)" -
172.21.0.3 - - [20/Mar/2022:11:13:23 +0000] "POST /api/v4/jobs/request HTTP/1.1" 204 0 "" "gitlab-runner 14.8.2 (14-8-stable; go1.17.7; linux/amd64)" -
172.21.0.3 - - [20/Mar/2022:11:13:26 +0000] "POST /api/v4/jobs/request HTTP/1.1" 204 0 "" "gitlab-runner 14.8.2 (14-8-stable; go1.17.7; linux/amd64)" -
127.0.0.1 - - [20/Mar/2022:11:13:27 +0000] "GET /help HTTP/1.1" 200 76588 "" "curl/7.79.1-DEV" -
172.21.0.3 - - [20/Mar/2022:11:13:29 +0000] "POST /api/v4/jobs/request HTTP/1.1" 204 0 "" "gitlab-runner 14.8.2 (14-8-stable; go1.17.7; linux/amd64)" -
172.21.0.3 - - [20/Mar/2022:11:13:32 +0000] "POST /api/v4/jobs/request HTTP/1.1" 204 0 "" "gitlab-runner 14.8.2 (14-8-stable; go1.17.7; linux/amd64)" -
172.21.0.3 - - [20/Mar/2022:11:13:35 +0000] "POST /api/v4/jobs/request HTTP/1.1" 204 0 "" "gitlab-runner 14.8.2 (14-8-stable; go1.17.7; linux/amd64)" -
172.21.0.3 - - [20/Mar/2022:11:13:38 +0000] "POST /api/v4/jobs/request HTTP/1.1" 204 0 "" "gitlab-runner 14.8.2 (14-8-stable; go1.17.7; linux/amd64)" -
172.21.0.3 - - [20/Mar/2022:11:13:41 +0000] "POST /api/v4/jobs/request HTTP/1.1" 204 0 "" "gitlab-runner 14.8.2 (14-8-stable; go1.17.7; linux/amd64)" -
172.21.0.3 - - [20/Mar/2022:11:13:44 +0000] "POST /api/v4/jobs/request HTTP/1.1" 204 0 "" "gitlab-runner 14.8.2 (14-8-stable; go1.17.7; linux/amd64)" -
172.21.0.3 - - [20/Mar/2022:11:13:47 +0000] "POST /api/v4/jobs/request HTTP/1.1" 204 0 "" "gitlab-runner 14.8.2 (14-8-stable; go1.17.7; linux/amd64)" -
172.21.0.3 - - [20/Mar/2022:11:13:50 +0000] "POST /api/v4/jobs/request HTTP/1.1" 204 0 "" "gitlab-runner 14.8.2 (14-8-stable; go1.17.7; linux/amd64)" -
172.21.0.3 - - [20/Mar/2022:11:13:53 +0000] "POST /api/v4/jobs/request HTTP/1.1" 204 0 "" "gitlab-runner 14.8.2 (14-8-stable; go1.17.7; linux/amd64)" -
172.21.0.3 - - [20/Mar/2022:11:13:56 +0000] "POST /api/v4/jobs/request HTTP/1.1" 204 0 "" "gitlab-runner 14.8.2 (14-8-stable; go1.17.7; linux/amd64)" -
172.21.0.3 - - [20/Mar/2022:11:13:59 +0000] "POST /api/v4/jobs/request HTTP/1.1" 204 0 "" "gitlab-runner 14.8.2 (14-8-stable; go1.17.7; linux/amd64)" -
172.21.0.3 - - [20/Mar/2022:11:14:02 +0000] "POST /api/v4/jobs/request HTTP/1.1" 204 0 "" "gitlab-runner 14.8.2 (14-8-stable; go1.17.7; linux/amd64)" -
172.21.0.3 - - [20/Mar/2022:11:14:05 +0000] "POST /api/v4/jobs/request HTTP/1.1" 204 0 "" "gitlab-runner 14.8.2 (14-8-stable; go1.17.7; linux/amd64)" -
172.21.0.3 - - [20/Mar/2022:11:14:08 +0000] "POST /api/v4/jobs/request HTTP/1.1" 204 0 "" "gitlab-runner 14.8.2 (14-8-stable; go1.17.7; linux/amd64)" -
172.21.0.3 - - [20/Mar/2022:11:14:11 +0000] "POST /api/v4/jobs/request HTTP/1.1" 204 0 "" "gitlab-runner 14.8.2 (14-8-stable; go1.17.7; linux/amd64)" -
172.21.0.3 - - [20/Mar/2022:11:14:14 +0000] "POST /api/v4/jobs/request HTTP/1.1" 204 0 "" "gitlab-runner 14.8.2 (14-8-stable; go1.17.7; linux/amd64)" -
172.21.0.3 - - [20/Mar/2022:11:14:17 +0000] "POST /api/v4/jobs/request HTTP/1.1" 204 0 "" "gitlab-runner 14.8.2 (14-8-stable; go1.17.7; linux/amd64)" -
172.21.0.3 - - [20/Mar/2022:11:14:20 +0000] "POST /api/v4/jobs/request HTTP/1.1" 204 0 "" "gitlab-runner 14.8.2 (14-8-stable; go1.17.7; linux/amd64)" -
172.21.0.3 - - [20/Mar/2022:11:14:23 +0000] "POST /api/v4/jobs/request HTTP/1.1" 204 0 "" "gitlab-runner 14.8.2 (14-8-stable; go1.17.7; linux/amd64)" -
172.21.0.3 - - [20/Mar/2022:11:14:26 +0000] "POST /api/v4/jobs/request HTTP/1.1" 204 0 "" "gitlab-runner 14.8.2 (14-8-stable; go1.17.7; linux/amd64)" -
127.0.0.1 - - [20/Mar/2022:11:14:27 +0000] "GET /help HTTP/1.1" 200 76582 "" "curl/7.79.1-DEV" -
172.21.0.3 - - [20/Mar/2022:11:14:29 +0000] "POST /api/v4/jobs/request HTTP/1.1" 204 0 "" "gitlab-runner 14.8.2 (14-8-stable; go1.17.7; linux/amd64)" -
172.21.0.3 - - [20/Mar/2022:11:14:32 +0000] "POST /api/v4/jobs/request HTTP/1.1" 204 0 "" "gitlab-runner 14.8.2 (14-8-stable; go1.17.7; linux/amd64)" -
172.21.0.3 - - [20/Mar/2022:11:14:35 +0000] "POST /api/v4/jobs/request HTTP/1.1" 204 0 "" "gitlab-runner 14.8.2 (14-8-stable; go1.17.7; linux/amd64)" -
172.21.0.3 - - [20/Mar/2022:11:14:38 +0000] "POST /api/v4/jobs/request HTTP/1.1" 204 0 "" "gitlab-runner 14.8.2 (14-8-stable; go1.17.7; linux/amd64)" -
172.21.0.3 - - [20/Mar/2022:11:14:41 +0000] "POST /api/v4/jobs/request HTTP/1.1" 204 0 "" "gitlab-runner 14.8.2 (14-8-stable; go1.17.7; linux/amd64)" -
172.21.0.3 - - [20/Mar/2022:11:14:44 +0000] "POST /api/v4/jobs/request HTTP/1.1" 204 0 "" "gitlab-runner 14.8.2 (14-8-stable; go1.17.7; linux/amd64)" -
172.21.0.3 - - [20/Mar/2022:11:14:47 +0000] "POST /api/v4/jobs/request HTTP/1.1" 204 0 "" "gitlab-runner 14.8.2 (14-8-stable; go1.17.7; linux/amd64)" -
172.21.0.3 - - [20/Mar/2022:11:14:50 +0000] "POST /api/v4/jobs/request HTTP/1.1" 204 0 "" "gitlab-runner 14.8.2 (14-8-stable; go1.17.7; linux/amd64)" -
172.21.0.3 - - [20/Mar/2022:11:14:53 +0000] "POST /api/v4/jobs/request HTTP/1.1" 204 0 "" "gitlab-runner 14.8.2 (14-8-stable; go1.17.7; linux/amd64)" -
172.21.0.3 - - [20/Mar/2022:11:14:56 +0000] "POST /api/v4/jobs/request HTTP/1.1" 204 0 "" "gitlab-runner 14.8.2 (14-8-stable; go1.17.7; linux/amd64)" -
172.21.0.3 - - [20/Mar/2022:11:14:59 +0000] "POST /api/v4/jobs/request HTTP/1.1" 204 0 "" "gitlab-runner 14.8.2 (14-8-stable; go1.17.7; linux/amd64)" -
172.21.0.3 - - [20/Mar/2022:11:15:02 +0000] "POST /api/v4/jobs/request HTTP/1.1" 204 0 "" "gitlab-runner 14.8.2 (14-8-stable; go1.17.7; linux/amd64)" -
172.21.0.3 - - [20/Mar/2022:11:15:05 +0000] "POST /api/v4/jobs/request HTTP/1.1" 204 0 "" "gitlab-runner 14.8.2 (14-8-stable; go1.17.7; linux/amd64)" -
172.21.0.3 - - [20/Mar/2022:11:15:08 +0000] "POST /api/v4/jobs/request HTTP/1.1" 204 0 "" "gitlab-runner 14.8.2 (14-8-stable; go1.17.7; linux/amd64)" -
172.21.0.3 - - [20/Mar/2022:11:15:11 +0000] "POST /api/v4/jobs/request HTTP/1.1" 204 0 "" "gitlab-runner 14.8.2 (14-8-stable; go1.17.7; linux/amd64)" -
172.21.0.3 - - [20/Mar/2022:11:15:14 +0000] "POST /api/v4/jobs/request HTTP/1.1" 204 0 "" "gitlab-runner 14.8.2 (14-8-stable; go1.17.7; linux/amd64)" -
172.21.0.3 - - [20/Mar/2022:11:15:17 +0000] "POST /api/v4/jobs/request HTTP/1.1" 204 0 "" "gitlab-runner 14.8.2 (14-8-stable; go1.17.7; linux/amd64)" -
172.21.0.3 - - [20/Mar/2022:11:15:20 +0000] "POST /api/v4/jobs/request HTTP/1.1" 204 0 "" "gitlab-runner 14.8.2 (14-8-stable; go1.17.7; linux/amd64)" -
172.21.0.3 - - [20/Mar/2022:11:15:23 +0000] "POST /api/v4/jobs/request HTTP/1.1" 204 0 "" "gitlab-runner 14.8.2 (14-8-stable; go1.17.7; linux/amd64)" -
172.21.0.3 - - [20/Mar/2022:11:15:26 +0000] "POST /api/v4/jobs/request HTTP/1.1" 204 0 "" "gitlab-runner 14.8.2 (14-8-stable; go1.17.7; linux/amd64)" -
127.0.0.1 - - [20/Mar/2022:11:15:27 +0000] "GET /help HTTP/1.1" 200 76582 "" "curl/7.79.1-DEV" -
172.21.0.3 - - [20/Mar/2022:11:15:29 +0000] "POST /api/v4/jobs/request HTTP/1.1" 204 0 "" "gitlab-runner 14.8.2 (14-8-stable; go1.17.7; linux/amd64)" -
172.21.0.3 - - [20/Mar/2022:11:15:32 +0000] "POST /api/v4/jobs/request HTTP/1.1" 204 0 "" "gitlab-runner 14.8.2 (14-8-stable; go1.17.7; linux/amd64)" -
172.21.0.3 - - [20/Mar/2022:11:15:35 +0000] "POST /api/v4/jobs/request HTTP/1.1" 204 0 "" "gitlab-runner 14.8.2 (14-8-stable; go1.17.7; linux/amd64)" -
118.68.184.85 - - [20/Mar/2022:11:15:38 +0000] "GET /root/learn_ci/-/pipelines.json?scope=all&page=1 HTTP/2.0" 304 0 "https://learning-devops.tk/root/learn_ci/-/pipelines" "Mozilla/5.0 (Windows NT 10.0; Win64; x64) AppleWebKit/537.36 (KHTML, like Gecko) Chrome/99.0.4844.74 Safari/537.36" -
172.21.0.3 - - [20/Mar/2022:11:15:38 +0000] "POST /api/v4/jobs/request HTTP/1.1" 204 0 "" "gitlab-runner 14.8.2 (14-8-stable; go1.17.7; linux/amd64)" -
172.21.0.3 - - [20/Mar/2022:11:15:41 +0000] "POST /api/v4/jobs/request HTTP/1.1" 204 0 "" "gitlab-runner 14.8.2 (14-8-stable; go1.17.7; linux/amd64)" -
172.21.0.3 - - [20/Mar/2022:11:15:44 +0000] "POST /api/v4/jobs/request HTTP/1.1" 204 0 "" "gitlab-runner 14.8.2 (14-8-stable; go1.17.7; linux/amd64)" -
172.21.0.3 - - [20/Mar/2022:11:15:47 +0000] "POST /api/v4/jobs/request HTTP/1.1" 204 0 "" "gitlab-runner 14.8.2 (14-8-stable; go1.17.7; linux/amd64)" -
172.21.0.3 - - [20/Mar/2022:11:15:50 +0000] "POST /api/v4/jobs/request HTTP/1.1" 204 0 "" "gitlab-runner 14.8.2 (14-8-stable; go1.17.7; linux/amd64)" -
172.21.0.3 - - [20/Mar/2022:11:15:53 +0000] "POST /api/v4/jobs/request HTTP/1.1" 204 0 "" "gitlab-runner 14.8.2 (14-8-stable; go1.17.7; linux/amd64)" -
172.21.0.3 - - [20/Mar/2022:11:15:56 +0000] "POST /api/v4/jobs/request HTTP/1.1" 204 0 "" "gitlab-runner 14.8.2 (14-8-stable; go1.17.7; linux/amd64)" -
172.21.0.3 - - [20/Mar/2022:11:15:59 +0000] "POST /api/v4/jobs/request HTTP/1.1" 204 0 "" "gitlab-runner 14.8.2 (14-8-stable; go1.17.7; linux/amd64)" -
172.21.0.3 - - [20/Mar/2022:11:16:02 +0000] "POST /api/v4/jobs/request HTTP/1.1" 204 0 "" "gitlab-runner 14.8.2 (14-8-stable; go1.17.7; linux/amd64)" -
118.68.184.85 - - [20/Mar/2022:11:16:05 +0000] "GET /root/learn_ci/-/pipelines.json?scope=all&page=1 HTTP/2.0" 304 0 "https://learning-devops.tk/root/learn_ci/-/pipelines" "Mozilla/5.0 (Windows NT 10.0; Win64; x64) AppleWebKit/537.36 (KHTML, like Gecko) Chrome/99.0.4844.74 Safari/537.36" -
172.21.0.3 - - [20/Mar/2022:11:16:05 +0000] "POST /api/v4/jobs/request HTTP/1.1" 204 0 "" "gitlab-runner 14.8.2 (14-8-stable; go1.17.7; linux/amd64)" -
118.68.184.85 - - [20/Mar/2022:11:16:08 +0000] "GET /root/learn_ci/-/pipelines.json?scope=all&page=1 HTTP/2.0" 304 0 "https://learning-devops.tk/root/learn_ci/-/pipelines" "Mozilla/5.0 (Windows NT 10.0; Win64; x64) AppleWebKit/537.36 (KHTML, like Gecko) Chrome/99.0.4844.74 Safari/537.36" -
172.21.0.3 - - [20/Mar/2022:11:16:08 +0000] "POST /api/v4/jobs/request HTTP/1.1" 204 0 "" "gitlab-runner 14.8.2 (14-8-stable; go1.17.7; linux/amd64)" -
172.21.0.3 - - [20/Mar/2022:11:16:11 +0000] "POST /api/v4/jobs/request HTTP/1.1" 204 0 "" "gitlab-runner 14.8.2 (14-8-stable; go1.17.7; linux/amd64)" -
172.21.0.3 - - [20/Mar/2022:11:16:14 +0000] "POST /api/v4/jobs/request HTTP/1.1" 204 0 "" "gitlab-runner 14.8.2 (14-8-stable; go1.17.7; linux/amd64)" -
172.21.0.3 - - [20/Mar/2022:11:16:17 +0000] "POST /api/v4/jobs/request HTTP/1.1" 204 0 "" "gitlab-runner 14.8.2 (14-8-stable; go1.17.7; linux/amd64)" -
172.21.0.3 - - [20/Mar/2022:11:16:20 +0000] "POST /api/v4/jobs/request HTTP/1.1" 204 0 "" "gitlab-runner 14.8.2 (14-8-stable; go1.17.7; linux/amd64)" -
172.21.0.3 - - [20/Mar/2022:11:16:23 +0000] "POST /api/v4/jobs/request HTTP/1.1" 204 0 "" "gitlab-runner 14.8.2 (14-8-stable; go1.17.7; linux/amd64)" -
172.21.0.3 - - [20/Mar/2022:11:16:26 +0000] "POST /api/v4/jobs/request HTTP/1.1" 204 0 "" "gitlab-runner 14.8.2 (14-8-stable; go1.17.7; linux/amd64)" -
127.0.0.1 - - [20/Mar/2022:11:16:27 +0000] "GET /help HTTP/1.1" 200 76588 "" "curl/7.79.1-DEV" -
172.21.0.3 - - [20/Mar/2022:11:16:29 +0000] "POST /api/v4/jobs/request HTTP/1.1" 204 0 "" "gitlab-runner 14.8.2 (14-8-stable; go1.17.7; linux/amd64)" -
172.21.0.3 - - [20/Mar/2022:11:16:32 +0000] "POST /api/v4/jobs/request HTTP/1.1" 204 0 "" "gitlab-runner 14.8.2 (14-8-stable; go1.17.7; linux/amd64)" -
172.21.0.3 - - [20/Mar/2022:11:16:35 +0000] "POST /api/v4/jobs/request HTTP/1.1" 204 0 "" "gitlab-runner 14.8.2 (14-8-stable; go1.17.7; linux/amd64)" -
172.21.0.3 - - [20/Mar/2022:11:16:38 +0000] "POST /api/v4/jobs/request HTTP/1.1" 204 0 "" "gitlab-runner 14.8.2 (14-8-stable; go1.17.7; linux/amd64)" -
172.21.0.3 - - [20/Mar/2022:11:16:41 +0000] "POST /api/v4/jobs/request HTTP/1.1" 204 0 "" "gitlab-runner 14.8.2 (14-8-stable; go1.17.7; linux/amd64)" -
172.21.0.3 - - [20/Mar/2022:11:16:44 +0000] "POST /api/v4/jobs/request HTTP/1.1" 204 0 "" "gitlab-runner 14.8.2 (14-8-stable; go1.17.7; linux/amd64)" -
172.21.0.3 - - [20/Mar/2022:11:16:47 +0000] "POST /api/v4/jobs/request HTTP/1.1" 204 0 "" "gitlab-runner 14.8.2 (14-8-stable; go1.17.7; linux/amd64)" -
172.21.0.3 - - [20/Mar/2022:11:16:50 +0000] "POST /api/v4/jobs/request HTTP/1.1" 204 0 "" "gitlab-runner 14.8.2 (14-8-stable; go1.17.7; linux/amd64)" -
172.21.0.3 - - [20/Mar/2022:11:16:53 +0000] "POST /api/v4/jobs/request HTTP/1.1" 204 0 "" "gitlab-runner 14.8.2 (14-8-stable; go1.17.7; linux/amd64)" -
172.21.0.3 - - [20/Mar/2022:11:16:56 +0000] "POST /api/v4/jobs/request HTTP/1.1" 204 0 "" "gitlab-runner 14.8.2 (14-8-stable; go1.17.7; linux/amd64)" -
172.21.0.3 - - [20/Mar/2022:11:16:59 +0000] "POST /api/v4/jobs/request HTTP/1.1" 204 0 "" "gitlab-runner 14.8.2 (14-8-stable; go1.17.7; linux/amd64)" -
172.21.0.3 - - [20/Mar/2022:11:17:02 +0000] "POST /api/v4/jobs/request HTTP/1.1" 204 0 "" "gitlab-runner 14.8.2 (14-8-stable; go1.17.7; linux/amd64)" -
172.21.0.3 - - [20/Mar/2022:11:17:05 +0000] "POST /api/v4/jobs/request HTTP/1.1" 204 0 "" "gitlab-runner 14.8.2 (14-8-stable; go1.17.7; linux/amd64)" -
172.21.0.3 - - [20/Mar/2022:11:17:08 +0000] "POST /api/v4/jobs/request HTTP/1.1" 204 0 "" "gitlab-runner 14.8.2 (14-8-stable; go1.17.7; linux/amd64)" -
172.21.0.3 - - [20/Mar/2022:11:17:11 +0000] "POST /api/v4/jobs/request HTTP/1.1" 204 0 "" "gitlab-runner 14.8.2 (14-8-stable; go1.17.7; linux/amd64)" -
172.21.0.3 - - [20/Mar/2022:11:17:14 +0000] "POST /api/v4/jobs/request HTTP/1.1" 204 0 "" "gitlab-runner 14.8.2 (14-8-stable; go1.17.7; linux/amd64)" -
172.21.0.3 - - [20/Mar/2022:11:17:17 +0000] "POST /api/v4/jobs/request HTTP/1.1" 204 0 "" "gitlab-runner 14.8.2 (14-8-stable; go1.17.7; linux/amd64)" -
172.21.0.3 - - [20/Mar/2022:11:17:20 +0000] "POST /api/v4/jobs/request HTTP/1.1" 204 0 "" "gitlab-runner 14.8.2 (14-8-stable; go1.17.7; linux/amd64)" -
172.21.0.3 - - [20/Mar/2022:11:17:23 +0000] "POST /api/v4/jobs/request HTTP/1.1" 204 0 "" "gitlab-runner 14.8.2 (14-8-stable; go1.17.7; linux/amd64)" -
172.21.0.3 - - [20/Mar/2022:11:17:26 +0000] "POST /api/v4/jobs/request HTTP/1.1" 204 0 "" "gitlab-runner 14.8.2 (14-8-stable; go1.17.7; linux/amd64)" -
127.0.0.1 - - [20/Mar/2022:11:17:28 +0000] "GET /help HTTP/1.1" 200 76588 "" "curl/7.79.1-DEV" -
172.21.0.3 - - [20/Mar/2022:11:17:29 +0000] "POST /api/v4/jobs/request HTTP/1.1" 204 0 "" "gitlab-runner 14.8.2 (14-8-stable; go1.17.7; linux/amd64)" -
172.21.0.3 - - [20/Mar/2022:11:17:32 +0000] "POST /api/v4/jobs/request HTTP/1.1" 204 0 "" "gitlab-runner 14.8.2 (14-8-stable; go1.17.7; linux/amd64)" -
172.21.0.3 - - [20/Mar/2022:11:17:35 +0000] "POST /api/v4/jobs/request HTTP/1.1" 204 0 "" "gitlab-runner 14.8.2 (14-8-stable; go1.17.7; linux/amd64)" -
172.21.0.3 - - [20/Mar/2022:11:17:38 +0000] "POST /api/v4/jobs/request HTTP/1.1" 204 0 "" "gitlab-runner 14.8.2 (14-8-stable; go1.17.7; linux/amd64)" -
172.21.0.3 - - [20/Mar/2022:11:17:41 +0000] "POST /api/v4/jobs/request HTTP/1.1" 204 0 "" "gitlab-runner 14.8.2 (14-8-stable; go1.17.7; linux/amd64)" -
172.21.0.3 - - [20/Mar/2022:11:17:44 +0000] "POST /api/v4/jobs/request HTTP/1.1" 204 0 "" "gitlab-runner 14.8.2 (14-8-stable; go1.17.7; linux/amd64)" -
172.21.0.3 - - [20/Mar/2022:11:17:47 +0000] "POST /api/v4/jobs/request HTTP/1.1" 204 0 "" "gitlab-runner 14.8.2 (14-8-stable; go1.17.7; linux/amd64)" -
172.21.0.3 - - [20/Mar/2022:11:17:50 +0000] "POST /api/v4/jobs/request HTTP/1.1" 204 0 "" "gitlab-runner 14.8.2 (14-8-stable; go1.17.7; linux/amd64)" -
172.21.0.3 - - [20/Mar/2022:11:17:53 +0000] "POST /api/v4/jobs/request HTTP/1.1" 204 0 "" "gitlab-runner 14.8.2 (14-8-stable; go1.17.7; linux/amd64)" -
172.21.0.3 - - [20/Mar/2022:11:17:56 +0000] "POST /api/v4/jobs/request HTTP/1.1" 204 0 "" "gitlab-runner 14.8.2 (14-8-stable; go1.17.7; linux/amd64)" -
172.21.0.3 - - [20/Mar/2022:11:17:59 +0000] "POST /api/v4/jobs/request HTTP/1.1" 204 0 "" "gitlab-runner 14.8.2 (14-8-stable; go1.17.7; linux/amd64)" -
172.21.0.3 - - [20/Mar/2022:11:18:02 +0000] "POST /api/v4/jobs/request HTTP/1.1" 204 0 "" "gitlab-runner 14.8.2 (14-8-stable; go1.17.7; linux/amd64)" -
172.21.0.3 - - [20/Mar/2022:11:18:05 +0000] "POST /api/v4/jobs/request HTTP/1.1" 204 0 "" "gitlab-runner 14.8.2 (14-8-stable; go1.17.7; linux/amd64)" -
172.21.0.3 - - [20/Mar/2022:11:18:08 +0000] "POST /api/v4/jobs/request HTTP/1.1" 204 0 "" "gitlab-runner 14.8.2 (14-8-stable; go1.17.7; linux/amd64)" -
172.21.0.3 - - [20/Mar/2022:11:18:11 +0000] "POST /api/v4/jobs/request HTTP/1.1" 204 0 "" "gitlab-runner 14.8.2 (14-8-stable; go1.17.7; linux/amd64)" -
172.21.0.3 - - [20/Mar/2022:11:18:14 +0000] "POST /api/v4/jobs/request HTTP/1.1" 204 0 "" "gitlab-runner 14.8.2 (14-8-stable; go1.17.7; linux/amd64)" -
172.21.0.3 - - [20/Mar/2022:11:18:17 +0000] "POST /api/v4/jobs/request HTTP/1.1" 204 0 "" "gitlab-runner 14.8.2 (14-8-stable; go1.17.7; linux/amd64)" -
172.21.0.3 - - [20/Mar/2022:11:18:20 +0000] "POST /api/v4/jobs/request HTTP/1.1" 204 0 "" "gitlab-runner 14.8.2 (14-8-stable; go1.17.7; linux/amd64)" -
172.21.0.3 - - [20/Mar/2022:11:18:23 +0000] "POST /api/v4/jobs/request HTTP/1.1" 204 0 "" "gitlab-runner 14.8.2 (14-8-stable; go1.17.7; linux/amd64)" -
172.21.0.3 - - [20/Mar/2022:11:18:26 +0000] "POST /api/v4/jobs/request HTTP/1.1" 204 0 "" "gitlab-runner 14.8.2 (14-8-stable; go1.17.7; linux/amd64)" -
127.0.0.1 - - [20/Mar/2022:11:18:28 +0000] "GET /help HTTP/1.1" 200 76582 "" "curl/7.79.1-DEV" -
172.21.0.3 - - [20/Mar/2022:11:18:29 +0000] "POST /api/v4/jobs/request HTTP/1.1" 204 0 "" "gitlab-runner 14.8.2 (14-8-stable; go1.17.7; linux/amd64)" -
172.21.0.3 - - [20/Mar/2022:11:18:32 +0000] "POST /api/v4/jobs/request HTTP/1.1" 204 0 "" "gitlab-runner 14.8.2 (14-8-stable; go1.17.7; linux/amd64)" -
172.21.0.3 - - [20/Mar/2022:11:18:35 +0000] "POST /api/v4/jobs/request HTTP/1.1" 204 0 "" "gitlab-runner 14.8.2 (14-8-stable; go1.17.7; linux/amd64)" -
172.21.0.3 - - [20/Mar/2022:11:18:38 +0000] "POST /api/v4/jobs/request HTTP/1.1" 204 0 "" "gitlab-runner 14.8.2 (14-8-stable; go1.17.7; linux/amd64)" -
172.21.0.3 - - [20/Mar/2022:11:18:41 +0000] "POST /api/v4/jobs/request HTTP/1.1" 204 0 "" "gitlab-runner 14.8.2 (14-8-stable; go1.17.7; linux/amd64)" -
172.21.0.3 - - [20/Mar/2022:11:18:44 +0000] "POST /api/v4/jobs/request HTTP/1.1" 204 0 "" "gitlab-runner 14.8.2 (14-8-stable; go1.17.7; linux/amd64)" -
172.21.0.3 - - [20/Mar/2022:11:18:47 +0000] "POST /api/v4/jobs/request HTTP/1.1" 204 0 "" "gitlab-runner 14.8.2 (14-8-stable; go1.17.7; linux/amd64)" -
172.21.0.3 - - [20/Mar/2022:11:18:50 +0000] "POST /api/v4/jobs/request HTTP/1.1" 204 0 "" "gitlab-runner 14.8.2 (14-8-stable; go1.17.7; linux/amd64)" -
172.21.0.3 - - [20/Mar/2022:11:18:53 +0000] "POST /api/v4/jobs/request HTTP/1.1" 204 0 "" "gitlab-runner 14.8.2 (14-8-stable; go1.17.7; linux/amd64)" -
172.21.0.3 - - [20/Mar/2022:11:18:56 +0000] "POST /api/v4/jobs/request HTTP/1.1" 204 0 "" "gitlab-runner 14.8.2 (14-8-stable; go1.17.7; linux/amd64)" -
172.21.0.3 - - [20/Mar/2022:11:18:59 +0000] "POST /api/v4/jobs/request HTTP/1.1" 204 0 "" "gitlab-runner 14.8.2 (14-8-stable; go1.17.7; linux/amd64)" -
172.21.0.3 - - [20/Mar/2022:11:19:02 +0000] "POST /api/v4/jobs/request HTTP/1.1" 204 0 "" "gitlab-runner 14.8.2 (14-8-stable; go1.17.7; linux/amd64)" -
172.21.0.3 - - [20/Mar/2022:11:19:05 +0000] "POST /api/v4/jobs/request HTTP/1.1" 204 0 "" "gitlab-runner 14.8.2 (14-8-stable; go1.17.7; linux/amd64)" -
172.21.0.3 - - [20/Mar/2022:11:19:08 +0000] "POST /api/v4/jobs/request HTTP/1.1" 204 0 "" "gitlab-runner 14.8.2 (14-8-stable; go1.17.7; linux/amd64)" -
172.21.0.3 - - [20/Mar/2022:11:19:11 +0000] "POST /api/v4/jobs/request HTTP/1.1" 204 0 "" "gitlab-runner 14.8.2 (14-8-stable; go1.17.7; linux/amd64)" -
172.21.0.3 - - [20/Mar/2022:11:19:14 +0000] "POST /api/v4/jobs/request HTTP/1.1" 204 0 "" "gitlab-runner 14.8.2 (14-8-stable; go1.17.7; linux/amd64)" -
172.21.0.3 - - [20/Mar/2022:11:19:17 +0000] "POST /api/v4/jobs/request HTTP/1.1" 204 0 "" "gitlab-runner 14.8.2 (14-8-stable; go1.17.7; linux/amd64)" -
172.21.0.3 - - [20/Mar/2022:11:19:20 +0000] "POST /api/v4/jobs/request HTTP/1.1" 204 0 "" "gitlab-runner 14.8.2 (14-8-stable; go1.17.7; linux/amd64)" -
172.21.0.3 - - [20/Mar/2022:11:19:23 +0000] "POST /api/v4/jobs/request HTTP/1.1" 204 0 "" "gitlab-runner 14.8.2 (14-8-stable; go1.17.7; linux/amd64)" -
172.21.0.3 - - [20/Mar/2022:11:19:26 +0000] "POST /api/v4/jobs/request HTTP/1.1" 204 0 "" "gitlab-runner 14.8.2 (14-8-stable; go1.17.7; linux/amd64)" -
127.0.0.1 - - [20/Mar/2022:11:19:28 +0000] "GET /help HTTP/1.1" 200 76582 "" "curl/7.79.1-DEV" -
172.21.0.3 - - [20/Mar/2022:11:19:29 +0000] "POST /api/v4/jobs/request HTTP/1.1" 204 0 "" "gitlab-runner 14.8.2 (14-8-stable; go1.17.7; linux/amd64)" -
172.21.0.3 - - [20/Mar/2022:11:19:32 +0000] "POST /api/v4/jobs/request HTTP/1.1" 204 0 "" "gitlab-runner 14.8.2 (14-8-stable; go1.17.7; linux/amd64)" -
172.21.0.3 - - [20/Mar/2022:11:19:35 +0000] "POST /api/v4/jobs/request HTTP/1.1" 204 0 "" "gitlab-runner 14.8.2 (14-8-stable; go1.17.7; linux/amd64)" -
172.21.0.3 - - [20/Mar/2022:11:19:38 +0000] "POST /api/v4/jobs/request HTTP/1.1" 204 0 "" "gitlab-runner 14.8.2 (14-8-stable; go1.17.7; linux/amd64)" -
