34.71.50.179 - gitlab-ci-token [20/Mar/2022:11:01:52 +0000] "GET /root/learn_ci.git/info/refs?service=git-upload-pack HTTP/2.0" 200 165 "" "gitlab-runner 14.8.2 linux/amd64" -
34.71.50.179 - gitlab-ci-token [20/Mar/2022:11:01:52 +0000] "POST /root/learn_ci.git/git-upload-pack HTTP/2.0" 200 65 "" "gitlab-runner 14.8.2 linux/amd64" -
172.21.0.3 - - [20/Mar/2022:11:01:52 +0000] "PATCH /api/v4/jobs/9/trace HTTP/1.1" 202 2 "" "gitlab-runner 14.8.2 (14-8-stable; go1.17.7; linux/amd64)" -
34.71.50.179 - gitlab-ci-token [20/Mar/2022:11:01:52 +0000] "POST /root/learn_ci.git/git-upload-pack HTTP/2.0" 200 261 "" "gitlab-runner 14.8.2 linux/amd64" -
118.69.128.53 - - [20/Mar/2022:11:01:53 +0000] "GET /root/learn_ci/-/jobs/8.json HTTP/2.0" 200 1754 "https://learning-devops.tk/root/learn_ci/-/jobs/8" "Mozilla/5.0 (Windows NT 10.0; Win64; x64) AppleWebKit/537.36 (KHTML, like Gecko) Chrome/99.0.4844.74 Safari/537.36" 3.64
34.71.50.179 - - [20/Mar/2022:11:01:54 +0000] "GET /api/v4/jobs/8/artifacts?direct_download=true HTTP/1.1" 200 185149 "" "Go-http-client/1.1" -
118.69.128.53 - - [20/Mar/2022:11:01:55 +0000] "GET /root/learn_ci/-/jobs HTTP/2.0" 200 25704 "https://learning-devops.tk/root/learn_ci/-/jobs/8" "Mozilla/5.0 (Windows NT 10.0; Win64; x64) AppleWebKit/537.36 (KHTML, like Gecko) Chrome/99.0.4844.74 Safari/537.36" 5.18
118.69.128.53 - - [20/Mar/2022:11:01:58 +0000] "GET /root/learn_ci/-/pipelines HTTP/2.0" 200 26621 "https://learning-devops.tk/root/learn_ci/-/jobs" "Mozilla/5.0 (Windows NT 10.0; Win64; x64) AppleWebKit/537.36 (KHTML, like Gecko) Chrome/99.0.4844.74 Safari/537.36" 4.40
118.69.128.53 - - [20/Mar/2022:11:01:58 +0000] "GET /root/learn_ci/-/pipelines.json HTTP/2.0" 200 2090 "https://learning-devops.tk/root/learn_ci/-/pipelines" "Mozilla/5.0 (Windows NT 10.0; Win64; x64) AppleWebKit/537.36 (KHTML, like Gecko) Chrome/99.0.4844.74 Safari/537.36" 4.86
118.69.128.53 - - [20/Mar/2022:11:01:58 +0000] "GET /root/learn_ci/-/pipelines.json?scope=all&page=1 HTTP/2.0" 200 2090 "https://learning-devops.tk/root/learn_ci/-/pipelines" "Mozilla/5.0 (Windows NT 10.0; Win64; x64) AppleWebKit/537.36 (KHTML, like Gecko) Chrome/99.0.4844.74 Safari/537.36" 4.86
118.69.128.53 - - [20/Mar/2022:11:02:03 +0000] "GET /root/learn_ci/-/pipelines/2 HTTP/2.0" 200 26393 "https://learning-devops.tk/root/learn_ci/-/pipelines" "Mozilla/5.0 (Windows NT 10.0; Win64; x64) AppleWebKit/537.36 (KHTML, like Gecko) Chrome/99.0.4844.74 Safari/537.36" 4.47
118.69.128.53 - - [20/Mar/2022:11:02:04 +0000] "POST /api/graphql HTTP/2.0" 200 894 "https://learning-devops.tk/root/learn_ci/-/pipelines/2" "Mozilla/5.0 (Windows NT 10.0; Win64; x64) AppleWebKit/537.36 (KHTML, like Gecko) Chrome/99.0.4844.74 Safari/537.36" 5.55
118.69.128.53 - - [20/Mar/2022:11:02:04 +0000] "POST /api/graphql HTTP/2.0" 200 138 "https://learning-devops.tk/root/learn_ci/-/pipelines/2" "Mozilla/5.0 (Windows NT 10.0; Win64; x64) AppleWebKit/537.36 (KHTML, like Gecko) Chrome/99.0.4844.74 Safari/537.36" -
118.69.128.53 - - [20/Mar/2022:11:02:04 +0000] "POST /api/graphql HTTP/2.0" 200 351 "https://learning-devops.tk/root/learn_ci/-/pipelines/2" "Mozilla/5.0 (Windows NT 10.0; Win64; x64) AppleWebKit/537.36 (KHTML, like Gecko) Chrome/99.0.4844.74 Safari/537.36" 5.45
118.69.128.53 - - [20/Mar/2022:11:02:05 +0000] "POST /api/graphql HTTP/2.0" 200 168 "https://learning-devops.tk/root/learn_ci/-/pipelines/2" "Mozilla/5.0 (Windows NT 10.0; Win64; x64) AppleWebKit/537.36 (KHTML, like Gecko) Chrome/99.0.4844.74 Safari/537.36" -
118.69.128.53 - - [20/Mar/2022:11:02:05 +0000] "GET /root/learn_ci/-/pipelines/2/tests/summary.json HTTP/2.0" 304 0 "https://learning-devops.tk/root/learn_ci/-/pipelines/2" "Mozilla/5.0 (Windows NT 10.0; Win64; x64) AppleWebKit/537.36 (KHTML, like Gecko) Chrome/99.0.4844.74 Safari/537.36" -
118.69.128.53 - - [20/Mar/2022:11:02:05 +0000] "GET /root/learn_ci/-/pipelines/2/status.json HTTP/2.0" 304 0 "https://learning-devops.tk/root/learn_ci/-/pipelines/2" "Mozilla/5.0 (Windows NT 10.0; Win64; x64) AppleWebKit/537.36 (KHTML, like Gecko) Chrome/99.0.4844.74 Safari/537.36" -
118.69.128.53 - - [20/Mar/2022:11:02:05 +0000] "GET /api/graphql?query=query%20getPipelineHeaderData(%24fullPath%3A%20ID!%2C%20%24iid%3A%20ID!)%20%7B%20project(fullPath%3A%20%24fullPath)%20%7B%20id%20pipeline(iid%3A%20%24iid)%20%7B%20id%20iid%20status%20retryable%20cancelable%20userPermissions%20%7B%20destroyPipeline%20updatePipeline%20__typename%20%7D%20detailedStatus%20%7B%20id%20detailsPath%20icon%20group%20text%20__typename%20%7D%20createdAt%20user%20%7B%20id%20name%20username%20webPath%20webUrl%20email%20avatarUrl%20status%20%7B%20message%20emoji%20__typename%20%7D%20__typename%20%7D%20__typename%20%7D%20__typename%20%7D%20%7D&operationName=getPipelineHeaderData&variables=%7B%22fullPath%22%3A%22root%2Flearn_ci%22%2C%22iid%22%3A%222%22%7D HTTP/2.0" 304 0 "https://learning-devops.tk/root/learn_ci/-/pipelines/2" "Mozilla/5.0 (Windows NT 10.0; Win64; x64) AppleWebKit/537.36 (KHTML, like Gecko) Chrome/99.0.4844.74 Safari/537.36" -
118.69.128.53 - - [20/Mar/2022:11:02:05 +0000] "GET /api/graphql?query=fragment%20CiNeeds%20on%20JobNeedUnion%20%7B%20...CiBuildNeedFields%20...CiJobNeedFields%20__typename%20%7D%20fragment%20CiBuildNeedFields%20on%20CiBuildNeed%20%7B%20id%20name%20__typename%20%7D%20fragment%20CiJobNeedFields%20on%20CiJob%20%7B%20id%20name%20__typename%20%7D%20fragment%20LinkedPipelineData%20on%20Pipeline%20%7B%20__typename%20id%20iid%20path%20status%3A%20detailedStatus%20%7B%20__typename%20id%20group%20label%20icon%20%7D%20sourceJob%20%7B%20__typename%20id%20name%20%7D%20project%20%7B%20__typename%20id%20name%20fullPath%20%7D%20%7D%20query%20getPipelineDetails(%24projectPath%3A%20ID!%2C%20%24iid%3A%20ID!)%20%7B%20project(fullPath%3A%20%24projectPath)%20%7B%20__typename%20id%20pipeline(iid%3A%20%24iid)%20%7B%20__typename%20id%20iid%20complete%20usesNeeds%20userPermissions%20%7B%20updatePipeline%20__typename%20%7D%20downstream%20%7B%20__typename%20nodes%20%7B%20...LinkedPipelineData%20__typename%20%7D%20%7D%20upstream%20%7B%20...LinkedPipelineData%20__typename%20%7D%20stages%20%7B%20__typename%20nodes%20%7B%20__typename%20id%20name%20status%3A%20detailedStatus%20%7B%20__typename%20id%20action%20%7B%20__typename%20id%20icon%20path%20title%20%7D%20%7D%20groups%20%7B%20__typename%20nodes%20%7B%20__typename%20id%20status%3A%20detailedStatus%20%7B%20__typename%20id%20label%20group%20icon%20%7D%20name%20size%20jobs%20%7B%20__typename%20nodes%20%7B%20__typename%20id%20name%20scheduledAt%20needs%20%7B%20__typename%20nodes%20%7B%20__typename%20id%20name%20%7D%20%7D%20previousStageJobsOrNeeds%20%7B%20__typename%20nodes%20%7B%20...CiNeeds%20__typename%20%7D%20%7D%20status%3A%20detailedStatus%20%7B%20__typename%20id%20icon%20tooltip%20hasDetails%20detailsPath%20group%20label%20action%20%7B%20__typename%20id%20buttonTitle%20icon%20path%20title%20%7D%20%7D%20%7D%20%7D%20%7D%20%7D%20%7D%20%7D%20%7D%20%7D%20%7D&operationName=getPipelineDetails&variables=%7B%22projectPath%22%3A%22root%2Flearn_ci%22%2C%22iid%22%3A%222%22%7D HTTP/2.0" 200 899 "https://learning-devops.tk/root/learn_ci/-/pipelines/2" "Mozilla/5.0 (Windows NT 10.0; Win64; x64) AppleWebKit/537.36 (KHTML, like Gecko) Chrome/99.0.4844.74 Safari/537.36" 5.63
118.69.128.53 - - [20/Mar/2022:11:02:05 +0000] "POST /api/graphql HTTP/2.0" 200 1096 "https://learning-devops.tk/root/learn_ci/-/pipelines/2" "Mozilla/5.0 (Windows NT 10.0; Win64; x64) AppleWebKit/537.36 (KHTML, like Gecko) Chrome/99.0.4844.74 Safari/537.36" 4.76
172.21.0.3 - - [20/Mar/2022:11:02:09 +0000] "PATCH /api/v4/jobs/9/trace HTTP/1.1" 202 2 "" "gitlab-runner 14.8.2 (14-8-stable; go1.17.7; linux/amd64)" -
172.21.0.3 - - [20/Mar/2022:11:02:09 +0000] "PUT /api/v4/jobs/9 HTTP/1.1" 200 3 "" "gitlab-runner 14.8.2 (14-8-stable; go1.17.7; linux/amd64)" -
172.21.0.3 - - [20/Mar/2022:11:02:09 +0000] "POST /api/v4/jobs/request HTTP/1.1" 204 0 "" "gitlab-runner 14.8.2 (14-8-stable; go1.17.7; linux/amd64)" -
172.21.0.3 - - [20/Mar/2022:11:02:12 +0000] "POST /api/v4/jobs/request HTTP/1.1" 201 12955 "" "gitlab-runner 14.8.2 (14-8-stable; go1.17.7; linux/amd64)" -
118.69.128.53 - - [20/Mar/2022:11:02:15 +0000] "GET /api/graphql?query=query%20getPipelineHeaderData(%24fullPath%3A%20ID!%2C%20%24iid%3A%20ID!)%20%7B%20project(fullPath%3A%20%24fullPath)%20%7B%20id%20pipeline(iid%3A%20%24iid)%20%7B%20id%20iid%20status%20retryable%20cancelable%20userPermissions%20%7B%20destroyPipeline%20updatePipeline%20__typename%20%7D%20detailedStatus%20%7B%20id%20detailsPath%20icon%20group%20text%20__typename%20%7D%20createdAt%20user%20%7B%20id%20name%20username%20webPath%20webUrl%20email%20avatarUrl%20status%20%7B%20message%20emoji%20__typename%20%7D%20__typename%20%7D%20__typename%20%7D%20__typename%20%7D%20%7D&operationName=getPipelineHeaderData&variables=%7B%22fullPath%22%3A%22root%2Flearn_ci%22%2C%22iid%22%3A%222%22%7D HTTP/2.0" 304 0 "https://learning-devops.tk/root/learn_ci/-/pipelines/2" "Mozilla/5.0 (Windows NT 10.0; Win64; x64) AppleWebKit/537.36 (KHTML, like Gecko) Chrome/99.0.4844.74 Safari/537.36" -
172.21.0.3 - - [20/Mar/2022:11:02:15 +0000] "PATCH /api/v4/jobs/10/trace HTTP/1.1" 202 2 "" "gitlab-runner 14.8.2 (14-8-stable; go1.17.7; linux/amd64)" -
127.0.0.1 - - [20/Mar/2022:11:02:24 +0000] "GET /help HTTP/1.1" 200 76582 "" "curl/7.79.1-DEV" -
34.71.50.179 - - [20/Mar/2022:11:02:25 +0000] "GET /root/learn_ci.git/info/refs?service=git-upload-pack HTTP/2.0" 401 26 "" "gitlab-runner 14.8.2 linux/amd64" -
34.71.50.179 - gitlab-ci-token [20/Mar/2022:11:02:25 +0000] "GET /root/learn_ci.git/info/refs?service=git-upload-pack HTTP/2.0" 200 165 "" "gitlab-runner 14.8.2 linux/amd64" -
34.71.50.179 - gitlab-ci-token [20/Mar/2022:11:02:25 +0000] "POST /root/learn_ci.git/git-upload-pack HTTP/2.0" 200 65 "" "gitlab-runner 14.8.2 linux/amd64" -
34.71.50.179 - gitlab-ci-token [20/Mar/2022:11:02:25 +0000] "POST /root/learn_ci.git/git-upload-pack HTTP/2.0" 200 261 "" "gitlab-runner 14.8.2 linux/amd64" -
34.71.50.179 - - [20/Mar/2022:11:02:26 +0000] "GET /api/v4/jobs/8/artifacts?direct_download=true HTTP/1.1" 200 185149 "" "Go-http-client/1.1" -
118.69.128.53 - - [20/Mar/2022:11:02:26 +0000] "GET /api/graphql?query=query%20getPipelineHeaderData(%24fullPath%3A%20ID!%2C%20%24iid%3A%20ID!)%20%7B%20project(fullPath%3A%20%24fullPath)%20%7B%20id%20pipeline(iid%3A%20%24iid)%20%7B%20id%20iid%20status%20retryable%20cancelable%20userPermissions%20%7B%20destroyPipeline%20updatePipeline%20__typename%20%7D%20detailedStatus%20%7B%20id%20detailsPath%20icon%20group%20text%20__typename%20%7D%20createdAt%20user%20%7B%20id%20name%20username%20webPath%20webUrl%20email%20avatarUrl%20status%20%7B%20message%20emoji%20__typename%20%7D%20__typename%20%7D%20__typename%20%7D%20__typename%20%7D%20%7D&operationName=getPipelineHeaderData&variables=%7B%22fullPath%22%3A%22root%2Flearn_ci%22%2C%22iid%22%3A%222%22%7D HTTP/2.0" 304 0 "https://learning-devops.tk/root/learn_ci/-/pipelines/2" "Mozilla/5.0 (Windows NT 10.0; Win64; x64) AppleWebKit/537.36 (KHTML, like Gecko) Chrome/99.0.4844.74 Safari/537.36" -
172.21.0.3 - - [20/Mar/2022:11:02:33 +0000] "PATCH /api/v4/jobs/10/trace HTTP/1.1" 202 2 "" "gitlab-runner 14.8.2 (14-8-stable; go1.17.7; linux/amd64)" -
172.21.0.3 - - [20/Mar/2022:11:02:33 +0000] "PUT /api/v4/jobs/10 HTTP/1.1" 200 3 "" "gitlab-runner 14.8.2 (14-8-stable; go1.17.7; linux/amd64)" -
172.21.0.3 - - [20/Mar/2022:11:02:33 +0000] "POST /api/v4/jobs/request HTTP/1.1" 204 0 "" "gitlab-runner 14.8.2 (14-8-stable; go1.17.7; linux/amd64)" -
172.21.0.3 - - [20/Mar/2022:11:02:36 +0000] "POST /api/v4/jobs/request HTTP/1.1" 204 0 "" "gitlab-runner 14.8.2 (14-8-stable; go1.17.7; linux/amd64)" -
118.69.128.53 - - [20/Mar/2022:11:02:37 +0000] "GET /api/graphql?query=query%20getPipelineHeaderData(%24fullPath%3A%20ID!%2C%20%24iid%3A%20ID!)%20%7B%20project(fullPath%3A%20%24fullPath)%20%7B%20id%20pipeline(iid%3A%20%24iid)%20%7B%20id%20iid%20status%20retryable%20cancelable%20userPermissions%20%7B%20destroyPipeline%20updatePipeline%20__typename%20%7D%20detailedStatus%20%7B%20id%20detailsPath%20icon%20group%20text%20__typename%20%7D%20createdAt%20user%20%7B%20id%20name%20username%20webPath%20webUrl%20email%20avatarUrl%20status%20%7B%20message%20emoji%20__typename%20%7D%20__typename%20%7D%20__typename%20%7D%20__typename%20%7D%20%7D&operationName=getPipelineHeaderData&variables=%7B%22fullPath%22%3A%22root%2Flearn_ci%22%2C%22iid%22%3A%222%22%7D HTTP/2.0" 200 438 "https://learning-devops.tk/root/learn_ci/-/pipelines/2" "Mozilla/5.0 (Windows NT 10.0; Win64; x64) AppleWebKit/537.36 (KHTML, like Gecko) Chrome/99.0.4844.74 Safari/537.36" 1.85
172.21.0.3 - - [20/Mar/2022:11:02:39 +0000] "POST /api/v4/jobs/request HTTP/1.1" 204 0 "" "gitlab-runner 14.8.2 (14-8-stable; go1.17.7; linux/amd64)" -
172.21.0.3 - - [20/Mar/2022:11:02:42 +0000] "POST /api/v4/jobs/request HTTP/1.1" 204 0 "" "gitlab-runner 14.8.2 (14-8-stable; go1.17.7; linux/amd64)" -
172.21.0.3 - - [20/Mar/2022:11:02:45 +0000] "POST /api/v4/jobs/request HTTP/1.1" 204 0 "" "gitlab-runner 14.8.2 (14-8-stable; go1.17.7; linux/amd64)" -
172.21.0.3 - - [20/Mar/2022:11:02:48 +0000] "POST /api/v4/jobs/request HTTP/1.1" 204 0 "" "gitlab-runner 14.8.2 (14-8-stable; go1.17.7; linux/amd64)" -
118.69.128.53 - - [20/Mar/2022:11:02:48 +0000] "GET /api/graphql?query=query%20getPipelineHeaderData(%24fullPath%3A%20ID!%2C%20%24iid%3A%20ID!)%20%7B%20project(fullPath%3A%20%24fullPath)%20%7B%20id%20pipeline(iid%3A%20%24iid)%20%7B%20id%20iid%20status%20retryable%20cancelable%20userPermissions%20%7B%20destroyPipeline%20updatePipeline%20__typename%20%7D%20detailedStatus%20%7B%20id%20detailsPath%20icon%20group%20text%20__typename%20%7D%20createdAt%20user%20%7B%20id%20name%20username%20webPath%20webUrl%20email%20avatarUrl%20status%20%7B%20message%20emoji%20__typename%20%7D%20__typename%20%7D%20__typename%20%7D%20__typename%20%7D%20%7D&operationName=getPipelineHeaderData&variables=%7B%22fullPath%22%3A%22root%2Flearn_ci%22%2C%22iid%22%3A%222%22%7D HTTP/2.0" 304 0 "https://learning-devops.tk/root/learn_ci/-/pipelines/2" "Mozilla/5.0 (Windows NT 10.0; Win64; x64) AppleWebKit/537.36 (KHTML, like Gecko) Chrome/99.0.4844.74 Safari/537.36" -
172.21.0.3 - - [20/Mar/2022:11:02:51 +0000] "POST /api/v4/jobs/request HTTP/1.1" 204 0 "" "gitlab-runner 14.8.2 (14-8-stable; go1.17.7; linux/amd64)" -
172.21.0.3 - - [20/Mar/2022:11:02:54 +0000] "POST /api/v4/jobs/request HTTP/1.1" 204 0 "" "gitlab-runner 14.8.2 (14-8-stable; go1.17.7; linux/amd64)" -
172.21.0.3 - - [20/Mar/2022:11:02:57 +0000] "POST /api/v4/jobs/request HTTP/1.1" 204 0 "" "gitlab-runner 14.8.2 (14-8-stable; go1.17.7; linux/amd64)" -
118.69.128.53 - - [20/Mar/2022:11:02:59 +0000] "GET /api/graphql?query=query%20getPipelineHeaderData(%24fullPath%3A%20ID!%2C%20%24iid%3A%20ID!)%20%7B%20project(fullPath%3A%20%24fullPath)%20%7B%20id%20pipeline(iid%3A%20%24iid)%20%7B%20id%20iid%20status%20retryable%20cancelable%20userPermissions%20%7B%20destroyPipeline%20updatePipeline%20__typename%20%7D%20detailedStatus%20%7B%20id%20detailsPath%20icon%20group%20text%20__typename%20%7D%20createdAt%20user%20%7B%20id%20name%20username%20webPath%20webUrl%20email%20avatarUrl%20status%20%7B%20message%20emoji%20__typename%20%7D%20__typename%20%7D%20__typename%20%7D%20__typename%20%7D%20%7D&operationName=getPipelineHeaderData&variables=%7B%22fullPath%22%3A%22root%2Flearn_ci%22%2C%22iid%22%3A%222%22%7D HTTP/2.0" 304 0 "https://learning-devops.tk/root/learn_ci/-/pipelines/2" "Mozilla/5.0 (Windows NT 10.0; Win64; x64) AppleWebKit/537.36 (KHTML, like Gecko) Chrome/99.0.4844.74 Safari/537.36" -
172.21.0.3 - - [20/Mar/2022:11:03:00 +0000] "POST /api/v4/jobs/request HTTP/1.1" 204 0 "" "gitlab-runner 14.8.2 (14-8-stable; go1.17.7; linux/amd64)" -
172.21.0.3 - - [20/Mar/2022:11:03:03 +0000] "POST /api/v4/jobs/request HTTP/1.1" 204 0 "" "gitlab-runner 14.8.2 (14-8-stable; go1.17.7; linux/amd64)" -
172.21.0.3 - - [20/Mar/2022:11:03:06 +0000] "POST /api/v4/jobs/request HTTP/1.1" 204 0 "" "gitlab-runner 14.8.2 (14-8-stable; go1.17.7; linux/amd64)" -
172.21.0.3 - - [20/Mar/2022:11:03:09 +0000] "POST /api/v4/jobs/request HTTP/1.1" 204 0 "" "gitlab-runner 14.8.2 (14-8-stable; go1.17.7; linux/amd64)" -
118.69.128.53 - - [20/Mar/2022:11:03:10 +0000] "GET /api/graphql?query=query%20getPipelineHeaderData(%24fullPath%3A%20ID!%2C%20%24iid%3A%20ID!)%20%7B%20project(fullPath%3A%20%24fullPath)%20%7B%20id%20pipeline(iid%3A%20%24iid)%20%7B%20id%20iid%20status%20retryable%20cancelable%20userPermissions%20%7B%20destroyPipeline%20updatePipeline%20__typename%20%7D%20detailedStatus%20%7B%20id%20detailsPath%20icon%20group%20text%20__typename%20%7D%20createdAt%20user%20%7B%20id%20name%20username%20webPath%20webUrl%20email%20avatarUrl%20status%20%7B%20message%20emoji%20__typename%20%7D%20__typename%20%7D%20__typename%20%7D%20__typename%20%7D%20%7D&operationName=getPipelineHeaderData&variables=%7B%22fullPath%22%3A%22root%2Flearn_ci%22%2C%22iid%22%3A%222%22%7D HTTP/2.0" 304 0 "https://learning-devops.tk/root/learn_ci/-/pipelines/2" "Mozilla/5.0 (Windows NT 10.0; Win64; x64) AppleWebKit/537.36 (KHTML, like Gecko) Chrome/99.0.4844.74 Safari/537.36" -
172.21.0.3 - - [20/Mar/2022:11:03:12 +0000] "POST /api/v4/jobs/request HTTP/1.1" 204 0 "" "gitlab-runner 14.8.2 (14-8-stable; go1.17.7; linux/amd64)" -
172.21.0.3 - - [20/Mar/2022:11:03:15 +0000] "POST /api/v4/jobs/request HTTP/1.1" 204 0 "" "gitlab-runner 14.8.2 (14-8-stable; go1.17.7; linux/amd64)" -
172.21.0.3 - - [20/Mar/2022:11:03:18 +0000] "POST /api/v4/jobs/request HTTP/1.1" 204 0 "" "gitlab-runner 14.8.2 (14-8-stable; go1.17.7; linux/amd64)" -
118.69.128.53 - - [20/Mar/2022:11:03:21 +0000] "GET /api/graphql?query=query%20getPipelineHeaderData(%24fullPath%3A%20ID!%2C%20%24iid%3A%20ID!)%20%7B%20project(fullPath%3A%20%24fullPath)%20%7B%20id%20pipeline(iid%3A%20%24iid)%20%7B%20id%20iid%20status%20retryable%20cancelable%20userPermissions%20%7B%20destroyPipeline%20updatePipeline%20__typename%20%7D%20detailedStatus%20%7B%20id%20detailsPath%20icon%20group%20text%20__typename%20%7D%20createdAt%20user%20%7B%20id%20name%20username%20webPath%20webUrl%20email%20avatarUrl%20status%20%7B%20message%20emoji%20__typename%20%7D%20__typename%20%7D%20__typename%20%7D%20__typename%20%7D%20%7D&operationName=getPipelineHeaderData&variables=%7B%22fullPath%22%3A%22root%2Flearn_ci%22%2C%22iid%22%3A%222%22%7D HTTP/2.0" 304 0 "https://learning-devops.tk/root/learn_ci/-/pipelines/2" "Mozilla/5.0 (Windows NT 10.0; Win64; x64) AppleWebKit/537.36 (KHTML, like Gecko) Chrome/99.0.4844.74 Safari/537.36" -
172.21.0.3 - - [20/Mar/2022:11:03:21 +0000] "POST /api/v4/jobs/request HTTP/1.1" 204 0 "" "gitlab-runner 14.8.2 (14-8-stable; go1.17.7; linux/amd64)" -
118.69.128.53 - - [20/Mar/2022:11:03:21 +0000] "GET /root/learn_ci/-/ci/editor?branch_name=main HTTP/2.0" 200 23624 "https://learning-devops.tk/root/learn_ci/-/pipelines/2" "Mozilla/5.0 (Windows NT 10.0; Win64; x64) AppleWebKit/537.36 (KHTML, like Gecko) Chrome/99.0.4844.74 Safari/537.36" 4.61
118.69.128.53 - - [20/Mar/2022:11:03:22 +0000] "GET /assets/webpack/pages.projects.ci.pipeline_editor.show.d619d7f4.chunk.js HTTP/2.0" 200 26694 "https://learning-devops.tk/root/learn_ci/-/ci/editor" "Mozilla/5.0 (Windows NT 10.0; Win64; x64) AppleWebKit/537.36 (KHTML, like Gecko) Chrome/99.0.4844.74 Safari/537.36" -
118.69.128.53 - - [20/Mar/2022:11:03:22 +0000] "GET /assets/webpack/commons-pages.projects.ci.lints.show-pages.projects.ci.pipeline_editor.show.2acb4766.chunk.js HTTP/2.0" 200 13767 "https://learning-devops.tk/root/learn_ci/-/ci/editor" "Mozilla/5.0 (Windows NT 10.0; Win64; x64) AppleWebKit/537.36 (KHTML, like Gecko) Chrome/99.0.4844.74 Safari/537.36" -
118.69.128.53 - - [20/Mar/2022:11:03:22 +0000] "GET /assets/webpack/commons-pages.projects.ci.lints.show-pages.projects.ci.pipeline_editor.show-pages.projects.snippets.-a07b96d7.672cabe6.chunk.js HTTP/2.0" 200 15437 "https://learning-devops.tk/root/learn_ci/-/ci/editor" "Mozilla/5.0 (Windows NT 10.0; Win64; x64) AppleWebKit/537.36 (KHTML, like Gecko) Chrome/99.0.4844.74 Safari/537.36" -
118.69.128.53 - - [20/Mar/2022:11:03:23 +0000] "POST /api/graphql HTTP/2.0" 499 0 "https://learning-devops.tk/root/learn_ci/-/ci/editor" "Mozilla/5.0 (Windows NT 10.0; Win64; x64) AppleWebKit/537.36 (KHTML, like Gecko) Chrome/99.0.4844.74 Safari/537.36" -
118.69.128.53 - - [20/Mar/2022:11:03:23 +0000] "POST /api/graphql HTTP/2.0" 499 0 "https://learning-devops.tk/root/learn_ci/-/ci/editor" "Mozilla/5.0 (Windows NT 10.0; Win64; x64) AppleWebKit/537.36 (KHTML, like Gecko) Chrome/99.0.4844.74 Safari/537.36" -
118.69.128.53 - - [20/Mar/2022:11:03:23 +0000] "POST /api/graphql HTTP/2.0" 200 180 "https://learning-devops.tk/root/learn_ci/-/ci/editor" "Mozilla/5.0 (Windows NT 10.0; Win64; x64) AppleWebKit/537.36 (KHTML, like Gecko) Chrome/99.0.4844.74 Safari/537.36" 1.71
118.69.128.53 - - [20/Mar/2022:11:03:23 +0000] "POST /api/graphql HTTP/2.0" 200 693 "https://learning-devops.tk/root/learn_ci/-/ci/editor" "Mozilla/5.0 (Windows NT 10.0; Win64; x64) AppleWebKit/537.36 (KHTML, like Gecko) Chrome/99.0.4844.74 Safari/537.36" 2.21
118.69.128.53 - - [20/Mar/2022:11:03:23 +0000] "GET /root/learn_ci/-/pipelines HTTP/2.0" 200 26619 "https://learning-devops.tk/root/learn_ci/-/ci/editor" "Mozilla/5.0 (Windows NT 10.0; Win64; x64) AppleWebKit/537.36 (KHTML, like Gecko) Chrome/99.0.4844.74 Safari/537.36" 4.40
118.69.128.53 - - [20/Mar/2022:11:03:23 +0000] "POST /api/graphql HTTP/2.0" 200 139 "https://learning-devops.tk/root/learn_ci/-/ci/editor" "Mozilla/5.0 (Windows NT 10.0; Win64; x64) AppleWebKit/537.36 (KHTML, like Gecko) Chrome/99.0.4844.74 Safari/537.36" -
118.69.128.53 - - [20/Mar/2022:11:03:23 +0000] "GET /api/graphql?query=query%20getPipeline(%24fullPath%3A%20ID!%2C%20%24sha%3A%20String!)%20%7B%20project(fullPath%3A%20%24fullPath)%20%7B%20id%20pipeline(sha%3A%20%24sha)%20%7B%20id%20iid%20status%20commit%20%7B%20id%20title%20webPath%20__typename%20%7D%20detailedStatus%20%7B%20id%20detailsPath%20icon%20group%20text%20__typename%20%7D%20stages%20%7B%20edges%20%7B%20node%20%7B%20id%20name%20status%20detailedStatus%20%7B%20detailsPath%20group%20hasDetails%20icon%20id%20label%20text%20tooltip%20__typename%20%7D%20__typename%20%7D%20__typename%20%7D%20__typename%20%7D%20__typename%20%7D%20__typename%20%7D%20%7D&operationName=getPipeline&variables=%7B%22fullPath%22%3A%22root%2Flearn_ci%22%2C%22sha%22%3A%22d5da30e9aec3a6d61b11813654e4bd205915be97%22%7D HTTP/2.0" 200 529 "https://learning-devops.tk/root/learn_ci/-/ci/editor" "Mozilla/5.0 (Windows NT 10.0; Win64; x64) AppleWebKit/537.36 (KHTML, like Gecko) Chrome/99.0.4844.74 Safari/537.36" 3.97
118.69.128.53 - - [20/Mar/2022:11:03:23 +0000] "POST /api/graphql HTTP/2.0" 200 996 "https://learning-devops.tk/root/learn_ci/-/ci/editor" "Mozilla/5.0 (Windows NT 10.0; Win64; x64) AppleWebKit/537.36 (KHTML, like Gecko) Chrome/99.0.4844.74 Safari/537.36" 4.61
118.69.128.53 - - [20/Mar/2022:11:03:24 +0000] "GET /root/learn_ci/-/pipelines.json HTTP/2.0" 200 2068 "https://learning-devops.tk/root/learn_ci/-/pipelines" "Mozilla/5.0 (Windows NT 10.0; Win64; x64) AppleWebKit/537.36 (KHTML, like Gecko) Chrome/99.0.4844.74 Safari/537.36" 5.03
172.21.0.3 - - [20/Mar/2022:11:03:24 +0000] "POST /api/v4/jobs/request HTTP/1.1" 204 0 "" "gitlab-runner 14.8.2 (14-8-stable; go1.17.7; linux/amd64)" -
118.69.128.53 - - [20/Mar/2022:11:03:24 +0000] "GET /root/learn_ci/-/pipelines.json?scope=all&page=1 HTTP/2.0" 200 2068 "https://learning-devops.tk/root/learn_ci/-/pipelines" "Mozilla/5.0 (Windows NT 10.0; Win64; x64) AppleWebKit/537.36 (KHTML, like Gecko) Chrome/99.0.4844.74 Safari/537.36" 5.03
127.0.0.1 - - [20/Mar/2022:11:03:24 +0000] "GET /help HTTP/1.1" 200 76582 "" "curl/7.79.1-DEV" -
172.21.0.3 - - [20/Mar/2022:11:03:27 +0000] "POST /api/v4/jobs/request HTTP/1.1" 204 0 "" "gitlab-runner 14.8.2 (14-8-stable; go1.17.7; linux/amd64)" -
118.69.128.53 - - [20/Mar/2022:11:03:27 +0000] "GET /root/learn_ci/-/commit/d5da30e9aec3a6d61b11813654e4bd205915be97 HTTP/2.0" 200 33961 "https://learning-devops.tk/root/learn_ci/-/pipelines" "Mozilla/5.0 (Windows NT 10.0; Win64; x64) AppleWebKit/537.36 (KHTML, like Gecko) Chrome/99.0.4844.74 Safari/537.36" 6.57
118.69.128.53 - - [20/Mar/2022:11:03:28 +0000] "GET /root/learn_ci/refs HTTP/2.0" 304 0 "https://learning-devops.tk/root/learn_ci/-/commit/d5da30e9aec3a6d61b11813654e4bd205915be97" "Mozilla/5.0 (Windows NT 10.0; Win64; x64) AppleWebKit/537.36 (KHTML, like Gecko) Chrome/99.0.4844.74 Safari/537.36" -
118.69.128.53 - - [20/Mar/2022:11:03:28 +0000] "GET /root/learn_ci/-/branches HTTP/2.0" 304 0 "https://learning-devops.tk/root/learn_ci/-/commit/d5da30e9aec3a6d61b11813654e4bd205915be97" "Mozilla/5.0 (Windows NT 10.0; Win64; x64) AppleWebKit/537.36 (KHTML, like Gecko) Chrome/99.0.4844.74 Safari/537.36" -
118.69.128.53 - - [20/Mar/2022:11:03:28 +0000] "GET /root/learn_ci/-/commit/d5da30e9aec3a6d61b11813654e4bd205915be97/branches HTTP/2.0" 304 0 "https://learning-devops.tk/root/learn_ci/-/commit/d5da30e9aec3a6d61b11813654e4bd205915be97" "Mozilla/5.0 (Windows NT 10.0; Win64; x64) AppleWebKit/537.36 (KHTML, like Gecko) Chrome/99.0.4844.74 Safari/537.36" -
118.69.128.53 - - [20/Mar/2022:11:03:28 +0000] "GET /root/learn_ci/-/commit/d5da30e9aec3a6d61b11813654e4bd205915be97/merge_requests.json HTTP/2.0" 304 0 "https://learning-devops.tk/root/learn_ci/-/commit/d5da30e9aec3a6d61b11813654e4bd205915be97" "Mozilla/5.0 (Windows NT 10.0; Win64; x64) AppleWebKit/537.36 (KHTML, like Gecko) Chrome/99.0.4844.74 Safari/537.36" -
118.69.128.53 - - [20/Mar/2022:11:03:29 +0000] "POST /api/graphql HTTP/2.0" 200 167 "https://learning-devops.tk/root/learn_ci/-/commit/d5da30e9aec3a6d61b11813654e4bd205915be97" "Mozilla/5.0 (Windows NT 10.0; Win64; x64) AppleWebKit/537.36 (KHTML, like Gecko) Chrome/99.0.4844.74 Safari/537.36" 1.57
172.21.0.3 - - [20/Mar/2022:11:03:30 +0000] "POST /api/v4/jobs/request HTTP/1.1" 204 0 "" "gitlab-runner 14.8.2 (14-8-stable; go1.17.7; linux/amd64)" -
172.21.0.3 - - [20/Mar/2022:11:03:33 +0000] "POST /api/v4/jobs/request HTTP/1.1" 204 0 "" "gitlab-runner 14.8.2 (14-8-stable; go1.17.7; linux/amd64)" -
172.21.0.3 - - [20/Mar/2022:11:03:36 +0000] "POST /api/v4/jobs/request HTTP/1.1" 204 0 "" "gitlab-runner 14.8.2 (14-8-stable; go1.17.7; linux/amd64)" -
172.21.0.3 - - [20/Mar/2022:11:03:39 +0000] "POST /api/v4/jobs/request HTTP/1.1" 204 0 "" "gitlab-runner 14.8.2 (14-8-stable; go1.17.7; linux/amd64)" -
118.69.128.53 - - [20/Mar/2022:11:03:41 +0000] "GET /root/learn_ci/noteable/commit/d5da30e9aec3a6d61b11813654e4bd205915be97/notes?html=true HTTP/2.0" 200 47 "https://learning-devops.tk/root/learn_ci/-/commit/d5da30e9aec3a6d61b11813654e4bd205915be97" "Mozilla/5.0 (Windows NT 10.0; Win64; x64) AppleWebKit/537.36 (KHTML, like Gecko) Chrome/99.0.4844.74 Safari/537.36" -
172.21.0.3 - - [20/Mar/2022:11:03:42 +0000] "POST /api/v4/jobs/request HTTP/1.1" 204 0 "" "gitlab-runner 14.8.2 (14-8-stable; go1.17.7; linux/amd64)" -
172.21.0.3 - - [20/Mar/2022:11:03:45 +0000] "POST /api/v4/jobs/request HTTP/1.1" 204 0 "" "gitlab-runner 14.8.2 (14-8-stable; go1.17.7; linux/amd64)" -
172.21.0.3 - - [20/Mar/2022:11:03:48 +0000] "POST /api/v4/jobs/request HTTP/1.1" 204 0 "" "gitlab-runner 14.8.2 (14-8-stable; go1.17.7; linux/amd64)" -
172.21.0.3 - - [20/Mar/2022:11:03:51 +0000] "POST /api/v4/jobs/request HTTP/1.1" 204 0 "" "gitlab-runner 14.8.2 (14-8-stable; go1.17.7; linux/amd64)" -
172.21.0.3 - - [20/Mar/2022:11:03:54 +0000] "POST /api/v4/jobs/request HTTP/1.1" 204 0 "" "gitlab-runner 14.8.2 (14-8-stable; go1.17.7; linux/amd64)" -
118.69.128.53 - - [20/Mar/2022:11:03:57 +0000] "GET /root/learn_ci/-/pipelines HTTP/2.0" 200 26626 "https://learning-devops.tk/root/learn_ci/-/settings/ci_cd" "Mozilla/5.0 (Windows NT 10.0; Win64; x64) AppleWebKit/537.36 (KHTML, like Gecko) Chrome/99.0.4844.74 Safari/537.36" 4.40
172.21.0.3 - - [20/Mar/2022:11:03:57 +0000] "POST /api/v4/jobs/request HTTP/1.1" 204 0 "" "gitlab-runner 14.8.2 (14-8-stable; go1.17.7; linux/amd64)" -
118.69.128.53 - - [20/Mar/2022:11:03:57 +0000] "GET /root/learn_ci/-/pipelines.json HTTP/2.0" 304 0 "https://learning-devops.tk/root/learn_ci/-/pipelines" "Mozilla/5.0 (Windows NT 10.0; Win64; x64) AppleWebKit/537.36 (KHTML, like Gecko) Chrome/99.0.4844.74 Safari/537.36" -
118.69.128.53 - - [20/Mar/2022:11:03:57 +0000] "GET /root/learn_ci/-/pipelines.json?scope=all&page=1 HTTP/2.0" 304 0 "https://learning-devops.tk/root/learn_ci/-/pipelines" "Mozilla/5.0 (Windows NT 10.0; Win64; x64) AppleWebKit/537.36 (KHTML, like Gecko) Chrome/99.0.4844.74 Safari/537.36" -
172.21.0.3 - - [20/Mar/2022:11:04:00 +0000] "POST /api/v4/jobs/request HTTP/1.1" 204 0 "" "gitlab-runner 14.8.2 (14-8-stable; go1.17.7; linux/amd64)" -
118.69.128.53 - - [20/Mar/2022:11:04:01 +0000] "GET /root/learn_ci/-/commit/d5da30e9aec3a6d61b11813654e4bd205915be97 HTTP/2.0" 200 33956 "https://learning-devops.tk/root/learn_ci/-/pipelines" "Mozilla/5.0 (Windows NT 10.0; Win64; x64) AppleWebKit/537.36 (KHTML, like Gecko) Chrome/99.0.4844.74 Safari/537.36" 6.57
118.69.128.53 - - [20/Mar/2022:11:04:02 +0000] "GET /root/learn_ci/refs HTTP/2.0" 304 0 "https://learning-devops.tk/root/learn_ci/-/commit/d5da30e9aec3a6d61b11813654e4bd205915be97" "Mozilla/5.0 (Windows NT 10.0; Win64; x64) AppleWebKit/537.36 (KHTML, like Gecko) Chrome/99.0.4844.74 Safari/537.36" -
118.69.128.53 - - [20/Mar/2022:11:04:02 +0000] "GET /root/learn_ci/-/branches HTTP/2.0" 304 0 "https://learning-devops.tk/root/learn_ci/-/commit/d5da30e9aec3a6d61b11813654e4bd205915be97" "Mozilla/5.0 (Windows NT 10.0; Win64; x64) AppleWebKit/537.36 (KHTML, like Gecko) Chrome/99.0.4844.74 Safari/537.36" -
118.69.128.53 - - [20/Mar/2022:11:04:02 +0000] "GET /root/learn_ci/-/commit/d5da30e9aec3a6d61b11813654e4bd205915be97/merge_requests.json HTTP/2.0" 304 0 "https://learning-devops.tk/root/learn_ci/-/commit/d5da30e9aec3a6d61b11813654e4bd205915be97" "Mozilla/5.0 (Windows NT 10.0; Win64; x64) AppleWebKit/537.36 (KHTML, like Gecko) Chrome/99.0.4844.74 Safari/537.36" -
118.69.128.53 - - [20/Mar/2022:11:04:02 +0000] "GET /root/learn_ci/-/commit/d5da30e9aec3a6d61b11813654e4bd205915be97/branches HTTP/2.0" 304 0 "https://learning-devops.tk/root/learn_ci/-/commit/d5da30e9aec3a6d61b11813654e4bd205915be97" "Mozilla/5.0 (Windows NT 10.0; Win64; x64) AppleWebKit/537.36 (KHTML, like Gecko) Chrome/99.0.4844.74 Safari/537.36" -
118.69.128.53 - - [20/Mar/2022:11:04:02 +0000] "POST /api/graphql HTTP/2.0" 200 167 "https://learning-devops.tk/root/learn_ci/-/commit/d5da30e9aec3a6d61b11813654e4bd205915be97" "Mozilla/5.0 (Windows NT 10.0; Win64; x64) AppleWebKit/537.36 (KHTML, like Gecko) Chrome/99.0.4844.74 Safari/537.36" 1.57
172.21.0.3 - - [20/Mar/2022:11:04:03 +0000] "POST /api/v4/jobs/request HTTP/1.1" 204 0 "" "gitlab-runner 14.8.2 (14-8-stable; go1.17.7; linux/amd64)" -
172.21.0.3 - - [20/Mar/2022:11:04:06 +0000] "POST /api/v4/jobs/request HTTP/1.1" 204 0 "" "gitlab-runner 14.8.2 (14-8-stable; go1.17.7; linux/amd64)" -
118.69.128.53 - - [20/Mar/2022:11:04:08 +0000] "GET /root/learn_ci/-/pipelines HTTP/2.0" 200 26622 "https://learning-devops.tk/root/learn_ci/-/commit/d5da30e9aec3a6d61b11813654e4bd205915be97" "Mozilla/5.0 (Windows NT 10.0; Win64; x64) AppleWebKit/537.36 (KHTML, like Gecko) Chrome/99.0.4844.74 Safari/537.36" 4.40
172.21.0.3 - - [20/Mar/2022:11:04:09 +0000] "POST /api/v4/jobs/request HTTP/1.1" 204 0 "" "gitlab-runner 14.8.2 (14-8-stable; go1.17.7; linux/amd64)" -
118.69.128.53 - - [20/Mar/2022:11:04:09 +0000] "GET /root/learn_ci/-/pipelines.json HTTP/2.0" 304 0 "https://learning-devops.tk/root/learn_ci/-/pipelines" "Mozilla/5.0 (Windows NT 10.0; Win64; x64) AppleWebKit/537.36 (KHTML, like Gecko) Chrome/99.0.4844.74 Safari/537.36" -
118.69.128.53 - - [20/Mar/2022:11:04:09 +0000] "GET /root/learn_ci/-/pipelines.json?scope=all&page=1 HTTP/2.0" 304 0 "https://learning-devops.tk/root/learn_ci/-/pipelines" "Mozilla/5.0 (Windows NT 10.0; Win64; x64) AppleWebKit/537.36 (KHTML, like Gecko) Chrome/99.0.4844.74 Safari/537.36" -
118.69.128.53 - - [20/Mar/2022:11:04:11 +0000] "GET /root/learn_ci/-/pipelines/2 HTTP/2.0" 200 26408 "https://learning-devops.tk/root/learn_ci/-/pipelines" "Mozilla/5.0 (Windows NT 10.0; Win64; x64) AppleWebKit/537.36 (KHTML, like Gecko) Chrome/99.0.4844.74 Safari/537.36" 4.47
118.69.128.53 - - [20/Mar/2022:11:04:12 +0000] "POST /api/graphql HTTP/2.0" 200 933 "https://learning-devops.tk/root/learn_ci/-/pipelines/2" "Mozilla/5.0 (Windows NT 10.0; Win64; x64) AppleWebKit/537.36 (KHTML, like Gecko) Chrome/99.0.4844.74 Safari/537.36" 5.51
118.69.128.53 - - [20/Mar/2022:11:04:12 +0000] "POST /api/graphql HTTP/2.0" 200 138 "https://learning-devops.tk/root/learn_ci/-/pipelines/2" "Mozilla/5.0 (Windows NT 10.0; Win64; x64) AppleWebKit/537.36 (KHTML, like Gecko) Chrome/99.0.4844.74 Safari/537.36" -
118.69.128.53 - - [20/Mar/2022:11:04:12 +0000] "POST /api/graphql HTTP/2.0" 200 168 "https://learning-devops.tk/root/learn_ci/-/pipelines/2" "Mozilla/5.0 (Windows NT 10.0; Win64; x64) AppleWebKit/537.36 (KHTML, like Gecko) Chrome/99.0.4844.74 Safari/537.36" -
118.69.128.53 - - [20/Mar/2022:11:04:12 +0000] "GET /root/learn_ci/-/pipelines/2/tests/summary.json HTTP/2.0" 304 0 "https://learning-devops.tk/root/learn_ci/-/pipelines/2" "Mozilla/5.0 (Windows NT 10.0; Win64; x64) AppleWebKit/537.36 (KHTML, like Gecko) Chrome/99.0.4844.74 Safari/537.36" -
118.69.128.53 - - [20/Mar/2022:11:04:12 +0000] "GET /root/learn_ci/-/pipelines/2/status.json HTTP/2.0" 200 213 "https://learning-devops.tk/root/learn_ci/-/pipelines/2" "Mozilla/5.0 (Windows NT 10.0; Win64; x64) AppleWebKit/537.36 (KHTML, like Gecko) Chrome/99.0.4844.74 Safari/537.36" 1.43
118.69.128.53 - - [20/Mar/2022:11:04:12 +0000] "GET /api/graphql?query=query%20getPipelineHeaderData(%24fullPath%3A%20ID!%2C%20%24iid%3A%20ID!)%20%7B%20project(fullPath%3A%20%24fullPath)%20%7B%20id%20pipeline(iid%3A%20%24iid)%20%7B%20id%20iid%20status%20retryable%20cancelable%20userPermissions%20%7B%20destroyPipeline%20updatePipeline%20__typename%20%7D%20detailedStatus%20%7B%20id%20detailsPath%20icon%20group%20text%20__typename%20%7D%20createdAt%20user%20%7B%20id%20name%20username%20webPath%20webUrl%20email%20avatarUrl%20status%20%7B%20message%20emoji%20__typename%20%7D%20__typename%20%7D%20__typename%20%7D%20__typename%20%7D%20%7D&operationName=getPipelineHeaderData&variables=%7B%22fullPath%22%3A%22root%2Flearn_ci%22%2C%22iid%22%3A%222%22%7D HTTP/2.0" 304 0 "https://learning-devops.tk/root/learn_ci/-/pipelines/2" "Mozilla/5.0 (Windows NT 10.0; Win64; x64) AppleWebKit/537.36 (KHTML, like Gecko) Chrome/99.0.4844.74 Safari/537.36" -
118.69.128.53 - - [20/Mar/2022:11:04:12 +0000] "POST /api/graphql HTTP/2.0" 200 351 "https://learning-devops.tk/root/learn_ci/-/pipelines/2" "Mozilla/5.0 (Windows NT 10.0; Win64; x64) AppleWebKit/537.36 (KHTML, like Gecko) Chrome/99.0.4844.74 Safari/537.36" 5.45
118.69.128.53 - - [20/Mar/2022:11:04:12 +0000] "GET /api/graphql?query=fragment%20CiNeeds%20on%20JobNeedUnion%20%7B%20...CiBuildNeedFields%20...CiJobNeedFields%20__typename%20%7D%20fragment%20CiBuildNeedFields%20on%20CiBuildNeed%20%7B%20id%20name%20__typename%20%7D%20fragment%20CiJobNeedFields%20on%20CiJob%20%7B%20id%20name%20__typename%20%7D%20fragment%20LinkedPipelineData%20on%20Pipeline%20%7B%20__typename%20id%20iid%20path%20status%3A%20detailedStatus%20%7B%20__typename%20id%20group%20label%20icon%20%7D%20sourceJob%20%7B%20__typename%20id%20name%20%7D%20project%20%7B%20__typename%20id%20name%20fullPath%20%7D%20%7D%20query%20getPipelineDetails(%24projectPath%3A%20ID!%2C%20%24iid%3A%20ID!)%20%7B%20project(fullPath%3A%20%24projectPath)%20%7B%20__typename%20id%20pipeline(iid%3A%20%24iid)%20%7B%20__typename%20id%20iid%20complete%20usesNeeds%20userPermissions%20%7B%20updatePipeline%20__typename%20%7D%20downstream%20%7B%20__typename%20nodes%20%7B%20...LinkedPipelineData%20__typename%20%7D%20%7D%20upstream%20%7B%20...LinkedPipelineData%20__typename%20%7D%20stages%20%7B%20__typename%20nodes%20%7B%20__typename%20id%20name%20status%3A%20detailedStatus%20%7B%20__typename%20id%20action%20%7B%20__typename%20id%20icon%20path%20title%20%7D%20%7D%20groups%20%7B%20__typename%20nodes%20%7B%20__typename%20id%20status%3A%20detailedStatus%20%7B%20__typename%20id%20label%20group%20icon%20%7D%20name%20size%20jobs%20%7B%20__typename%20nodes%20%7B%20__typename%20id%20name%20scheduledAt%20needs%20%7B%20__typename%20nodes%20%7B%20__typename%20id%20name%20%7D%20%7D%20previousStageJobsOrNeeds%20%7B%20__typename%20nodes%20%7B%20...CiNeeds%20__typename%20%7D%20%7D%20status%3A%20detailedStatus%20%7B%20__typename%20id%20icon%20tooltip%20hasDetails%20detailsPath%20group%20label%20action%20%7B%20__typename%20id%20buttonTitle%20icon%20path%20title%20%7D%20%7D%20%7D%20%7D%20%7D%20%7D%20%7D%20%7D%20%7D%20%7D%20%7D&operationName=getPipelineDetails&variables=%7B%22projectPath%22%3A%22root%2Flearn_ci%22%2C%22iid%22%3A%222%22%7D HTTP/2.0" 200 939 "https://learning-devops.tk/root/learn_ci/-/pipelines/2" "Mozilla/5.0 (Windows NT 10.0; Win64; x64) AppleWebKit/537.36 (KHTML, like Gecko) Chrome/99.0.4844.74 Safari/537.36" 5.58
172.21.0.3 - - [20/Mar/2022:11:04:12 +0000] "POST /api/v4/jobs/request HTTP/1.1" 204 0 "" "gitlab-runner 14.8.2 (14-8-stable; go1.17.7; linux/amd64)" -
118.69.128.53 - - [20/Mar/2022:11:04:12 +0000] "POST /api/graphql HTTP/2.0" 200 1089 "https://learning-devops.tk/root/learn_ci/-/pipelines/2" "Mozilla/5.0 (Windows NT 10.0; Win64; x64) AppleWebKit/537.36 (KHTML, like Gecko) Chrome/99.0.4844.74 Safari/537.36" 4.94
172.21.0.3 - - [20/Mar/2022:11:04:15 +0000] "POST /api/v4/jobs/request HTTP/1.1" 204 0 "" "gitlab-runner 14.8.2 (14-8-stable; go1.17.7; linux/amd64)" -
118.69.128.53 - - [20/Mar/2022:11:04:16 +0000] "POST /root/learn_ci/-/pipelines/2/stages/deploy%20production/play_manual.json HTTP/2.0" 200 346 "https://learning-devops.tk/root/learn_ci/-/pipelines/2" "Mozilla/5.0 (Windows NT 10.0; Win64; x64) AppleWebKit/537.36 (KHTML, like Gecko) Chrome/99.0.4844.74 Safari/537.36" 2.08
118.69.128.53 - - [20/Mar/2022:11:04:16 +0000] "GET /api/graphql?query=fragment%20CiNeeds%20on%20JobNeedUnion%20%7B%20...CiBuildNeedFields%20...CiJobNeedFields%20__typename%20%7D%20fragment%20CiBuildNeedFields%20on%20CiBuildNeed%20%7B%20id%20name%20__typename%20%7D%20fragment%20CiJobNeedFields%20on%20CiJob%20%7B%20id%20name%20__typename%20%7D%20fragment%20LinkedPipelineData%20on%20Pipeline%20%7B%20__typename%20id%20iid%20path%20status%3A%20detailedStatus%20%7B%20__typename%20id%20group%20label%20icon%20%7D%20sourceJob%20%7B%20__typename%20id%20name%20%7D%20project%20%7B%20__typename%20id%20name%20fullPath%20%7D%20%7D%20query%20getPipelineDetails(%24projectPath%3A%20ID!%2C%20%24iid%3A%20ID!)%20%7B%20project(fullPath%3A%20%24projectPath)%20%7B%20__typename%20id%20pipeline(iid%3A%20%24iid)%20%7B%20__typename%20id%20iid%20complete%20usesNeeds%20userPermissions%20%7B%20updatePipeline%20__typename%20%7D%20downstream%20%7B%20__typename%20nodes%20%7B%20...LinkedPipelineData%20__typename%20%7D%20%7D%20upstream%20%7B%20...LinkedPipelineData%20__typename%20%7D%20stages%20%7B%20__typename%20nodes%20%7B%20__typename%20id%20name%20status%3A%20detailedStatus%20%7B%20__typename%20id%20action%20%7B%20__typename%20id%20icon%20path%20title%20%7D%20%7D%20groups%20%7B%20__typename%20nodes%20%7B%20__typename%20id%20status%3A%20detailedStatus%20%7B%20__typename%20id%20label%20group%20icon%20%7D%20name%20size%20jobs%20%7B%20__typename%20nodes%20%7B%20__typename%20id%20name%20scheduledAt%20needs%20%7B%20__typename%20nodes%20%7B%20__typename%20id%20name%20%7D%20%7D%20previousStageJobsOrNeeds%20%7B%20__typename%20nodes%20%7B%20...CiNeeds%20__typename%20%7D%20%7D%20status%3A%20detailedStatus%20%7B%20__typename%20id%20icon%20tooltip%20hasDetails%20detailsPath%20group%20label%20action%20%7B%20__typename%20id%20buttonTitle%20icon%20path%20title%20%7D%20%7D%20%7D%20%7D%20%7D%20%7D%20%7D%20%7D%20%7D%20%7D%20%7D&operationName=getPipelineDetails&variables=%7B%22projectPath%22%3A%22root%2Flearn_ci%22%2C%22iid%22%3A%222%22%7D HTTP/2.0" 200 871 "https://learning-devops.tk/root/learn_ci/-/pipelines/2" "Mozilla/5.0 (Windows NT 10.0; Win64; x64) AppleWebKit/537.36 (KHTML, like Gecko) Chrome/99.0.4844.74 Safari/537.36" 5.79
172.21.0.3 - - [20/Mar/2022:11:04:18 +0000] "POST /api/v4/jobs/request HTTP/1.1" 201 13201 "" "gitlab-runner 14.8.2 (14-8-stable; go1.17.7; linux/amd64)" -
34.71.50.179 - - [20/Mar/2022:11:04:21 +0000] "GET /root/learn_ci.git/info/refs?service=git-upload-pack HTTP/2.0" 401 26 "" "gitlab-runner 14.8.2 linux/amd64" -
34.71.50.179 - gitlab-ci-token [20/Mar/2022:11:04:21 +0000] "GET /root/learn_ci.git/info/refs?service=git-upload-pack HTTP/2.0" 200 165 "" "gitlab-runner 14.8.2 linux/amd64" -
34.71.50.179 - gitlab-ci-token [20/Mar/2022:11:04:21 +0000] "POST /root/learn_ci.git/git-upload-pack HTTP/2.0" 200 65 "" "gitlab-runner 14.8.2 linux/amd64" -
172.21.0.3 - - [20/Mar/2022:11:04:21 +0000] "PATCH /api/v4/jobs/11/trace HTTP/1.1" 202 2 "" "gitlab-runner 14.8.2 (14-8-stable; go1.17.7; linux/amd64)" -
34.71.50.179 - gitlab-ci-token [20/Mar/2022:11:04:21 +0000] "POST /root/learn_ci.git/git-upload-pack HTTP/2.0" 200 261 "" "gitlab-runner 14.8.2 linux/amd64" -
34.71.50.179 - - [20/Mar/2022:11:04:22 +0000] "GET /api/v4/jobs/8/artifacts?direct_download=true HTTP/1.1" 200 185149 "" "Go-http-client/1.1" -
118.69.128.53 - - [20/Mar/2022:11:04:22 +0000] "GET /api/graphql?query=query%20getPipelineHeaderData(%24fullPath%3A%20ID!%2C%20%24iid%3A%20ID!)%20%7B%20project(fullPath%3A%20%24fullPath)%20%7B%20id%20pipeline(iid%3A%20%24iid)%20%7B%20id%20iid%20status%20retryable%20cancelable%20userPermissions%20%7B%20destroyPipeline%20updatePipeline%20__typename%20%7D%20detailedStatus%20%7B%20id%20detailsPath%20icon%20group%20text%20__typename%20%7D%20createdAt%20user%20%7B%20id%20name%20username%20webPath%20webUrl%20email%20avatarUrl%20status%20%7B%20message%20emoji%20__typename%20%7D%20__typename%20%7D%20__typename%20%7D%20__typename%20%7D%20%7D&operationName=getPipelineHeaderData&variables=%7B%22fullPath%22%3A%22root%2Flearn_ci%22%2C%22iid%22%3A%222%22%7D HTTP/2.0" 200 435 "https://learning-devops.tk/root/learn_ci/-/pipelines/2" "Mozilla/5.0 (Windows NT 10.0; Win64; x64) AppleWebKit/537.36 (KHTML, like Gecko) Chrome/99.0.4844.74 Safari/537.36" 1.87
127.0.0.1 - - [20/Mar/2022:11:04:24 +0000] "GET /help HTTP/1.1" 200 76588 "" "curl/7.79.1-DEV" -
172.21.0.3 - - [20/Mar/2022:11:04:29 +0000] "PATCH /api/v4/jobs/11/trace HTTP/1.1" 202 2 "" "gitlab-runner 14.8.2 (14-8-stable; go1.17.7; linux/amd64)" -
172.21.0.3 - - [20/Mar/2022:11:04:29 +0000] "PUT /api/v4/jobs/11 HTTP/1.1" 200 3 "" "gitlab-runner 14.8.2 (14-8-stable; go1.17.7; linux/amd64)" -
172.21.0.3 - - [20/Mar/2022:11:04:29 +0000] "POST /api/v4/jobs/request HTTP/1.1" 204 0 "" "gitlab-runner 14.8.2 (14-8-stable; go1.17.7; linux/amd64)" -
172.21.0.3 - - [20/Mar/2022:11:04:32 +0000] "POST /api/v4/jobs/request HTTP/1.1" 204 0 "" "gitlab-runner 14.8.2 (14-8-stable; go1.17.7; linux/amd64)" -
118.69.128.53 - - [20/Mar/2022:11:04:33 +0000] "GET /api/graphql?query=query%20getPipelineHeaderData(%24fullPath%3A%20ID!%2C%20%24iid%3A%20ID!)%20%7B%20project(fullPath%3A%20%24fullPath)%20%7B%20id%20pipeline(iid%3A%20%24iid)%20%7B%20id%20iid%20status%20retryable%20cancelable%20userPermissions%20%7B%20destroyPipeline%20updatePipeline%20__typename%20%7D%20detailedStatus%20%7B%20id%20detailsPath%20icon%20group%20text%20__typename%20%7D%20createdAt%20user%20%7B%20id%20name%20username%20webPath%20webUrl%20email%20avatarUrl%20status%20%7B%20message%20emoji%20__typename%20%7D%20__typename%20%7D%20__typename%20%7D%20__typename%20%7D%20%7D&operationName=getPipelineHeaderData&variables=%7B%22fullPath%22%3A%22root%2Flearn_ci%22%2C%22iid%22%3A%222%22%7D HTTP/2.0" 200 438 "https://learning-devops.tk/root/learn_ci/-/pipelines/2" "Mozilla/5.0 (Windows NT 10.0; Win64; x64) AppleWebKit/537.36 (KHTML, like Gecko) Chrome/99.0.4844.74 Safari/537.36" 1.85
172.21.0.3 - - [20/Mar/2022:11:04:35 +0000] "POST /api/v4/jobs/request HTTP/1.1" 204 0 "" "gitlab-runner 14.8.2 (14-8-stable; go1.17.7; linux/amd64)" -
172.21.0.3 - - [20/Mar/2022:11:04:38 +0000] "POST /api/v4/jobs/request HTTP/1.1" 204 0 "" "gitlab-runner 14.8.2 (14-8-stable; go1.17.7; linux/amd64)" -
172.21.0.3 - - [20/Mar/2022:11:04:41 +0000] "POST /api/v4/jobs/request HTTP/1.1" 204 0 "" "gitlab-runner 14.8.2 (14-8-stable; go1.17.7; linux/amd64)" -
172.21.0.3 - - [20/Mar/2022:11:04:44 +0000] "POST /api/v4/jobs/request HTTP/1.1" 204 0 "" "gitlab-runner 14.8.2 (14-8-stable; go1.17.7; linux/amd64)" -
118.69.128.53 - - [20/Mar/2022:11:04:44 +0000] "GET /api/graphql?query=query%20getPipelineHeaderData(%24fullPath%3A%20ID!%2C%20%24iid%3A%20ID!)%20%7B%20project(fullPath%3A%20%24fullPath)%20%7B%20id%20pipeline(iid%3A%20%24iid)%20%7B%20id%20iid%20status%20retryable%20cancelable%20userPermissions%20%7B%20destroyPipeline%20updatePipeline%20__typename%20%7D%20detailedStatus%20%7B%20id%20detailsPath%20icon%20group%20text%20__typename%20%7D%20createdAt%20user%20%7B%20id%20name%20username%20webPath%20webUrl%20email%20avatarUrl%20status%20%7B%20message%20emoji%20__typename%20%7D%20__typename%20%7D%20__typename%20%7D%20__typename%20%7D%20%7D&operationName=getPipelineHeaderData&variables=%7B%22fullPath%22%3A%22root%2Flearn_ci%22%2C%22iid%22%3A%222%22%7D HTTP/2.0" 304 0 "https://learning-devops.tk/root/learn_ci/-/pipelines/2" "Mozilla/5.0 (Windows NT 10.0; Win64; x64) AppleWebKit/537.36 (KHTML, like Gecko) Chrome/99.0.4844.74 Safari/537.36" -
172.21.0.3 - - [20/Mar/2022:11:04:47 +0000] "POST /api/v4/jobs/request HTTP/1.1" 204 0 "" "gitlab-runner 14.8.2 (14-8-stable; go1.17.7; linux/amd64)" -
172.21.0.3 - - [20/Mar/2022:11:04:50 +0000] "POST /api/v4/jobs/request HTTP/1.1" 204 0 "" "gitlab-runner 14.8.2 (14-8-stable; go1.17.7; linux/amd64)" -
172.21.0.3 - - [20/Mar/2022:11:04:53 +0000] "POST /api/v4/jobs/request HTTP/1.1" 204 0 "" "gitlab-runner 14.8.2 (14-8-stable; go1.17.7; linux/amd64)" -
118.69.128.53 - - [20/Mar/2022:11:04:55 +0000] "GET /api/graphql?query=query%20getPipelineHeaderData(%24fullPath%3A%20ID!%2C%20%24iid%3A%20ID!)%20%7B%20project(fullPath%3A%20%24fullPath)%20%7B%20id%20pipeline(iid%3A%20%24iid)%20%7B%20id%20iid%20status%20retryable%20cancelable%20userPermissions%20%7B%20destroyPipeline%20updatePipeline%20__typename%20%7D%20detailedStatus%20%7B%20id%20detailsPath%20icon%20group%20text%20__typename%20%7D%20createdAt%20user%20%7B%20id%20name%20username%20webPath%20webUrl%20email%20avatarUrl%20status%20%7B%20message%20emoji%20__typename%20%7D%20__typename%20%7D%20__typename%20%7D%20__typename%20%7D%20%7D&operationName=getPipelineHeaderData&variables=%7B%22fullPath%22%3A%22root%2Flearn_ci%22%2C%22iid%22%3A%222%22%7D HTTP/2.0" 304 0 "https://learning-devops.tk/root/learn_ci/-/pipelines/2" "Mozilla/5.0 (Windows NT 10.0; Win64; x64) AppleWebKit/537.36 (KHTML, like Gecko) Chrome/99.0.4844.74 Safari/537.36" -
172.21.0.3 - - [20/Mar/2022:11:04:56 +0000] "POST /api/v4/jobs/request HTTP/1.1" 204 0 "" "gitlab-runner 14.8.2 (14-8-stable; go1.17.7; linux/amd64)" -
172.21.0.3 - - [20/Mar/2022:11:04:59 +0000] "POST /api/v4/jobs/request HTTP/1.1" 204 0 "" "gitlab-runner 14.8.2 (14-8-stable; go1.17.7; linux/amd64)" -
172.21.0.3 - - [20/Mar/2022:11:05:02 +0000] "POST /api/v4/jobs/request HTTP/1.1" 204 0 "" "gitlab-runner 14.8.2 (14-8-stable; go1.17.7; linux/amd64)" -
172.21.0.3 - - [20/Mar/2022:11:05:05 +0000] "POST /api/v4/jobs/request HTTP/1.1" 204 0 "" "gitlab-runner 14.8.2 (14-8-stable; go1.17.7; linux/amd64)" -
118.69.128.53 - - [20/Mar/2022:11:05:06 +0000] "GET /api/graphql?query=query%20getPipelineHeaderData(%24fullPath%3A%20ID!%2C%20%24iid%3A%20ID!)%20%7B%20project(fullPath%3A%20%24fullPath)%20%7B%20id%20pipeline(iid%3A%20%24iid)%20%7B%20id%20iid%20status%20retryable%20cancelable%20userPermissions%20%7B%20destroyPipeline%20updatePipeline%20__typename%20%7D%20detailedStatus%20%7B%20id%20detailsPath%20icon%20group%20text%20__typename%20%7D%20createdAt%20user%20%7B%20id%20name%20username%20webPath%20webUrl%20email%20avatarUrl%20status%20%7B%20message%20emoji%20__typename%20%7D%20__typename%20%7D%20__typename%20%7D%20__typename%20%7D%20%7D&operationName=getPipelineHeaderData&variables=%7B%22fullPath%22%3A%22root%2Flearn_ci%22%2C%22iid%22%3A%222%22%7D HTTP/2.0" 304 0 "https://learning-devops.tk/root/learn_ci/-/pipelines/2" "Mozilla/5.0 (Windows NT 10.0; Win64; x64) AppleWebKit/537.36 (KHTML, like Gecko) Chrome/99.0.4844.74 Safari/537.36" -
172.21.0.3 - - [20/Mar/2022:11:05:08 +0000] "POST /api/v4/jobs/request HTTP/1.1" 204 0 "" "gitlab-runner 14.8.2 (14-8-stable; go1.17.7; linux/amd64)" -
118.69.128.53 - - [20/Mar/2022:11:05:09 +0000] "GET /root/learn_ci/-/pipelines HTTP/2.0" 200 26623 "https://learning-devops.tk/root/learn_ci/-/pipelines/2" "Mozilla/5.0 (Windows NT 10.0; Win64; x64) AppleWebKit/537.36 (KHTML, like Gecko) Chrome/99.0.4844.74 Safari/537.36" 4.40
118.69.128.53 - - [20/Mar/2022:11:05:10 +0000] "GET /root/learn_ci/-/pipelines.json HTTP/2.0" 200 1937 "https://learning-devops.tk/root/learn_ci/-/pipelines" "Mozilla/5.0 (Windows NT 10.0; Win64; x64) AppleWebKit/537.36 (KHTML, like Gecko) Chrome/99.0.4844.74 Safari/537.36" 5.28
118.69.128.53 - - [20/Mar/2022:11:05:10 +0000] "GET /root/learn_ci/-/pipelines.json?scope=all&page=1 HTTP/2.0" 200 1937 "https://learning-devops.tk/root/learn_ci/-/pipelines" "Mozilla/5.0 (Windows NT 10.0; Win64; x64) AppleWebKit/537.36 (KHTML, like Gecko) Chrome/99.0.4844.74 Safari/537.36" 5.28
172.21.0.3 - - [20/Mar/2022:11:05:11 +0000] "POST /api/v4/jobs/request HTTP/1.1" 204 0 "" "gitlab-runner 14.8.2 (14-8-stable; go1.17.7; linux/amd64)" -
172.21.0.3 - - [20/Mar/2022:11:05:14 +0000] "POST /api/v4/jobs/request HTTP/1.1" 204 0 "" "gitlab-runner 14.8.2 (14-8-stable; go1.17.7; linux/amd64)" -
172.21.0.3 - - [20/Mar/2022:11:05:17 +0000] "POST /api/v4/jobs/request HTTP/1.1" 204 0 "" "gitlab-runner 14.8.2 (14-8-stable; go1.17.7; linux/amd64)" -
172.21.0.3 - - [20/Mar/2022:11:05:20 +0000] "POST /api/v4/jobs/request HTTP/1.1" 204 0 "" "gitlab-runner 14.8.2 (14-8-stable; go1.17.7; linux/amd64)" -
