118.69.128.53 - - [20/Mar/2022:10:54:12 +0000] "POST /root/learn_ci/-/environments HTTP/2.0" 200 248 "https://learning-devops.tk/root/learn_ci/-/environments/new" "Mozilla/5.0 (Windows NT 10.0; Win64; x64) AppleWebKit/537.36 (KHTML, like Gecko) Chrome/99.0.4844.74 Safari/537.36" 1.60
118.69.128.53 - - [20/Mar/2022:10:54:13 +0000] "GET /root/learn_ci/-/environments/2 HTTP/2.0" 200 23870 "https://learning-devops.tk/root/learn_ci/-/environments/new" "Mozilla/5.0 (Windows NT 10.0; Win64; x64) AppleWebKit/537.36 (KHTML, like Gecko) Chrome/99.0.4844.74 Safari/537.36" 4.62
118.69.128.53 - - [20/Mar/2022:10:54:14 +0000] "GET /assets/webpack/pages.projects.environments.show.a0515d1c.chunk.js HTTP/2.0" 200 4021 "https://learning-devops.tk/root/learn_ci/-/environments/2" "Mozilla/5.0 (Windows NT 10.0; Win64; x64) AppleWebKit/537.36 (KHTML, like Gecko) Chrome/99.0.4844.74 Safari/537.36" -
172.21.0.3 - - [20/Mar/2022:10:54:15 +0000] "POST /api/v4/jobs/request HTTP/1.1" 204 0 "" "gitlab-runner 14.8.2 (14-8-stable; go1.17.7; linux/amd64)" -
118.69.128.53 - - [20/Mar/2022:10:54:18 +0000] "GET /root/learn_ci/-/environments HTTP/2.0" 200 23329 "https://learning-devops.tk/root/learn_ci/-/environments/2" "Mozilla/5.0 (Windows NT 10.0; Win64; x64) AppleWebKit/537.36 (KHTML, like Gecko) Chrome/99.0.4844.74 Safari/537.36" 4.64
172.21.0.3 - - [20/Mar/2022:10:54:18 +0000] "POST /api/v4/jobs/request HTTP/1.1" 204 0 "" "gitlab-runner 14.8.2 (14-8-stable; go1.17.7; linux/amd64)" -
118.69.128.53 - - [20/Mar/2022:10:54:19 +0000] "GET /root/learn_ci/-/environments.json?scope=available&page=1&nested=true HTTP/2.0" 200 642 "https://learning-devops.tk/root/learn_ci/-/environments" "Mozilla/5.0 (Windows NT 10.0; Win64; x64) AppleWebKit/537.36 (KHTML, like Gecko) Chrome/99.0.4844.74 Safari/537.36" 2.11
118.69.128.53 - - [20/Mar/2022:10:54:20 +0000] "GET /root/learn_ci/-/environments/new HTTP/2.0" 200 23157 "https://learning-devops.tk/root/learn_ci/-/environments" "Mozilla/5.0 (Windows NT 10.0; Win64; x64) AppleWebKit/537.36 (KHTML, like Gecko) Chrome/99.0.4844.74 Safari/537.36" 4.64
172.21.0.3 - - [20/Mar/2022:10:54:21 +0000] "POST /api/v4/jobs/request HTTP/1.1" 204 0 "" "gitlab-runner 14.8.2 (14-8-stable; go1.17.7; linux/amd64)" -
127.0.0.1 - - [20/Mar/2022:10:54:22 +0000] "GET /help HTTP/1.1" 200 76582 "" "curl/7.79.1-DEV" -
172.21.0.3 - - [20/Mar/2022:10:54:24 +0000] "POST /api/v4/jobs/request HTTP/1.1" 204 0 "" "gitlab-runner 14.8.2 (14-8-stable; go1.17.7; linux/amd64)" -
172.21.0.3 - - [20/Mar/2022:10:54:27 +0000] "POST /api/v4/jobs/request HTTP/1.1" 204 0 "" "gitlab-runner 14.8.2 (14-8-stable; go1.17.7; linux/amd64)" -
172.21.0.3 - - [20/Mar/2022:10:54:30 +0000] "POST /api/v4/jobs/request HTTP/1.1" 204 0 "" "gitlab-runner 14.8.2 (14-8-stable; go1.17.7; linux/amd64)" -
172.21.0.3 - - [20/Mar/2022:10:54:33 +0000] "POST /api/v4/jobs/request HTTP/1.1" 204 0 "" "gitlab-runner 14.8.2 (14-8-stable; go1.17.7; linux/amd64)" -
172.21.0.3 - - [20/Mar/2022:10:54:36 +0000] "POST /api/v4/jobs/request HTTP/1.1" 204 0 "" "gitlab-runner 14.8.2 (14-8-stable; go1.17.7; linux/amd64)" -
172.21.0.3 - - [20/Mar/2022:10:54:39 +0000] "POST /api/v4/jobs/request HTTP/1.1" 204 0 "" "gitlab-runner 14.8.2 (14-8-stable; go1.17.7; linux/amd64)" -
172.21.0.3 - - [20/Mar/2022:10:54:42 +0000] "POST /api/v4/jobs/request HTTP/1.1" 204 0 "" "gitlab-runner 14.8.2 (14-8-stable; go1.17.7; linux/amd64)" -
172.21.0.3 - - [20/Mar/2022:10:54:45 +0000] "POST /api/v4/jobs/request HTTP/1.1" 204 0 "" "gitlab-runner 14.8.2 (14-8-stable; go1.17.7; linux/amd64)" -
172.21.0.3 - - [20/Mar/2022:10:54:48 +0000] "POST /api/v4/jobs/request HTTP/1.1" 204 0 "" "gitlab-runner 14.8.2 (14-8-stable; go1.17.7; linux/amd64)" -
172.21.0.3 - - [20/Mar/2022:10:54:51 +0000] "POST /api/v4/jobs/request HTTP/1.1" 204 0 "" "gitlab-runner 14.8.2 (14-8-stable; go1.17.7; linux/amd64)" -
172.21.0.3 - - [20/Mar/2022:10:54:54 +0000] "POST /api/v4/jobs/request HTTP/1.1" 204 0 "" "gitlab-runner 14.8.2 (14-8-stable; go1.17.7; linux/amd64)" -
172.21.0.3 - - [20/Mar/2022:10:54:57 +0000] "POST /api/v4/jobs/request HTTP/1.1" 204 0 "" "gitlab-runner 14.8.2 (14-8-stable; go1.17.7; linux/amd64)" -
172.21.0.3 - - [20/Mar/2022:10:55:00 +0000] "POST /api/v4/jobs/request HTTP/1.1" 204 0 "" "gitlab-runner 14.8.2 (14-8-stable; go1.17.7; linux/amd64)" -
172.21.0.3 - - [20/Mar/2022:10:55:03 +0000] "POST /api/v4/jobs/request HTTP/1.1" 204 0 "" "gitlab-runner 14.8.2 (14-8-stable; go1.17.7; linux/amd64)" -
172.21.0.3 - - [20/Mar/2022:10:55:06 +0000] "POST /api/v4/jobs/request HTTP/1.1" 204 0 "" "gitlab-runner 14.8.2 (14-8-stable; go1.17.7; linux/amd64)" -
172.21.0.3 - - [20/Mar/2022:10:55:09 +0000] "POST /api/v4/jobs/request HTTP/1.1" 204 0 "" "gitlab-runner 14.8.2 (14-8-stable; go1.17.7; linux/amd64)" -
172.21.0.3 - - [20/Mar/2022:10:55:12 +0000] "POST /api/v4/jobs/request HTTP/1.1" 204 0 "" "gitlab-runner 14.8.2 (14-8-stable; go1.17.7; linux/amd64)" -
172.21.0.3 - - [20/Mar/2022:10:55:15 +0000] "POST /api/v4/jobs/request HTTP/1.1" 204 0 "" "gitlab-runner 14.8.2 (14-8-stable; go1.17.7; linux/amd64)" -
172.21.0.3 - - [20/Mar/2022:10:55:18 +0000] "POST /api/v4/jobs/request HTTP/1.1" 204 0 "" "gitlab-runner 14.8.2 (14-8-stable; go1.17.7; linux/amd64)" -
172.21.0.3 - - [20/Mar/2022:10:55:21 +0000] "POST /api/v4/jobs/request HTTP/1.1" 204 0 "" "gitlab-runner 14.8.2 (14-8-stable; go1.17.7; linux/amd64)" -
127.0.0.1 - - [20/Mar/2022:10:55:22 +0000] "GET /help HTTP/1.1" 200 76582 "" "curl/7.79.1-DEV" -
172.21.0.3 - - [20/Mar/2022:10:55:24 +0000] "POST /api/v4/jobs/request HTTP/1.1" 204 0 "" "gitlab-runner 14.8.2 (14-8-stable; go1.17.7; linux/amd64)" -
118.69.128.53 - - [20/Mar/2022:10:55:25 +0000] "POST /root/learn_ci/-/environments HTTP/2.0" 200 246 "https://learning-devops.tk/root/learn_ci/-/environments/new" "Mozilla/5.0 (Windows NT 10.0; Win64; x64) AppleWebKit/537.36 (KHTML, like Gecko) Chrome/99.0.4844.74 Safari/537.36" 1.58
118.69.128.53 - - [20/Mar/2022:10:55:25 +0000] "GET /root/learn_ci/-/environments/3 HTTP/2.0" 200 23866 "https://learning-devops.tk/root/learn_ci/-/environments/new" "Mozilla/5.0 (Windows NT 10.0; Win64; x64) AppleWebKit/537.36 (KHTML, like Gecko) Chrome/99.0.4844.74 Safari/537.36" 4.62
172.21.0.3 - - [20/Mar/2022:10:55:27 +0000] "POST /api/v4/jobs/request HTTP/1.1" 204 0 "" "gitlab-runner 14.8.2 (14-8-stable; go1.17.7; linux/amd64)" -
172.21.0.3 - - [20/Mar/2022:10:55:30 +0000] "POST /api/v4/jobs/request HTTP/1.1" 204 0 "" "gitlab-runner 14.8.2 (14-8-stable; go1.17.7; linux/amd64)" -
172.21.0.3 - - [20/Mar/2022:10:55:33 +0000] "POST /api/v4/jobs/request HTTP/1.1" 204 0 "" "gitlab-runner 14.8.2 (14-8-stable; go1.17.7; linux/amd64)" -
172.21.0.3 - - [20/Mar/2022:10:55:36 +0000] "POST /api/v4/jobs/request HTTP/1.1" 204 0 "" "gitlab-runner 14.8.2 (14-8-stable; go1.17.7; linux/amd64)" -
172.21.0.3 - - [20/Mar/2022:10:55:39 +0000] "POST /api/v4/jobs/request HTTP/1.1" 204 0 "" "gitlab-runner 14.8.2 (14-8-stable; go1.17.7; linux/amd64)" -
172.21.0.3 - - [20/Mar/2022:10:55:42 +0000] "POST /api/v4/jobs/request HTTP/1.1" 204 0 "" "gitlab-runner 14.8.2 (14-8-stable; go1.17.7; linux/amd64)" -
172.21.0.3 - - [20/Mar/2022:10:55:45 +0000] "POST /api/v4/jobs/request HTTP/1.1" 204 0 "" "gitlab-runner 14.8.2 (14-8-stable; go1.17.7; linux/amd64)" -
172.21.0.3 - - [20/Mar/2022:10:55:48 +0000] "POST /api/v4/jobs/request HTTP/1.1" 204 0 "" "gitlab-runner 14.8.2 (14-8-stable; go1.17.7; linux/amd64)" -
172.21.0.3 - - [20/Mar/2022:10:55:51 +0000] "POST /api/v4/jobs/request HTTP/1.1" 204 0 "" "gitlab-runner 14.8.2 (14-8-stable; go1.17.7; linux/amd64)" -
172.21.0.3 - - [20/Mar/2022:10:55:54 +0000] "POST /api/v4/jobs/request HTTP/1.1" 204 0 "" "gitlab-runner 14.8.2 (14-8-stable; go1.17.7; linux/amd64)" -
172.21.0.3 - - [20/Mar/2022:10:55:57 +0000] "POST /api/v4/jobs/request HTTP/1.1" 204 0 "" "gitlab-runner 14.8.2 (14-8-stable; go1.17.7; linux/amd64)" -
172.21.0.3 - - [20/Mar/2022:10:56:00 +0000] "POST /api/v4/jobs/request HTTP/1.1" 204 0 "" "gitlab-runner 14.8.2 (14-8-stable; go1.17.7; linux/amd64)" -
172.21.0.3 - - [20/Mar/2022:10:56:03 +0000] "POST /api/v4/jobs/request HTTP/1.1" 204 0 "" "gitlab-runner 14.8.2 (14-8-stable; go1.17.7; linux/amd64)" -
172.21.0.3 - - [20/Mar/2022:10:56:06 +0000] "POST /api/v4/jobs/request HTTP/1.1" 204 0 "" "gitlab-runner 14.8.2 (14-8-stable; go1.17.7; linux/amd64)" -
172.21.0.3 - - [20/Mar/2022:10:56:09 +0000] "POST /api/v4/jobs/request HTTP/1.1" 204 0 "" "gitlab-runner 14.8.2 (14-8-stable; go1.17.7; linux/amd64)" -
172.21.0.3 - - [20/Mar/2022:10:56:12 +0000] "POST /api/v4/jobs/request HTTP/1.1" 204 0 "" "gitlab-runner 14.8.2 (14-8-stable; go1.17.7; linux/amd64)" -
172.21.0.3 - - [20/Mar/2022:10:56:15 +0000] "POST /api/v4/jobs/request HTTP/1.1" 204 0 "" "gitlab-runner 14.8.2 (14-8-stable; go1.17.7; linux/amd64)" -
172.21.0.3 - - [20/Mar/2022:10:56:18 +0000] "POST /api/v4/jobs/request HTTP/1.1" 204 0 "" "gitlab-runner 14.8.2 (14-8-stable; go1.17.7; linux/amd64)" -
172.21.0.3 - - [20/Mar/2022:10:56:21 +0000] "POST /api/v4/jobs/request HTTP/1.1" 204 0 "" "gitlab-runner 14.8.2 (14-8-stable; go1.17.7; linux/amd64)" -
127.0.0.1 - - [20/Mar/2022:10:56:22 +0000] "GET /help HTTP/1.1" 200 76588 "" "curl/7.79.1-DEV" -
172.21.0.3 - - [20/Mar/2022:10:56:24 +0000] "POST /api/v4/jobs/request HTTP/1.1" 204 0 "" "gitlab-runner 14.8.2 (14-8-stable; go1.17.7; linux/amd64)" -
172.21.0.3 - - [20/Mar/2022:10:56:27 +0000] "POST /api/v4/jobs/request HTTP/1.1" 204 0 "" "gitlab-runner 14.8.2 (14-8-stable; go1.17.7; linux/amd64)" -
172.21.0.3 - - [20/Mar/2022:10:56:30 +0000] "POST /api/v4/jobs/request HTTP/1.1" 204 0 "" "gitlab-runner 14.8.2 (14-8-stable; go1.17.7; linux/amd64)" -
172.21.0.3 - - [20/Mar/2022:10:56:33 +0000] "POST /api/v4/jobs/request HTTP/1.1" 204 0 "" "gitlab-runner 14.8.2 (14-8-stable; go1.17.7; linux/amd64)" -
172.21.0.3 - - [20/Mar/2022:10:56:36 +0000] "POST /api/v4/jobs/request HTTP/1.1" 204 0 "" "gitlab-runner 14.8.2 (14-8-stable; go1.17.7; linux/amd64)" -
172.21.0.3 - - [20/Mar/2022:10:56:39 +0000] "POST /api/v4/jobs/request HTTP/1.1" 204 0 "" "gitlab-runner 14.8.2 (14-8-stable; go1.17.7; linux/amd64)" -
172.21.0.3 - - [20/Mar/2022:10:56:42 +0000] "POST /api/v4/jobs/request HTTP/1.1" 204 0 "" "gitlab-runner 14.8.2 (14-8-stable; go1.17.7; linux/amd64)" -
172.21.0.3 - - [20/Mar/2022:10:56:45 +0000] "POST /api/v4/jobs/request HTTP/1.1" 204 0 "" "gitlab-runner 14.8.2 (14-8-stable; go1.17.7; linux/amd64)" -
172.21.0.3 - - [20/Mar/2022:10:56:48 +0000] "POST /api/v4/jobs/request HTTP/1.1" 204 0 "" "gitlab-runner 14.8.2 (14-8-stable; go1.17.7; linux/amd64)" -
172.21.0.3 - - [20/Mar/2022:10:56:51 +0000] "POST /api/v4/jobs/request HTTP/1.1" 204 0 "" "gitlab-runner 14.8.2 (14-8-stable; go1.17.7; linux/amd64)" -
172.21.0.3 - - [20/Mar/2022:10:56:54 +0000] "POST /api/v4/jobs/request HTTP/1.1" 204 0 "" "gitlab-runner 14.8.2 (14-8-stable; go1.17.7; linux/amd64)" -
172.21.0.3 - - [20/Mar/2022:10:56:57 +0000] "POST /api/v4/jobs/request HTTP/1.1" 204 0 "" "gitlab-runner 14.8.2 (14-8-stable; go1.17.7; linux/amd64)" -
172.21.0.3 - - [20/Mar/2022:10:57:00 +0000] "POST /api/v4/jobs/request HTTP/1.1" 204 0 "" "gitlab-runner 14.8.2 (14-8-stable; go1.17.7; linux/amd64)" -
172.21.0.3 - - [20/Mar/2022:10:57:03 +0000] "POST /api/v4/jobs/request HTTP/1.1" 204 0 "" "gitlab-runner 14.8.2 (14-8-stable; go1.17.7; linux/amd64)" -
172.21.0.3 - - [20/Mar/2022:10:57:06 +0000] "POST /api/v4/jobs/request HTTP/1.1" 204 0 "" "gitlab-runner 14.8.2 (14-8-stable; go1.17.7; linux/amd64)" -
172.21.0.3 - - [20/Mar/2022:10:57:09 +0000] "POST /api/v4/jobs/request HTTP/1.1" 204 0 "" "gitlab-runner 14.8.2 (14-8-stable; go1.17.7; linux/amd64)" -
172.21.0.3 - - [20/Mar/2022:10:57:12 +0000] "POST /api/v4/jobs/request HTTP/1.1" 204 0 "" "gitlab-runner 14.8.2 (14-8-stable; go1.17.7; linux/amd64)" -
172.21.0.3 - - [20/Mar/2022:10:57:15 +0000] "POST /api/v4/jobs/request HTTP/1.1" 204 0 "" "gitlab-runner 14.8.2 (14-8-stable; go1.17.7; linux/amd64)" -
172.21.0.3 - - [20/Mar/2022:10:57:18 +0000] "POST /api/v4/jobs/request HTTP/1.1" 204 0 "" "gitlab-runner 14.8.2 (14-8-stable; go1.17.7; linux/amd64)" -
172.21.0.3 - - [20/Mar/2022:10:57:21 +0000] "POST /api/v4/jobs/request HTTP/1.1" 204 0 "" "gitlab-runner 14.8.2 (14-8-stable; go1.17.7; linux/amd64)" -
127.0.0.1 - - [20/Mar/2022:10:57:23 +0000] "GET /help HTTP/1.1" 200 76582 "" "curl/7.79.1-DEV" -
172.21.0.3 - - [20/Mar/2022:10:57:24 +0000] "POST /api/v4/jobs/request HTTP/1.1" 204 0 "" "gitlab-runner 14.8.2 (14-8-stable; go1.17.7; linux/amd64)" -
172.21.0.3 - - [20/Mar/2022:10:57:27 +0000] "POST /api/v4/jobs/request HTTP/1.1" 204 0 "" "gitlab-runner 14.8.2 (14-8-stable; go1.17.7; linux/amd64)" -
172.21.0.3 - - [20/Mar/2022:10:57:30 +0000] "POST /api/v4/jobs/request HTTP/1.1" 204 0 "" "gitlab-runner 14.8.2 (14-8-stable; go1.17.7; linux/amd64)" -
172.21.0.3 - - [20/Mar/2022:10:57:33 +0000] "POST /api/v4/jobs/request HTTP/1.1" 204 0 "" "gitlab-runner 14.8.2 (14-8-stable; go1.17.7; linux/amd64)" -
118.69.128.53 - - [20/Mar/2022:10:57:35 +0000] "GET /root/learn_ci/-/settings/ci_cd HTTP/2.0" 200 34049 "https://learning-devops.tk/root/learn_ci/-/environments/3" "Mozilla/5.0 (Windows NT 10.0; Win64; x64) AppleWebKit/537.36 (KHTML, like Gecko) Chrome/99.0.4844.74 Safari/537.36" 4.84
118.69.128.53 - - [20/Mar/2022:10:57:36 +0000] "GET /root/learn_ci/-/badges/release.svg HTTP/2.0" 304 0 "https://learning-devops.tk/root/learn_ci/-/settings/ci_cd" "Mozilla/5.0 (Windows NT 10.0; Win64; x64) AppleWebKit/537.36 (KHTML, like Gecko) Chrome/99.0.4844.74 Safari/537.36" -
118.69.128.53 - - [20/Mar/2022:10:57:36 +0000] "GET /root/learn_ci/badges/main/pipeline.svg HTTP/2.0" 200 948 "https://learning-devops.tk/root/learn_ci/-/settings/ci_cd" "Mozilla/5.0 (Windows NT 10.0; Win64; x64) AppleWebKit/537.36 (KHTML, like Gecko) Chrome/99.0.4844.74 Safari/537.36" -
118.69.128.53 - - [20/Mar/2022:10:57:36 +0000] "GET /root/learn_ci/badges/main/coverage.svg HTTP/2.0" 200 950 "https://learning-devops.tk/root/learn_ci/-/settings/ci_cd" "Mozilla/5.0 (Windows NT 10.0; Win64; x64) AppleWebKit/537.36 (KHTML, like Gecko) Chrome/99.0.4844.74 Safari/537.36" -
172.21.0.3 - - [20/Mar/2022:10:57:36 +0000] "POST /api/v4/jobs/request HTTP/1.1" 204 0 "" "gitlab-runner 14.8.2 (14-8-stable; go1.17.7; linux/amd64)" -
118.69.128.53 - - [20/Mar/2022:10:57:36 +0000] "GET /root/learn_ci/-/variables HTTP/2.0" 304 0 "https://learning-devops.tk/root/learn_ci/-/settings/ci_cd" "Mozilla/5.0 (Windows NT 10.0; Win64; x64) AppleWebKit/537.36 (KHTML, like Gecko) Chrome/99.0.4844.74 Safari/537.36" -
118.69.128.53 - - [20/Mar/2022:10:57:36 +0000] "GET /api/v4/projects/2/freeze_periods HTTP/2.0" 304 0 "https://learning-devops.tk/root/learn_ci/-/settings/ci_cd" "Mozilla/5.0 (Windows NT 10.0; Win64; x64) AppleWebKit/537.36 (KHTML, like Gecko) Chrome/99.0.4844.74 Safari/537.36" -
118.69.128.53 - - [20/Mar/2022:10:57:36 +0000] "GET /api/v4/projects/2/environments HTTP/2.0" 200 640 "https://learning-devops.tk/root/learn_ci/-/settings/ci_cd" "Mozilla/5.0 (Windows NT 10.0; Win64; x64) AppleWebKit/537.36 (KHTML, like Gecko) Chrome/99.0.4844.74 Safari/537.36" 3.82
118.69.128.53 - - [20/Mar/2022:10:57:36 +0000] "POST /api/graphql HTTP/2.0" 200 154 "https://learning-devops.tk/root/learn_ci/-/settings/ci_cd" "Mozilla/5.0 (Windows NT 10.0; Win64; x64) AppleWebKit/537.36 (KHTML, like Gecko) Chrome/99.0.4844.74 Safari/537.36" -
118.69.128.53 - - [20/Mar/2022:10:57:36 +0000] "POST /api/graphql HTTP/2.0" 200 148 "https://learning-devops.tk/root/learn_ci/-/settings/ci_cd" "Mozilla/5.0 (Windows NT 10.0; Win64; x64) AppleWebKit/537.36 (KHTML, like Gecko) Chrome/99.0.4844.74 Safari/537.36" 1.73
172.21.0.3 - - [20/Mar/2022:10:57:39 +0000] "POST /api/v4/jobs/request HTTP/1.1" 204 0 "" "gitlab-runner 14.8.2 (14-8-stable; go1.17.7; linux/amd64)" -
172.21.0.3 - - [20/Mar/2022:10:57:42 +0000] "POST /api/v4/jobs/request HTTP/1.1" 204 0 "" "gitlab-runner 14.8.2 (14-8-stable; go1.17.7; linux/amd64)" -
172.21.0.3 - - [20/Mar/2022:10:57:45 +0000] "POST /api/v4/jobs/request HTTP/1.1" 204 0 "" "gitlab-runner 14.8.2 (14-8-stable; go1.17.7; linux/amd64)" -
172.21.0.3 - - [20/Mar/2022:10:57:48 +0000] "POST /api/v4/jobs/request HTTP/1.1" 204 0 "" "gitlab-runner 14.8.2 (14-8-stable; go1.17.7; linux/amd64)" -
172.21.0.3 - - [20/Mar/2022:10:57:51 +0000] "POST /api/v4/jobs/request HTTP/1.1" 204 0 "" "gitlab-runner 14.8.2 (14-8-stable; go1.17.7; linux/amd64)" -
172.21.0.3 - - [20/Mar/2022:10:57:54 +0000] "POST /api/v4/jobs/request HTTP/1.1" 204 0 "" "gitlab-runner 14.8.2 (14-8-stable; go1.17.7; linux/amd64)" -
172.21.0.3 - - [20/Mar/2022:10:57:57 +0000] "POST /api/v4/jobs/request HTTP/1.1" 204 0 "" "gitlab-runner 14.8.2 (14-8-stable; go1.17.7; linux/amd64)" -
172.21.0.3 - - [20/Mar/2022:10:58:00 +0000] "POST /api/v4/jobs/request HTTP/1.1" 204 0 "" "gitlab-runner 14.8.2 (14-8-stable; go1.17.7; linux/amd64)" -
172.21.0.3 - - [20/Mar/2022:10:58:03 +0000] "POST /api/v4/jobs/request HTTP/1.1" 204 0 "" "gitlab-runner 14.8.2 (14-8-stable; go1.17.7; linux/amd64)" -
172.21.0.3 - - [20/Mar/2022:10:58:06 +0000] "POST /api/v4/jobs/request HTTP/1.1" 204 0 "" "gitlab-runner 14.8.2 (14-8-stable; go1.17.7; linux/amd64)" -
172.21.0.3 - - [20/Mar/2022:10:58:09 +0000] "POST /api/v4/jobs/request HTTP/1.1" 204 0 "" "gitlab-runner 14.8.2 (14-8-stable; go1.17.7; linux/amd64)" -
172.21.0.3 - - [20/Mar/2022:10:58:12 +0000] "POST /api/v4/jobs/request HTTP/1.1" 204 0 "" "gitlab-runner 14.8.2 (14-8-stable; go1.17.7; linux/amd64)" -
172.21.0.3 - - [20/Mar/2022:10:58:15 +0000] "POST /api/v4/jobs/request HTTP/1.1" 204 0 "" "gitlab-runner 14.8.2 (14-8-stable; go1.17.7; linux/amd64)" -
172.21.0.3 - - [20/Mar/2022:10:58:18 +0000] "POST /api/v4/jobs/request HTTP/1.1" 204 0 "" "gitlab-runner 14.8.2 (14-8-stable; go1.17.7; linux/amd64)" -
172.21.0.3 - - [20/Mar/2022:10:58:21 +0000] "POST /api/v4/jobs/request HTTP/1.1" 204 0 "" "gitlab-runner 14.8.2 (14-8-stable; go1.17.7; linux/amd64)" -
127.0.0.1 - - [20/Mar/2022:10:58:23 +0000] "GET /help HTTP/1.1" 200 76588 "" "curl/7.79.1-DEV" -
172.21.0.3 - - [20/Mar/2022:10:58:24 +0000] "POST /api/v4/jobs/request HTTP/1.1" 204 0 "" "gitlab-runner 14.8.2 (14-8-stable; go1.17.7; linux/amd64)" -
172.21.0.3 - - [20/Mar/2022:10:58:27 +0000] "POST /api/v4/jobs/request HTTP/1.1" 204 0 "" "gitlab-runner 14.8.2 (14-8-stable; go1.17.7; linux/amd64)" -
172.21.0.3 - - [20/Mar/2022:10:58:30 +0000] "POST /api/v4/jobs/request HTTP/1.1" 204 0 "" "gitlab-runner 14.8.2 (14-8-stable; go1.17.7; linux/amd64)" -
172.21.0.3 - - [20/Mar/2022:10:58:33 +0000] "POST /api/v4/jobs/request HTTP/1.1" 204 0 "" "gitlab-runner 14.8.2 (14-8-stable; go1.17.7; linux/amd64)" -
172.21.0.3 - - [20/Mar/2022:10:58:36 +0000] "POST /api/v4/jobs/request HTTP/1.1" 204 0 "" "gitlab-runner 14.8.2 (14-8-stable; go1.17.7; linux/amd64)" -
172.21.0.3 - - [20/Mar/2022:10:58:39 +0000] "POST /api/v4/jobs/request HTTP/1.1" 204 0 "" "gitlab-runner 14.8.2 (14-8-stable; go1.17.7; linux/amd64)" -
172.21.0.3 - - [20/Mar/2022:10:58:42 +0000] "POST /api/v4/jobs/request HTTP/1.1" 204 0 "" "gitlab-runner 14.8.2 (14-8-stable; go1.17.7; linux/amd64)" -
118.69.128.53 - - [20/Mar/2022:10:58:45 +0000] "PATCH /root/learn_ci/-/variables HTTP/2.0" 200 298 "https://learning-devops.tk/root/learn_ci/-/settings/ci_cd" "Mozilla/5.0 (Windows NT 10.0; Win64; x64) AppleWebKit/537.36 (KHTML, like Gecko) Chrome/99.0.4844.74 Safari/537.36" 2.14
118.69.128.53 - - [20/Mar/2022:10:58:45 +0000] "GET /root/learn_ci/-/variables HTTP/2.0" 200 298 "https://learning-devops.tk/root/learn_ci/-/settings/ci_cd" "Mozilla/5.0 (Windows NT 10.0; Win64; x64) AppleWebKit/537.36 (KHTML, like Gecko) Chrome/99.0.4844.74 Safari/537.36" 2.14
172.21.0.3 - - [20/Mar/2022:10:58:45 +0000] "POST /api/v4/jobs/request HTTP/1.1" 204 0 "" "gitlab-runner 14.8.2 (14-8-stable; go1.17.7; linux/amd64)" -
187.87.33.100 - - [20/Mar/2022:10:58:47 +0000] "GET / HTTP/1.1" 301 162 "" "Mozilla/5.0 (Windows NT 10.0; WOW64) AppleWebKit/537.36 (KHTML, like Gecko) Chrome/52.0.2743.116 Safari/537.36" -
172.21.0.3 - - [20/Mar/2022:10:58:48 +0000] "POST /api/v4/jobs/request HTTP/1.1" 204 0 "" "gitlab-runner 14.8.2 (14-8-stable; go1.17.7; linux/amd64)" -
172.21.0.3 - - [20/Mar/2022:10:58:51 +0000] "POST /api/v4/jobs/request HTTP/1.1" 204 0 "" "gitlab-runner 14.8.2 (14-8-stable; go1.17.7; linux/amd64)" -
172.21.0.3 - - [20/Mar/2022:10:58:54 +0000] "POST /api/v4/jobs/request HTTP/1.1" 204 0 "" "gitlab-runner 14.8.2 (14-8-stable; go1.17.7; linux/amd64)" -
172.21.0.3 - - [20/Mar/2022:10:58:57 +0000] "POST /api/v4/jobs/request HTTP/1.1" 204 0 "" "gitlab-runner 14.8.2 (14-8-stable; go1.17.7; linux/amd64)" -
172.21.0.3 - - [20/Mar/2022:10:59:00 +0000] "POST /api/v4/jobs/request HTTP/1.1" 204 0 "" "gitlab-runner 14.8.2 (14-8-stable; go1.17.7; linux/amd64)" -
172.21.0.3 - - [20/Mar/2022:10:59:03 +0000] "POST /api/v4/jobs/request HTTP/1.1" 204 0 "" "gitlab-runner 14.8.2 (14-8-stable; go1.17.7; linux/amd64)" -
172.21.0.3 - - [20/Mar/2022:10:59:06 +0000] "POST /api/v4/jobs/request HTTP/1.1" 204 0 "" "gitlab-runner 14.8.2 (14-8-stable; go1.17.7; linux/amd64)" -
172.21.0.3 - - [20/Mar/2022:10:59:09 +0000] "POST /api/v4/jobs/request HTTP/1.1" 204 0 "" "gitlab-runner 14.8.2 (14-8-stable; go1.17.7; linux/amd64)" -
118.69.128.53 - - [20/Mar/2022:10:59:10 +0000] "PATCH /root/learn_ci/-/variables HTTP/2.0" 200 313 "https://learning-devops.tk/root/learn_ci/-/settings/ci_cd" "Mozilla/5.0 (Windows NT 10.0; Win64; x64) AppleWebKit/537.36 (KHTML, like Gecko) Chrome/99.0.4844.74 Safari/537.36" 2.54
118.69.128.53 - - [20/Mar/2022:10:59:10 +0000] "GET /root/learn_ci/-/variables HTTP/2.0" 200 313 "https://learning-devops.tk/root/learn_ci/-/settings/ci_cd" "Mozilla/5.0 (Windows NT 10.0; Win64; x64) AppleWebKit/537.36 (KHTML, like Gecko) Chrome/99.0.4844.74 Safari/537.36" 2.54
172.21.0.3 - - [20/Mar/2022:10:59:12 +0000] "POST /api/v4/jobs/request HTTP/1.1" 204 0 "" "gitlab-runner 14.8.2 (14-8-stable; go1.17.7; linux/amd64)" -
172.21.0.3 - - [20/Mar/2022:10:59:15 +0000] "POST /api/v4/jobs/request HTTP/1.1" 204 0 "" "gitlab-runner 14.8.2 (14-8-stable; go1.17.7; linux/amd64)" -
172.21.0.3 - - [20/Mar/2022:10:59:18 +0000] "POST /api/v4/jobs/request HTTP/1.1" 204 0 "" "gitlab-runner 14.8.2 (14-8-stable; go1.17.7; linux/amd64)" -
172.21.0.3 - - [20/Mar/2022:10:59:21 +0000] "POST /api/v4/jobs/request HTTP/1.1" 204 0 "" "gitlab-runner 14.8.2 (14-8-stable; go1.17.7; linux/amd64)" -
127.0.0.1 - - [20/Mar/2022:10:59:23 +0000] "GET /help HTTP/1.1" 200 76582 "" "curl/7.79.1-DEV" -
172.21.0.3 - - [20/Mar/2022:10:59:24 +0000] "POST /api/v4/jobs/request HTTP/1.1" 204 0 "" "gitlab-runner 14.8.2 (14-8-stable; go1.17.7; linux/amd64)" -
172.21.0.3 - - [20/Mar/2022:10:59:27 +0000] "POST /api/v4/jobs/request HTTP/1.1" 204 0 "" "gitlab-runner 14.8.2 (14-8-stable; go1.17.7; linux/amd64)" -
172.21.0.3 - - [20/Mar/2022:10:59:30 +0000] "POST /api/v4/jobs/request HTTP/1.1" 204 0 "" "gitlab-runner 14.8.2 (14-8-stable; go1.17.7; linux/amd64)" -
172.21.0.3 - - [20/Mar/2022:10:59:33 +0000] "POST /api/v4/jobs/request HTTP/1.1" 204 0 "" "gitlab-runner 14.8.2 (14-8-stable; go1.17.7; linux/amd64)" -
172.21.0.3 - - [20/Mar/2022:10:59:36 +0000] "POST /api/v4/jobs/request HTTP/1.1" 204 0 "" "gitlab-runner 14.8.2 (14-8-stable; go1.17.7; linux/amd64)" -
172.21.0.3 - - [20/Mar/2022:10:59:39 +0000] "POST /api/v4/jobs/request HTTP/1.1" 204 0 "" "gitlab-runner 14.8.2 (14-8-stable; go1.17.7; linux/amd64)" -
172.21.0.3 - - [20/Mar/2022:10:59:42 +0000] "POST /api/v4/jobs/request HTTP/1.1" 204 0 "" "gitlab-runner 14.8.2 (14-8-stable; go1.17.7; linux/amd64)" -
172.21.0.3 - - [20/Mar/2022:10:59:45 +0000] "POST /api/v4/jobs/request HTTP/1.1" 204 0 "" "gitlab-runner 14.8.2 (14-8-stable; go1.17.7; linux/amd64)" -
172.21.0.3 - - [20/Mar/2022:10:59:48 +0000] "POST /api/v4/jobs/request HTTP/1.1" 204 0 "" "gitlab-runner 14.8.2 (14-8-stable; go1.17.7; linux/amd64)" -
118.69.128.53 - - [20/Mar/2022:10:59:50 +0000] "GET /root/learn_ci/-/schema/70df9f069b3758a58e060b4eff53d84e10318078/.gitlab-ci.yml HTTP/2.0" 304 0 "https://learning-devops.tk/assets/webpack/yaml.worker.worker.js" "Mozilla/5.0 (Windows NT 10.0; Win64; x64) AppleWebKit/537.36 (KHTML, like Gecko) Chrome/99.0.4844.74 Safari/537.36" -
172.21.0.3 - - [20/Mar/2022:10:59:51 +0000] "POST /api/v4/jobs/request HTTP/1.1" 204 0 "" "gitlab-runner 14.8.2 (14-8-stable; go1.17.7; linux/amd64)" -
172.21.0.3 - - [20/Mar/2022:10:59:54 +0000] "POST /api/v4/jobs/request HTTP/1.1" 204 0 "" "gitlab-runner 14.8.2 (14-8-stable; go1.17.7; linux/amd64)" -
172.21.0.3 - - [20/Mar/2022:10:59:57 +0000] "POST /api/v4/jobs/request HTTP/1.1" 204 0 "" "gitlab-runner 14.8.2 (14-8-stable; go1.17.7; linux/amd64)" -
172.21.0.3 - - [20/Mar/2022:11:00:00 +0000] "POST /api/v4/jobs/request HTTP/1.1" 204 0 "" "gitlab-runner 14.8.2 (14-8-stable; go1.17.7; linux/amd64)" -
172.21.0.3 - - [20/Mar/2022:11:00:03 +0000] "POST /api/v4/jobs/request HTTP/1.1" 204 0 "" "gitlab-runner 14.8.2 (14-8-stable; go1.17.7; linux/amd64)" -
172.21.0.3 - - [20/Mar/2022:11:00:06 +0000] "POST /api/v4/jobs/request HTTP/1.1" 204 0 "" "gitlab-runner 14.8.2 (14-8-stable; go1.17.7; linux/amd64)" -
172.21.0.3 - - [20/Mar/2022:11:00:09 +0000] "POST /api/v4/jobs/request HTTP/1.1" 204 0 "" "gitlab-runner 14.8.2 (14-8-stable; go1.17.7; linux/amd64)" -
172.21.0.3 - - [20/Mar/2022:11:00:12 +0000] "POST /api/v4/jobs/request HTTP/1.1" 204 0 "" "gitlab-runner 14.8.2 (14-8-stable; go1.17.7; linux/amd64)" -
172.21.0.3 - - [20/Mar/2022:11:00:15 +0000] "POST /api/v4/jobs/request HTTP/1.1" 204 0 "" "gitlab-runner 14.8.2 (14-8-stable; go1.17.7; linux/amd64)" -
172.21.0.3 - - [20/Mar/2022:11:00:18 +0000] "POST /api/v4/jobs/request HTTP/1.1" 204 0 "" "gitlab-runner 14.8.2 (14-8-stable; go1.17.7; linux/amd64)" -
172.21.0.3 - - [20/Mar/2022:11:00:21 +0000] "POST /api/v4/jobs/request HTTP/1.1" 204 0 "" "gitlab-runner 14.8.2 (14-8-stable; go1.17.7; linux/amd64)" -
118.69.128.53 - - [20/Mar/2022:11:00:23 +0000] "GET /root/learn_ci/-/schema/70df9f069b3758a58e060b4eff53d84e10318078/.gitlab-ci.yml HTTP/2.0" 304 0 "https://learning-devops.tk/assets/webpack/yaml.worker.worker.js" "Mozilla/5.0 (Windows NT 10.0; Win64; x64) AppleWebKit/537.36 (KHTML, like Gecko) Chrome/99.0.4844.74 Safari/537.36" -
127.0.0.1 - - [20/Mar/2022:11:00:23 +0000] "GET /help HTTP/1.1" 200 76588 "" "curl/7.79.1-DEV" -
172.21.0.3 - - [20/Mar/2022:11:00:24 +0000] "POST /api/v4/jobs/request HTTP/1.1" 204 0 "" "gitlab-runner 14.8.2 (14-8-stable; go1.17.7; linux/amd64)" -
172.21.0.3 - - [20/Mar/2022:11:00:27 +0000] "POST /api/v4/jobs/request HTTP/1.1" 204 0 "" "gitlab-runner 14.8.2 (14-8-stable; go1.17.7; linux/amd64)" -
118.69.128.53 - - [20/Mar/2022:11:00:28 +0000] "POST /api/v4/projects/root%2Flearn_ci/repository/commits HTTP/2.0" 201 690 "https://learning-devops.tk/-/ide/project/root/learn_ci/tree/main/-/" "Mozilla/5.0 (Windows NT 10.0; Win64; x64) AppleWebKit/537.36 (KHTML, like Gecko) Chrome/99.0.4844.74 Safari/537.36" -
118.69.128.53 - - [20/Mar/2022:11:00:28 +0000] "GET /api/v4/projects/2/runners?scope=active HTTP/2.0" 200 190 "https://learning-devops.tk/-/ide/project/root/learn_ci/tree/main/-/" "Mozilla/5.0 (Windows NT 10.0; Win64; x64) AppleWebKit/537.36 (KHTML, like Gecko) Chrome/99.0.4844.74 Safari/537.36" -
118.69.128.53 - - [20/Mar/2022:11:00:28 +0000] "POST /root/learn_ci/ide_terminals/check_config HTTP/2.0" 422 0 "https://learning-devops.tk/-/ide/project/root/learn_ci/tree/main/-/" "Mozilla/5.0 (Windows NT 10.0; Win64; x64) AppleWebKit/537.36 (KHTML, like Gecko) Chrome/99.0.4844.74 Safari/537.36" -
118.69.128.53 - - [20/Mar/2022:11:00:28 +0000] "GET /api/v4/projects/root%2Flearn_ci/repository/branches/main HTTP/2.0" 200 380 "https://learning-devops.tk/-/ide/project/root/learn_ci/tree/main/-/.gitlab-ci.yml/" "Mozilla/5.0 (Windows NT 10.0; Win64; x64) AppleWebKit/537.36 (KHTML, like Gecko) Chrome/99.0.4844.74 Safari/537.36" 2.11
118.69.128.53 - - [20/Mar/2022:11:00:28 +0000] "GET /root/learn_ci/-/schema/70df9f069b3758a58e060b4eff53d84e10318078/.gitlab-ci.yml HTTP/2.0" 304 0 "https://learning-devops.tk/assets/webpack/yaml.worker.worker.js" "Mozilla/5.0 (Windows NT 10.0; Win64; x64) AppleWebKit/537.36 (KHTML, like Gecko) Chrome/99.0.4844.74 Safari/537.36" -
118.69.128.53 - - [20/Mar/2022:11:00:29 +0000] "GET /root/learn_ci/commit/d5da30e9aec3a6d61b11813654e4bd205915be97/pipelines HTTP/2.0" 301 166 "https://learning-devops.tk/-/ide/project/root/learn_ci/tree/main/-/.gitlab-ci.yml/" "Mozilla/5.0 (Windows NT 10.0; Win64; x64) AppleWebKit/537.36 (KHTML, like Gecko) Chrome/99.0.4844.74 Safari/537.36" -
118.69.128.53 - - [20/Mar/2022:11:00:29 +0000] "GET /root/learn_ci/-/commit/d5da30e9aec3a6d61b11813654e4bd205915be97/pipelines HTTP/2.0" 200 1128 "https://learning-devops.tk/-/ide/project/root/learn_ci/tree/main/-/.gitlab-ci.yml/" "Mozilla/5.0 (Windows NT 10.0; Win64; x64) AppleWebKit/537.36 (KHTML, like Gecko) Chrome/99.0.4844.74 Safari/537.36" 4.18
172.21.0.3 - - [20/Mar/2022:11:00:30 +0000] "POST /api/v4/jobs/request HTTP/1.1" 201 11997 "" "gitlab-runner 14.8.2 (14-8-stable; go1.17.7; linux/amd64)" -
118.69.128.53 - - [20/Mar/2022:11:00:33 +0000] "GET /assets/illustrations/multi-editor_no_changes_empty-c3e893665b4ead02686498eb96faf27ad20e5fd021e6c90b6b6b9c02ef6427f0.svg HTTP/2.0" 200 691 "https://learning-devops.tk/-/ide/project/root/learn_ci/tree/main/-/.gitlab-ci.yml/" "Mozilla/5.0 (Windows NT 10.0; Win64; x64) AppleWebKit/537.36 (KHTML, like Gecko) Chrome/99.0.4844.74 Safari/537.36" -
172.21.0.3 - - [20/Mar/2022:11:00:34 +0000] "PATCH /api/v4/jobs/8/trace HTTP/1.1" 202 2 "" "gitlab-runner 14.8.2 (14-8-stable; go1.17.7; linux/amd64)" -
34.71.50.179 - - [20/Mar/2022:11:00:37 +0000] "GET /root/learn_ci.git/info/refs?service=git-upload-pack HTTP/2.0" 401 26 "" "gitlab-runner 14.8.2 linux/amd64" -
34.71.50.179 - gitlab-ci-token [20/Mar/2022:11:00:37 +0000] "GET /root/learn_ci.git/info/refs?service=git-upload-pack HTTP/2.0" 200 165 "" "gitlab-runner 14.8.2 linux/amd64" -
34.71.50.179 - gitlab-ci-token [20/Mar/2022:11:00:37 +0000] "POST /root/learn_ci.git/git-upload-pack HTTP/2.0" 200 65 "" "gitlab-runner 14.8.2 linux/amd64" -
34.71.50.179 - gitlab-ci-token [20/Mar/2022:11:00:37 +0000] "POST /root/learn_ci.git/git-upload-pack HTTP/2.0" 200 955 "" "gitlab-runner 14.8.2 linux/amd64" -
118.69.128.53 - - [20/Mar/2022:11:00:39 +0000] "GET /root/learn_ci/commit/d5da30e9aec3a6d61b11813654e4bd205915be97/pipelines HTTP/2.0" 301 166 "https://learning-devops.tk/-/ide/project/root/learn_ci/tree/main/-/.gitlab-ci.yml/" "Mozilla/5.0 (Windows NT 10.0; Win64; x64) AppleWebKit/537.36 (KHTML, like Gecko) Chrome/99.0.4844.74 Safari/537.36" -
118.69.128.53 - - [20/Mar/2022:11:00:40 +0000] "GET /root/learn_ci/-/commit/d5da30e9aec3a6d61b11813654e4bd205915be97/pipelines HTTP/2.0" 200 1216 "https://learning-devops.tk/-/ide/project/root/learn_ci/tree/main/-/.gitlab-ci.yml/" "Mozilla/5.0 (Windows NT 10.0; Win64; x64) AppleWebKit/537.36 (KHTML, like Gecko) Chrome/99.0.4844.74 Safari/537.36" 3.88
118.69.128.53 - - [20/Mar/2022:11:00:46 +0000] "GET /root/learn_ci/-/schema/d5da30e9aec3a6d61b11813654e4bd205915be97/.gitlab-ci.yml HTTP/2.0" 200 2 "https://learning-devops.tk/assets/webpack/yaml.worker.worker.js" "Mozilla/5.0 (Windows NT 10.0; Win64; x64) AppleWebKit/537.36 (KHTML, like Gecko) Chrome/99.0.4844.74 Safari/537.36" -
118.69.128.53 - - [20/Mar/2022:11:00:47 +0000] "GET /root/learn_ci/-/schema/d5da30e9aec3a6d61b11813654e4bd205915be97/.gitlab-ci.yml HTTP/2.0" 304 0 "https://learning-devops.tk/assets/webpack/yaml.worker.worker.js" "Mozilla/5.0 (Windows NT 10.0; Win64; x64) AppleWebKit/537.36 (KHTML, like Gecko) Chrome/99.0.4844.74 Safari/537.36" -
118.69.128.53 - - [20/Mar/2022:11:00:48 +0000] "GET /root/learn_ci HTTP/2.0" 200 29363 "https://learning-devops.tk/-/ide/project/root/learn_ci/tree/main/-/.gitlab-ci.yml/" "Mozilla/5.0 (Windows NT 10.0; Win64; x64) AppleWebKit/537.36 (KHTML, like Gecko) Chrome/99.0.4844.74 Safari/537.36" 4.59
118.69.128.53 - - [20/Mar/2022:11:00:49 +0000] "POST /api/graphql HTTP/2.0" 200 536 "https://learning-devops.tk/root/learn_ci" "Mozilla/5.0 (Windows NT 10.0; Win64; x64) AppleWebKit/537.36 (KHTML, like Gecko) Chrome/99.0.4844.74 Safari/537.36" 2.36
118.69.128.53 - - [20/Mar/2022:11:00:49 +0000] "GET /root/learn_ci/-/refs/main/logs_tree/?format=json&offset=0 HTTP/2.0" 200 587 "https://learning-devops.tk/root/learn_ci" "Mozilla/5.0 (Windows NT 10.0; Win64; x64) AppleWebKit/537.36 (KHTML, like Gecko) Chrome/99.0.4844.74 Safari/537.36" 8.02
118.69.128.53 - - [20/Mar/2022:11:00:49 +0000] "GET /root/learn_ci/-/blob/main/README.md?format=json&viewer=rich HTTP/2.0" 200 4626 "https://learning-devops.tk/root/learn_ci" "Mozilla/5.0 (Windows NT 10.0; Win64; x64) AppleWebKit/537.36 (KHTML, like Gecko) Chrome/99.0.4844.74 Safari/537.36" 3.87
118.69.128.53 - - [20/Mar/2022:11:00:49 +0000] "POST /api/graphql HTTP/2.0" 200 892 "https://learning-devops.tk/root/learn_ci" "Mozilla/5.0 (Windows NT 10.0; Win64; x64) AppleWebKit/537.36 (KHTML, like Gecko) Chrome/99.0.4844.74 Safari/537.36" 3.78
118.69.128.53 - - [20/Mar/2022:11:00:54 +0000] "GET /root/learn_ci/-/commit/d5da30e9aec3a6d61b11813654e4bd205915be97 HTTP/2.0" 200 33860 "https://learning-devops.tk/root/learn_ci" "Mozilla/5.0 (Windows NT 10.0; Win64; x64) AppleWebKit/537.36 (KHTML, like Gecko) Chrome/99.0.4844.74 Safari/537.36" 6.58
118.69.128.53 - - [20/Mar/2022:11:00:54 +0000] "GET /root/learn_ci/-/branches HTTP/2.0" 304 0 "https://learning-devops.tk/root/learn_ci/-/commit/d5da30e9aec3a6d61b11813654e4bd205915be97" "Mozilla/5.0 (Windows NT 10.0; Win64; x64) AppleWebKit/537.36 (KHTML, like Gecko) Chrome/99.0.4844.74 Safari/537.36" -
118.69.128.53 - - [20/Mar/2022:11:00:54 +0000] "GET /root/learn_ci/refs HTTP/2.0" 304 0 "https://learning-devops.tk/root/learn_ci/-/commit/d5da30e9aec3a6d61b11813654e4bd205915be97" "Mozilla/5.0 (Windows NT 10.0; Win64; x64) AppleWebKit/537.36 (KHTML, like Gecko) Chrome/99.0.4844.74 Safari/537.36" -
118.69.128.53 - - [20/Mar/2022:11:00:54 +0000] "GET /root/learn_ci/-/commit/d5da30e9aec3a6d61b11813654e4bd205915be97/merge_requests.json HTTP/2.0" 200 2 "https://learning-devops.tk/root/learn_ci/-/commit/d5da30e9aec3a6d61b11813654e4bd205915be97" "Mozilla/5.0 (Windows NT 10.0; Win64; x64) AppleWebKit/537.36 (KHTML, like Gecko) Chrome/99.0.4844.74 Safari/537.36" -
118.69.128.53 - - [20/Mar/2022:11:00:55 +0000] "GET /root/learn_ci/-/commit/d5da30e9aec3a6d61b11813654e4bd205915be97/branches HTTP/2.0" 200 229 "https://learning-devops.tk/root/learn_ci/-/commit/d5da30e9aec3a6d61b11813654e4bd205915be97" "Mozilla/5.0 (Windows NT 10.0; Win64; x64) AppleWebKit/537.36 (KHTML, like Gecko) Chrome/99.0.4844.74 Safari/537.36" 1.35
118.69.128.53 - - [20/Mar/2022:11:00:55 +0000] "POST /api/graphql HTTP/2.0" 200 167 "https://learning-devops.tk/root/learn_ci/-/commit/d5da30e9aec3a6d61b11813654e4bd205915be97" "Mozilla/5.0 (Windows NT 10.0; Win64; x64) AppleWebKit/537.36 (KHTML, like Gecko) Chrome/99.0.4844.74 Safari/537.36" 1.57
118.69.128.53 - - [20/Mar/2022:11:00:58 +0000] "GET /root/learn_ci/-/pipelines/2 HTTP/2.0" 200 26396 "https://learning-devops.tk/root/learn_ci/-/commit/d5da30e9aec3a6d61b11813654e4bd205915be97" "Mozilla/5.0 (Windows NT 10.0; Win64; x64) AppleWebKit/537.36 (KHTML, like Gecko) Chrome/99.0.4844.74 Safari/537.36" 4.47
118.69.128.53 - - [20/Mar/2022:11:00:59 +0000] "POST /api/graphql HTTP/2.0" 200 138 "https://learning-devops.tk/root/learn_ci/-/pipelines/2" "Mozilla/5.0 (Windows NT 10.0; Win64; x64) AppleWebKit/537.36 (KHTML, like Gecko) Chrome/99.0.4844.74 Safari/537.36" -
118.69.128.53 - - [20/Mar/2022:11:00:59 +0000] "GET /root/learn_ci/-/pipelines/2/status.json HTTP/2.0" 200 207 "https://learning-devops.tk/root/learn_ci/-/pipelines/2" "Mozilla/5.0 (Windows NT 10.0; Win64; x64) AppleWebKit/537.36 (KHTML, like Gecko) Chrome/99.0.4844.74 Safari/537.36" 1.48
118.69.128.53 - - [20/Mar/2022:11:00:59 +0000] "POST /api/graphql HTTP/2.0" 200 850 "https://learning-devops.tk/root/learn_ci/-/pipelines/2" "Mozilla/5.0 (Windows NT 10.0; Win64; x64) AppleWebKit/537.36 (KHTML, like Gecko) Chrome/99.0.4844.74 Safari/537.36" 5.84
118.69.128.53 - - [20/Mar/2022:11:00:59 +0000] "POST /api/graphql HTTP/2.0" 200 168 "https://learning-devops.tk/root/learn_ci/-/pipelines/2" "Mozilla/5.0 (Windows NT 10.0; Win64; x64) AppleWebKit/537.36 (KHTML, like Gecko) Chrome/99.0.4844.74 Safari/537.36" -
118.69.128.53 - - [20/Mar/2022:11:00:59 +0000] "GET /root/learn_ci/-/pipelines/2/tests/summary.json HTTP/2.0" 304 0 "https://learning-devops.tk/root/learn_ci/-/pipelines/2" "Mozilla/5.0 (Windows NT 10.0; Win64; x64) AppleWebKit/537.36 (KHTML, like Gecko) Chrome/99.0.4844.74 Safari/537.36" -
118.69.128.53 - - [20/Mar/2022:11:00:59 +0000] "GET /api/graphql?query=query%20getPipelineHeaderData(%24fullPath%3A%20ID!%2C%20%24iid%3A%20ID!)%20%7B%20project(fullPath%3A%20%24fullPath)%20%7B%20id%20pipeline(iid%3A%20%24iid)%20%7B%20id%20iid%20status%20retryable%20cancelable%20userPermissions%20%7B%20destroyPipeline%20updatePipeline%20__typename%20%7D%20detailedStatus%20%7B%20id%20detailsPath%20icon%20group%20text%20__typename%20%7D%20createdAt%20user%20%7B%20id%20name%20username%20webPath%20webUrl%20email%20avatarUrl%20status%20%7B%20message%20emoji%20__typename%20%7D%20__typename%20%7D%20__typename%20%7D%20__typename%20%7D%20%7D&operationName=getPipelineHeaderData&variables=%7B%22fullPath%22%3A%22root%2Flearn_ci%22%2C%22iid%22%3A%222%22%7D HTTP/2.0" 200 435 "https://learning-devops.tk/root/learn_ci/-/pipelines/2" "Mozilla/5.0 (Windows NT 10.0; Win64; x64) AppleWebKit/537.36 (KHTML, like Gecko) Chrome/99.0.4844.74 Safari/537.36" 1.87
118.69.128.53 - - [20/Mar/2022:11:00:59 +0000] "GET /api/graphql?query=fragment%20CiNeeds%20on%20JobNeedUnion%20%7B%20...CiBuildNeedFields%20...CiJobNeedFields%20__typename%20%7D%20fragment%20CiBuildNeedFields%20on%20CiBuildNeed%20%7B%20id%20name%20__typename%20%7D%20fragment%20CiJobNeedFields%20on%20CiJob%20%7B%20id%20name%20__typename%20%7D%20fragment%20LinkedPipelineData%20on%20Pipeline%20%7B%20__typename%20id%20iid%20path%20status%3A%20detailedStatus%20%7B%20__typename%20id%20group%20label%20icon%20%7D%20sourceJob%20%7B%20__typename%20id%20name%20%7D%20project%20%7B%20__typename%20id%20name%20fullPath%20%7D%20%7D%20query%20getPipelineDetails(%24projectPath%3A%20ID!%2C%20%24iid%3A%20ID!)%20%7B%20project(fullPath%3A%20%24projectPath)%20%7B%20__typename%20id%20pipeline(iid%3A%20%24iid)%20%7B%20__typename%20id%20iid%20complete%20usesNeeds%20userPermissions%20%7B%20updatePipeline%20__typename%20%7D%20downstream%20%7B%20__typename%20nodes%20%7B%20...LinkedPipelineData%20__typename%20%7D%20%7D%20upstream%20%7B%20...LinkedPipelineData%20__typename%20%7D%20stages%20%7B%20__typename%20nodes%20%7B%20__typename%20id%20name%20status%3A%20detailedStatus%20%7B%20__typename%20id%20action%20%7B%20__typename%20id%20icon%20path%20title%20%7D%20%7D%20groups%20%7B%20__typename%20nodes%20%7B%20__typename%20id%20status%3A%20detailedStatus%20%7B%20__typename%20id%20label%20group%20icon%20%7D%20name%20size%20jobs%20%7B%20__typename%20nodes%20%7B%20__typename%20id%20name%20scheduledAt%20needs%20%7B%20__typename%20nodes%20%7B%20__typename%20id%20name%20%7D%20%7D%20previousStageJobsOrNeeds%20%7B%20__typename%20nodes%20%7B%20...CiNeeds%20__typename%20%7D%20%7D%20status%3A%20detailedStatus%20%7B%20__typename%20id%20icon%20tooltip%20hasDetails%20detailsPath%20group%20label%20action%20%7B%20__typename%20id%20buttonTitle%20icon%20path%20title%20%7D%20%7D%20%7D%20%7D%20%7D%20%7D%20%7D%20%7D%20%7D%20%7D%20%7D&operationName=getPipelineDetails&variables=%7B%22projectPath%22%3A%22root%2Flearn_ci%22%2C%22iid%22%3A%222%22%7D HTTP/2.0" 200 854 "https://learning-devops.tk/root/learn_ci/-/pipelines/2" "Mozilla/5.0 (Windows NT 10.0; Win64; x64) AppleWebKit/537.36 (KHTML, like Gecko) Chrome/99.0.4844.74 Safari/537.36" 5.93
118.69.128.53 - - [20/Mar/2022:11:00:59 +0000] "POST /api/graphql HTTP/2.0" 200 351 "https://learning-devops.tk/root/learn_ci/-/pipelines/2" "Mozilla/5.0 (Windows NT 10.0; Win64; x64) AppleWebKit/537.36 (KHTML, like Gecko) Chrome/99.0.4844.74 Safari/537.36" 5.45
118.69.128.53 - - [20/Mar/2022:11:00:59 +0000] "POST /api/graphql HTTP/2.0" 200 904 "https://learning-devops.tk/root/learn_ci/-/pipelines/2" "Mozilla/5.0 (Windows NT 10.0; Win64; x64) AppleWebKit/537.36 (KHTML, like Gecko) Chrome/99.0.4844.74 Safari/537.36" 5.47
118.69.128.53 - - [20/Mar/2022:11:01:09 +0000] "GET /api/graphql?query=query%20getPipelineHeaderData(%24fullPath%3A%20ID!%2C%20%24iid%3A%20ID!)%20%7B%20project(fullPath%3A%20%24fullPath)%20%7B%20id%20pipeline(iid%3A%20%24iid)%20%7B%20id%20iid%20status%20retryable%20cancelable%20userPermissions%20%7B%20destroyPipeline%20updatePipeline%20__typename%20%7D%20detailedStatus%20%7B%20id%20detailsPath%20icon%20group%20text%20__typename%20%7D%20createdAt%20user%20%7B%20id%20name%20username%20webPath%20webUrl%20email%20avatarUrl%20status%20%7B%20message%20emoji%20__typename%20%7D%20__typename%20%7D%20__typename%20%7D%20__typename%20%7D%20%7D&operationName=getPipelineHeaderData&variables=%7B%22fullPath%22%3A%22root%2Flearn_ci%22%2C%22iid%22%3A%222%22%7D HTTP/2.0" 304 0 "https://learning-devops.tk/root/learn_ci/-/pipelines/2" "Mozilla/5.0 (Windows NT 10.0; Win64; x64) AppleWebKit/537.36 (KHTML, like Gecko) Chrome/99.0.4844.74 Safari/537.36" -
118.69.128.53 - - [20/Mar/2022:11:01:09 +0000] "GET /api/graphql?query=fragment%20CiNeeds%20on%20JobNeedUnion%20%7B%20...CiBuildNeedFields%20...CiJobNeedFields%20__typename%20%7D%20fragment%20CiBuildNeedFields%20on%20CiBuildNeed%20%7B%20id%20name%20__typename%20%7D%20fragment%20CiJobNeedFields%20on%20CiJob%20%7B%20id%20name%20__typename%20%7D%20fragment%20LinkedPipelineData%20on%20Pipeline%20%7B%20__typename%20id%20iid%20path%20status%3A%20detailedStatus%20%7B%20__typename%20id%20group%20label%20icon%20%7D%20sourceJob%20%7B%20__typename%20id%20name%20%7D%20project%20%7B%20__typename%20id%20name%20fullPath%20%7D%20%7D%20query%20getPipelineDetails(%24projectPath%3A%20ID!%2C%20%24iid%3A%20ID!)%20%7B%20project(fullPath%3A%20%24projectPath)%20%7B%20__typename%20id%20pipeline(iid%3A%20%24iid)%20%7B%20__typename%20id%20iid%20complete%20usesNeeds%20userPermissions%20%7B%20updatePipeline%20__typename%20%7D%20downstream%20%7B%20__typename%20nodes%20%7B%20...LinkedPipelineData%20__typename%20%7D%20%7D%20upstream%20%7B%20...LinkedPipelineData%20__typename%20%7D%20stages%20%7B%20__typename%20nodes%20%7B%20__typename%20id%20name%20status%3A%20detailedStatus%20%7B%20__typename%20id%20action%20%7B%20__typename%20id%20icon%20path%20title%20%7D%20%7D%20groups%20%7B%20__typename%20nodes%20%7B%20__typename%20id%20status%3A%20detailedStatus%20%7B%20__typename%20id%20label%20group%20icon%20%7D%20name%20size%20jobs%20%7B%20__typename%20nodes%20%7B%20__typename%20id%20name%20scheduledAt%20needs%20%7B%20__typename%20nodes%20%7B%20__typename%20id%20name%20%7D%20%7D%20previousStageJobsOrNeeds%20%7B%20__typename%20nodes%20%7B%20...CiNeeds%20__typename%20%7D%20%7D%20status%3A%20detailedStatus%20%7B%20__typename%20id%20icon%20tooltip%20hasDetails%20detailsPath%20group%20label%20action%20%7B%20__typename%20id%20buttonTitle%20icon%20path%20title%20%7D%20%7D%20%7D%20%7D%20%7D%20%7D%20%7D%20%7D%20%7D%20%7D%20%7D&operationName=getPipelineDetails&variables=%7B%22projectPath%22%3A%22root%2Flearn_ci%22%2C%22iid%22%3A%222%22%7D HTTP/2.0" 304 0 "https://learning-devops.tk/root/learn_ci/-/pipelines/2" "Mozilla/5.0 (Windows NT 10.0; Win64; x64) AppleWebKit/537.36 (KHTML, like Gecko) Chrome/99.0.4844.74 Safari/537.36" -
118.69.128.53 - - [20/Mar/2022:11:01:13 +0000] "GET /root/learn_ci/-/jobs/8 HTTP/2.0" 200 23535 "https://learning-devops.tk/root/learn_ci/-/pipelines/2" "Mozilla/5.0 (Windows NT 10.0; Win64; x64) AppleWebKit/537.36 (KHTML, like Gecko) Chrome/99.0.4844.74 Safari/537.36" 4.62
118.69.128.53 - - [20/Mar/2022:11:01:14 +0000] "GET /root/learn_ci/-/jobs/8/trace.json?state= HTTP/2.0" 200 458 "https://learning-devops.tk/root/learn_ci/-/jobs/8" "Mozilla/5.0 (Windows NT 10.0; Win64; x64) AppleWebKit/537.36 (KHTML, like Gecko) Chrome/99.0.4844.74 Safari/537.36" 1.73
118.69.128.53 - - [20/Mar/2022:11:01:14 +0000] "GET /root/learn_ci/-/jobs/8.json HTTP/2.0" 200 1599 "https://learning-devops.tk/root/learn_ci/-/jobs/8" "Mozilla/5.0 (Windows NT 10.0; Win64; x64) AppleWebKit/537.36 (KHTML, like Gecko) Chrome/99.0.4844.74 Safari/537.36" 3.85
118.69.128.53 - - [20/Mar/2022:11:01:15 +0000] "GET /root/learn_ci/-/pipelines/2/stage.json?stage=build&retried=1 HTTP/2.0" 200 619 "https://learning-devops.tk/root/learn_ci/-/jobs/8" "Mozilla/5.0 (Windows NT 10.0; Win64; x64) AppleWebKit/537.36 (KHTML, like Gecko) Chrome/99.0.4844.74 Safari/537.36" 2.40
118.69.128.53 - - [20/Mar/2022:11:01:18 +0000] "GET /root/learn_ci/-/jobs/8/trace.json?state=eyJvZmZzZXQiOjI5Mywic3R5bGUiOnsiZmciOm51bGwsImJnIjpudWxsLCJtYXNrIjowfSwib3Blbl9zZWN0aW9ucyI6eyJwcmVwYXJlLWV4ZWN1dG9yIjoiMTY0Nzc3NDAzMCJ9fQ%3D%3D HTTP/2.0" 200 245 "https://learning-devops.tk/root/learn_ci/-/jobs/8" "Mozilla/5.0 (Windows NT 10.0; Win64; x64) AppleWebKit/537.36 (KHTML, like Gecko) Chrome/99.0.4844.74 Safari/537.36" 1.11
118.69.128.53 - - [20/Mar/2022:11:01:23 +0000] "GET /root/learn_ci/-/jobs/8/trace.json?state=eyJvZmZzZXQiOjI5Mywic3R5bGUiOnsiZmciOm51bGwsImJnIjpudWxsLCJtYXNrIjowfSwib3Blbl9zZWN0aW9ucyI6eyJwcmVwYXJlLWV4ZWN1dG9yIjoiMTY0Nzc3NDAzMCJ9fQ%3D%3D HTTP/2.0" 304 0 "https://learning-devops.tk/root/learn_ci/-/jobs/8" "Mozilla/5.0 (Windows NT 10.0; Win64; x64) AppleWebKit/537.36 (KHTML, like Gecko) Chrome/99.0.4844.74 Safari/537.36" -
127.0.0.1 - - [20/Mar/2022:11:01:24 +0000] "GET /help HTTP/1.1" 200 76582 "" "curl/7.79.1-DEV" -
118.69.128.53 - - [20/Mar/2022:11:01:25 +0000] "GET /root/learn_ci/-/jobs/8.json HTTP/2.0" 200 1600 "https://learning-devops.tk/root/learn_ci/-/jobs/8" "Mozilla/5.0 (Windows NT 10.0; Win64; x64) AppleWebKit/537.36 (KHTML, like Gecko) Chrome/99.0.4844.74 Safari/537.36" 3.85
118.69.128.53 - - [20/Mar/2022:11:01:27 +0000] "GET /root/learn_ci/-/jobs/8/trace.json?state=eyJvZmZzZXQiOjI5Mywic3R5bGUiOnsiZmciOm51bGwsImJnIjpudWxsLCJtYXNrIjowfSwib3Blbl9zZWN0aW9ucyI6eyJwcmVwYXJlLWV4ZWN1dG9yIjoiMTY0Nzc3NDAzMCJ9fQ%3D%3D HTTP/2.0" 304 0 "https://learning-devops.tk/root/learn_ci/-/jobs/8" "Mozilla/5.0 (Windows NT 10.0; Win64; x64) AppleWebKit/537.36 (KHTML, like Gecko) Chrome/99.0.4844.74 Safari/537.36" -
118.69.128.53 - - [20/Mar/2022:11:01:29 +0000] "GET /root/learn_ci/-/jobs/8.json HTTP/2.0" 200 1598 "https://learning-devops.tk/root/learn_ci/-/jobs/8" "Mozilla/5.0 (Windows NT 10.0; Win64; x64) AppleWebKit/537.36 (KHTML, like Gecko) Chrome/99.0.4844.74 Safari/537.36" 3.86
118.69.128.53 - - [20/Mar/2022:11:01:32 +0000] "GET /root/learn_ci/-/jobs/8/trace.json?state=eyJvZmZzZXQiOjI5Mywic3R5bGUiOnsiZmciOm51bGwsImJnIjpudWxsLCJtYXNrIjowfSwib3Blbl9zZWN0aW9ucyI6eyJwcmVwYXJlLWV4ZWN1dG9yIjoiMTY0Nzc3NDAzMCJ9fQ%3D%3D HTTP/2.0" 304 0 "https://learning-devops.tk/root/learn_ci/-/jobs/8" "Mozilla/5.0 (Windows NT 10.0; Win64; x64) AppleWebKit/537.36 (KHTML, like Gecko) Chrome/99.0.4844.74 Safari/537.36" -
172.21.0.3 - - [20/Mar/2022:11:01:34 +0000] "PATCH /api/v4/jobs/8/trace HTTP/1.1" 202 1 "" "gitlab-runner 14.8.2 (14-8-stable; go1.17.7; linux/amd64)" -
118.69.128.53 - - [20/Mar/2022:11:01:37 +0000] "GET /root/learn_ci/-/jobs/8/trace.json?state=eyJvZmZzZXQiOjI5Mywic3R5bGUiOnsiZmciOm51bGwsImJnIjpudWxsLCJtYXNrIjowfSwib3Blbl9zZWN0aW9ucyI6eyJwcmVwYXJlLWV4ZWN1dG9yIjoiMTY0Nzc3NDAzMCJ9fQ%3D%3D HTTP/2.0" 200 1902 "https://learning-devops.tk/root/learn_ci/-/jobs/8" "Mozilla/5.0 (Windows NT 10.0; Win64; x64) AppleWebKit/537.36 (KHTML, like Gecko) Chrome/99.0.4844.74 Safari/537.36" 3.36
118.69.128.53 - - [20/Mar/2022:11:01:42 +0000] "GET /root/learn_ci/-/jobs/8/trace.json?state=eyJvZmZzZXQiOjMwNDMsInN0eWxlIjp7ImZnIjpudWxsLCJiZyI6bnVsbCwibWFzayI6MH0sIm9wZW5fc2VjdGlvbnMiOnsic3RlcC1zY3JpcHQiOiIxNjQ3Nzc0MDM3In19 HTTP/2.0" 200 235 "https://learning-devops.tk/root/learn_ci/-/jobs/8" "Mozilla/5.0 (Windows NT 10.0; Win64; x64) AppleWebKit/537.36 (KHTML, like Gecko) Chrome/99.0.4844.74 Safari/537.36" 1.13
172.21.0.3 - - [20/Mar/2022:11:01:43 +0000] "PATCH /api/v4/jobs/8/trace HTTP/1.1" 202 1 "" "gitlab-runner 14.8.2 (14-8-stable; go1.17.7; linux/amd64)" -
118.69.128.53 - - [20/Mar/2022:11:01:43 +0000] "GET /root/learn_ci/-/jobs/8.json HTTP/2.0" 200 1599 "https://learning-devops.tk/root/learn_ci/-/jobs/8" "Mozilla/5.0 (Windows NT 10.0; Win64; x64) AppleWebKit/537.36 (KHTML, like Gecko) Chrome/99.0.4844.74 Safari/537.36" 3.85
34.71.50.179 - - [20/Mar/2022:11:01:43 +0000] "POST /api/v4/jobs/8/artifacts?artifact_format=zip&artifact_type=archive HTTP/1.1" 201 3 "" "gitlab-runner 14.8.2 (14-8-stable; go1.17.7; linux/amd64)" -
118.69.128.53 - - [20/Mar/2022:11:01:43 +0000] "GET /root/learn_ci/-/jobs/8.json HTTP/2.0" 200 1626 "https://learning-devops.tk/root/learn_ci/-/jobs/8" "Mozilla/5.0 (Windows NT 10.0; Win64; x64) AppleWebKit/537.36 (KHTML, like Gecko) Chrome/99.0.4844.74 Safari/537.36" 3.86
172.21.0.3 - - [20/Mar/2022:11:01:45 +0000] "PATCH /api/v4/jobs/8/trace HTTP/1.1" 202 1 "" "gitlab-runner 14.8.2 (14-8-stable; go1.17.7; linux/amd64)" -
172.21.0.3 - - [20/Mar/2022:11:01:45 +0000] "PUT /api/v4/jobs/8 HTTP/1.1" 200 3 "" "gitlab-runner 14.8.2 (14-8-stable; go1.17.7; linux/amd64)" -
172.21.0.3 - - [20/Mar/2022:11:01:45 +0000] "POST /api/v4/jobs/request HTTP/1.1" 204 0 "" "gitlab-runner 14.8.2 (14-8-stable; go1.17.7; linux/amd64)" -
118.69.128.53 - - [20/Mar/2022:11:01:46 +0000] "GET /root/learn_ci/-/jobs/8/trace.json?state=eyJvZmZzZXQiOjMwNDMsInN0eWxlIjp7ImZnIjpudWxsLCJiZyI6bnVsbCwibWFzayI6MH0sIm9wZW5fc2VjdGlvbnMiOnsic3RlcC1zY3JpcHQiOiIxNjQ3Nzc0MDM3In19 HTTP/2.0" 200 1082 "https://learning-devops.tk/root/learn_ci/-/jobs/8" "Mozilla/5.0 (Windows NT 10.0; Win64; x64) AppleWebKit/537.36 (KHTML, like Gecko) Chrome/99.0.4844.74 Safari/537.36" 3.00
172.21.0.3 - - [20/Mar/2022:11:01:49 +0000] "POST /api/v4/jobs/request HTTP/1.1" 201 12014 "" "gitlab-runner 14.8.2 (14-8-stable; go1.17.7; linux/amd64)" -
34.71.50.179 - - [20/Mar/2022:11:01:51 +0000] "GET /root/learn_ci.git/info/refs?service=git-upload-pack HTTP/2.0" 401 26 "" "gitlab-runner 14.8.2 linux/amd64" -
