118.69.128.53 - - [20/Mar/2022:10:24:42 +0000] "GET /api/graphql?query=query%20getPipelineHeaderData(%24fullPath%3A%20ID!%2C%20%24iid%3A%20ID!)%20%7B%20project(fullPath%3A%20%24fullPath)%20%7B%20id%20pipeline(iid%3A%20%24iid)%20%7B%20id%20iid%20status%20retryable%20cancelable%20userPermissions%20%7B%20destroyPipeline%20updatePipeline%20__typename%20%7D%20detailedStatus%20%7B%20id%20detailsPath%20icon%20group%20text%20__typename%20%7D%20createdAt%20user%20%7B%20id%20name%20username%20webPath%20webUrl%20email%20avatarUrl%20status%20%7B%20message%20emoji%20__typename%20%7D%20__typename%20%7D%20__typename%20%7D%20__typename%20%7D%20%7D&operationName=getPipelineHeaderData&variables=%7B%22fullPath%22%3A%22root%2Flearn_ci%22%2C%22iid%22%3A%221%22%7D HTTP/2.0" 304 0 "https://learning-devops.tk/root/learn_ci/-/pipelines/1/builds" "Mozilla/5.0 (Windows NT 10.0; Win64; x64) AppleWebKit/537.36 (KHTML, like Gecko) Chrome/99.0.4844.74 Safari/537.36" -
172.21.0.3 - - [20/Mar/2022:10:24:45 +0000] "POST /api/v4/jobs/request HTTP/1.1" 204 0 "" "gitlab-runner 14.8.2 (14-8-stable; go1.17.7; linux/amd64)" -
172.21.0.3 - - [20/Mar/2022:10:24:48 +0000] "POST /api/v4/jobs/request HTTP/1.1" 204 0 "" "gitlab-runner 14.8.2 (14-8-stable; go1.17.7; linux/amd64)" -
172.21.0.3 - - [20/Mar/2022:10:24:51 +0000] "POST /api/v4/jobs/request HTTP/1.1" 204 0 "" "gitlab-runner 14.8.2 (14-8-stable; go1.17.7; linux/amd64)" -
118.69.128.53 - - [20/Mar/2022:10:24:53 +0000] "GET /api/graphql?query=query%20getPipelineHeaderData(%24fullPath%3A%20ID!%2C%20%24iid%3A%20ID!)%20%7B%20project(fullPath%3A%20%24fullPath)%20%7B%20id%20pipeline(iid%3A%20%24iid)%20%7B%20id%20iid%20status%20retryable%20cancelable%20userPermissions%20%7B%20destroyPipeline%20updatePipeline%20__typename%20%7D%20detailedStatus%20%7B%20id%20detailsPath%20icon%20group%20text%20__typename%20%7D%20createdAt%20user%20%7B%20id%20name%20username%20webPath%20webUrl%20email%20avatarUrl%20status%20%7B%20message%20emoji%20__typename%20%7D%20__typename%20%7D%20__typename%20%7D%20__typename%20%7D%20%7D&operationName=getPipelineHeaderData&variables=%7B%22fullPath%22%3A%22root%2Flearn_ci%22%2C%22iid%22%3A%221%22%7D HTTP/2.0" 304 0 "https://learning-devops.tk/root/learn_ci/-/pipelines/1/builds" "Mozilla/5.0 (Windows NT 10.0; Win64; x64) AppleWebKit/537.36 (KHTML, like Gecko) Chrome/99.0.4844.74 Safari/537.36" -
172.21.0.3 - - [20/Mar/2022:10:24:54 +0000] "POST /api/v4/jobs/request HTTP/1.1" 204 0 "" "gitlab-runner 14.8.2 (14-8-stable; go1.17.7; linux/amd64)" -
118.69.128.53 - - [20/Mar/2022:10:24:55 +0000] "GET /admin HTTP/2.0" 200 22329 "https://learning-devops.tk/root/learn_ci/-/pipelines/1/builds" "Mozilla/5.0 (Windows NT 10.0; Win64; x64) AppleWebKit/537.36 (KHTML, like Gecko) Chrome/99.0.4844.74 Safari/537.36" 4.52
118.69.128.53 - - [20/Mar/2022:10:24:56 +0000] "GET /admin/version_check.json HTTP/2.0" 304 0 "https://learning-devops.tk/admin" "Mozilla/5.0 (Windows NT 10.0; Win64; x64) AppleWebKit/537.36 (KHTML, like Gecko) Chrome/99.0.4844.74 Safari/537.36" -
118.69.128.53 - - [20/Mar/2022:10:24:56 +0000] "GET /api/v4/application/statistics HTTP/2.0" 200 165 "https://learning-devops.tk/admin" "Mozilla/5.0 (Windows NT 10.0; Win64; x64) AppleWebKit/537.36 (KHTML, like Gecko) Chrome/99.0.4844.74 Safari/537.36" -
118.69.128.53 - - [20/Mar/2022:10:24:56 +0000] "GET /admin/version_check.json HTTP/2.0" 304 0 "https://learning-devops.tk/admin" "Mozilla/5.0 (Windows NT 10.0; Win64; x64) AppleWebKit/537.36 (KHTML, like Gecko) Chrome/99.0.4844.74 Safari/537.36" -
172.21.0.3 - - [20/Mar/2022:10:24:57 +0000] "POST /api/v4/jobs/request HTTP/1.1" 204 0 "" "gitlab-runner 14.8.2 (14-8-stable; go1.17.7; linux/amd64)" -
118.69.128.53 - - [20/Mar/2022:10:24:58 +0000] "GET /admin/runners HTTP/2.0" 200 20598 "https://learning-devops.tk/admin" "Mozilla/5.0 (Windows NT 10.0; Win64; x64) AppleWebKit/537.36 (KHTML, like Gecko) Chrome/99.0.4844.74 Safari/537.36" 4.35
118.69.128.53 - - [20/Mar/2022:10:24:58 +0000] "GET /admin/version_check.json HTTP/2.0" 304 0 "https://learning-devops.tk/admin/runners" "Mozilla/5.0 (Windows NT 10.0; Win64; x64) AppleWebKit/537.36 (KHTML, like Gecko) Chrome/99.0.4844.74 Safari/537.36" -
118.69.128.53 - - [20/Mar/2022:10:24:59 +0000] "POST /api/graphql HTTP/2.0" 200 515 "https://learning-devops.tk/admin/runners" "Mozilla/5.0 (Windows NT 10.0; Win64; x64) AppleWebKit/537.36 (KHTML, like Gecko) Chrome/99.0.4844.74 Safari/537.36" 2.60
118.69.128.53 - - [20/Mar/2022:10:24:59 +0000] "POST /api/graphql HTTP/2.0" 200 513 "https://learning-devops.tk/admin/runners" "Mozilla/5.0 (Windows NT 10.0; Win64; x64) AppleWebKit/537.36 (KHTML, like Gecko) Chrome/99.0.4844.74 Safari/537.36" 2.48
172.21.0.3 - - [20/Mar/2022:10:25:00 +0000] "POST /api/v4/jobs/request HTTP/1.1" 204 0 "" "gitlab-runner 14.8.2 (14-8-stable; go1.17.7; linux/amd64)" -
118.69.128.53 - - [20/Mar/2022:10:25:00 +0000] "GET /admin/runners/1 HTTP/2.0" 200 20649 "https://learning-devops.tk/admin/runners" "Mozilla/5.0 (Windows NT 10.0; Win64; x64) AppleWebKit/537.36 (KHTML, like Gecko) Chrome/99.0.4844.74 Safari/537.36" 4.35
118.69.128.53 - - [20/Mar/2022:10:25:01 +0000] "GET /admin/version_check.json HTTP/2.0" 304 0 "https://learning-devops.tk/admin/runners/1" "Mozilla/5.0 (Windows NT 10.0; Win64; x64) AppleWebKit/537.36 (KHTML, like Gecko) Chrome/99.0.4844.74 Safari/537.36" -
118.69.128.53 - - [20/Mar/2022:10:25:01 +0000] "POST /api/graphql HTTP/2.0" 200 374 "https://learning-devops.tk/admin/runners/1" "Mozilla/5.0 (Windows NT 10.0; Win64; x64) AppleWebKit/537.36 (KHTML, like Gecko) Chrome/99.0.4844.74 Safari/537.36" 1.53
118.69.128.53 - - [20/Mar/2022:10:25:01 +0000] "POST /api/graphql HTTP/2.0" 200 185 "https://learning-devops.tk/admin/runners/1" "Mozilla/5.0 (Windows NT 10.0; Win64; x64) AppleWebKit/537.36 (KHTML, like Gecko) Chrome/99.0.4844.74 Safari/537.36" 1.45
172.21.0.3 - - [20/Mar/2022:10:25:03 +0000] "POST /api/v4/jobs/request HTTP/1.1" 204 0 "" "gitlab-runner 14.8.2 (14-8-stable; go1.17.7; linux/amd64)" -
118.69.128.53 - - [20/Mar/2022:10:25:03 +0000] "GET /admin/runners/1/edit HTTP/2.0" 200 21461 "https://learning-devops.tk/admin/runners/1" "Mozilla/5.0 (Windows NT 10.0; Win64; x64) AppleWebKit/537.36 (KHTML, like Gecko) Chrome/99.0.4844.74 Safari/537.36" 4.30
118.69.128.53 - - [20/Mar/2022:10:25:04 +0000] "GET /admin/version_check.json HTTP/2.0" 304 0 "https://learning-devops.tk/admin/runners/1/edit" "Mozilla/5.0 (Windows NT 10.0; Win64; x64) AppleWebKit/537.36 (KHTML, like Gecko) Chrome/99.0.4844.74 Safari/537.36" -
118.69.128.53 - - [20/Mar/2022:10:25:04 +0000] "POST /api/graphql HTTP/2.0" 200 374 "https://learning-devops.tk/admin/runners/1/edit" "Mozilla/5.0 (Windows NT 10.0; Win64; x64) AppleWebKit/537.36 (KHTML, like Gecko) Chrome/99.0.4844.74 Safari/537.36" 1.53
172.21.0.3 - - [20/Mar/2022:10:25:06 +0000] "POST /api/v4/jobs/request HTTP/1.1" 204 0 "" "gitlab-runner 14.8.2 (14-8-stable; go1.17.7; linux/amd64)" -
172.21.0.3 - - [20/Mar/2022:10:25:09 +0000] "POST /api/v4/jobs/request HTTP/1.1" 204 0 "" "gitlab-runner 14.8.2 (14-8-stable; go1.17.7; linux/amd64)" -
118.69.128.53 - - [20/Mar/2022:10:25:11 +0000] "POST /admin/projects/root/learn_ci/runner_projects HTTP/2.0" 302 113 "https://learning-devops.tk/admin/runners/1/edit" "Mozilla/5.0 (Windows NT 10.0; Win64; x64) AppleWebKit/537.36 (KHTML, like Gecko) Chrome/99.0.4844.74 Safari/537.36" -
118.69.128.53 - - [20/Mar/2022:10:25:11 +0000] "GET /admin/runners/1/edit HTTP/2.0" 200 21507 "https://learning-devops.tk/admin/runners/1/edit" "Mozilla/5.0 (Windows NT 10.0; Win64; x64) AppleWebKit/537.36 (KHTML, like Gecko) Chrome/99.0.4844.74 Safari/537.36" 4.31
172.21.0.3 - - [20/Mar/2022:10:25:12 +0000] "POST /api/v4/jobs/request HTTP/1.1" 204 0 "" "gitlab-runner 14.8.2 (14-8-stable; go1.17.7; linux/amd64)" -
118.69.128.53 - - [20/Mar/2022:10:25:12 +0000] "GET /admin/version_check.json HTTP/2.0" 304 0 "https://learning-devops.tk/admin/runners/1/edit" "Mozilla/5.0 (Windows NT 10.0; Win64; x64) AppleWebKit/537.36 (KHTML, like Gecko) Chrome/99.0.4844.74 Safari/537.36" -
118.69.128.53 - - [20/Mar/2022:10:25:12 +0000] "POST /api/graphql HTTP/2.0" 200 372 "https://learning-devops.tk/admin/runners/1/edit" "Mozilla/5.0 (Windows NT 10.0; Win64; x64) AppleWebKit/537.36 (KHTML, like Gecko) Chrome/99.0.4844.74 Safari/537.36" 1.53
127.0.0.1 - - [20/Mar/2022:10:25:14 +0000] "GET /help HTTP/1.1" 200 76582 "" "curl/7.79.1-DEV" -
172.21.0.3 - - [20/Mar/2022:10:25:15 +0000] "POST /api/v4/jobs/request HTTP/1.1" 204 0 "" "gitlab-runner 14.8.2 (14-8-stable; go1.17.7; linux/amd64)" -
118.69.128.53 - - [20/Mar/2022:10:25:17 +0000] "POST /api/graphql HTTP/2.0" 200 390 "https://learning-devops.tk/admin/runners/1/edit" "Mozilla/5.0 (Windows NT 10.0; Win64; x64) AppleWebKit/537.36 (KHTML, like Gecko) Chrome/99.0.4844.74 Safari/537.36" 1.63
172.21.0.3 - - [20/Mar/2022:10:25:18 +0000] "POST /api/v4/jobs/request HTTP/1.1" 201 14440 "" "gitlab-runner 14.8.2 (14-8-stable; go1.17.7; linux/amd64)" -
172.21.0.3 - - [20/Mar/2022:10:25:21 +0000] "PATCH /api/v4/jobs/1/trace HTTP/1.1" 202 2 "" "gitlab-runner 14.8.2 (14-8-stable; go1.17.7; linux/amd64)" -
118.69.128.53 - - [20/Mar/2022:10:25:22 +0000] "GET /admin/runners HTTP/2.0" 200 20601 "https://learning-devops.tk/admin/runners/1/edit" "Mozilla/5.0 (Windows NT 10.0; Win64; x64) AppleWebKit/537.36 (KHTML, like Gecko) Chrome/99.0.4844.74 Safari/537.36" 4.35
118.69.128.53 - - [20/Mar/2022:10:25:23 +0000] "GET /admin/version_check.json HTTP/2.0" 304 0 "https://learning-devops.tk/admin/runners" "Mozilla/5.0 (Windows NT 10.0; Win64; x64) AppleWebKit/537.36 (KHTML, like Gecko) Chrome/99.0.4844.74 Safari/537.36" -
118.69.128.53 - - [20/Mar/2022:10:25:23 +0000] "POST /api/graphql HTTP/2.0" 200 516 "https://learning-devops.tk/admin/runners" "Mozilla/5.0 (Windows NT 10.0; Win64; x64) AppleWebKit/537.36 (KHTML, like Gecko) Chrome/99.0.4844.74 Safari/537.36" 2.59
118.69.128.53 - - [20/Mar/2022:10:25:24 +0000] "POST /api/graphql HTTP/2.0" 200 514 "https://learning-devops.tk/admin/runners" "Mozilla/5.0 (Windows NT 10.0; Win64; x64) AppleWebKit/537.36 (KHTML, like Gecko) Chrome/99.0.4844.74 Safari/537.36" 2.47
118.69.128.53 - - [20/Mar/2022:10:25:27 +0000] "GET /admin/runners/1 HTTP/2.0" 200 20649 "https://learning-devops.tk/admin/runners" "Mozilla/5.0 (Windows NT 10.0; Win64; x64) AppleWebKit/537.36 (KHTML, like Gecko) Chrome/99.0.4844.74 Safari/537.36" 4.35
118.69.128.53 - - [20/Mar/2022:10:25:28 +0000] "GET /admin/version_check.json HTTP/2.0" 304 0 "https://learning-devops.tk/admin/runners/1" "Mozilla/5.0 (Windows NT 10.0; Win64; x64) AppleWebKit/537.36 (KHTML, like Gecko) Chrome/99.0.4844.74 Safari/537.36" -
118.69.128.53 - - [20/Mar/2022:10:25:28 +0000] "POST /api/graphql HTTP/2.0" 200 369 "https://learning-devops.tk/admin/runners/1" "Mozilla/5.0 (Windows NT 10.0; Win64; x64) AppleWebKit/537.36 (KHTML, like Gecko) Chrome/99.0.4844.74 Safari/537.36" 1.54
118.69.128.53 - - [20/Mar/2022:10:25:28 +0000] "POST /api/graphql HTTP/2.0" 200 508 "https://learning-devops.tk/admin/runners/1" "Mozilla/5.0 (Windows NT 10.0; Win64; x64) AppleWebKit/537.36 (KHTML, like Gecko) Chrome/99.0.4844.74 Safari/537.36" 2.57
118.69.128.53 - - [20/Mar/2022:10:25:30 +0000] "GET /admin/runners/1/edit HTTP/2.0" 200 21544 "https://learning-devops.tk/admin/runners/1" "Mozilla/5.0 (Windows NT 10.0; Win64; x64) AppleWebKit/537.36 (KHTML, like Gecko) Chrome/99.0.4844.74 Safari/537.36" 4.30
118.69.128.53 - - [20/Mar/2022:10:25:31 +0000] "GET /admin/version_check.json HTTP/2.0" 304 0 "https://learning-devops.tk/admin/runners/1/edit" "Mozilla/5.0 (Windows NT 10.0; Win64; x64) AppleWebKit/537.36 (KHTML, like Gecko) Chrome/99.0.4844.74 Safari/537.36" -
118.69.128.53 - - [20/Mar/2022:10:25:31 +0000] "POST /api/graphql HTTP/2.0" 200 369 "https://learning-devops.tk/admin/runners/1/edit" "Mozilla/5.0 (Windows NT 10.0; Win64; x64) AppleWebKit/537.36 (KHTML, like Gecko) Chrome/99.0.4844.74 Safari/537.36" 1.54
34.71.50.179 - - [20/Mar/2022:10:25:33 +0000] "GET /root/learn_ci.git/info/refs?service=git-upload-pack HTTP/2.0" 401 26 "" "gitlab-runner 14.8.2 linux/amd64" -
34.71.50.179 - gitlab-ci-token [20/Mar/2022:10:25:33 +0000] "GET /root/learn_ci.git/info/refs?service=git-upload-pack HTTP/2.0" 200 165 "" "gitlab-runner 14.8.2 linux/amd64" -
34.71.50.179 - gitlab-ci-token [20/Mar/2022:10:25:33 +0000] "POST /root/learn_ci.git/git-upload-pack HTTP/2.0" 200 65 "" "gitlab-runner 14.8.2 linux/amd64" -
34.71.50.179 - gitlab-ci-token [20/Mar/2022:10:25:34 +0000] "POST /root/learn_ci.git/git-upload-pack HTTP/2.0" 200 178781 "" "gitlab-runner 14.8.2 linux/amd64" -
118.69.128.53 - - [20/Mar/2022:10:25:35 +0000] "POST /api/graphql HTTP/2.0" 200 369 "https://learning-devops.tk/admin/runners/1" "Mozilla/5.0 (Windows NT 10.0; Win64; x64) AppleWebKit/537.36 (KHTML, like Gecko) Chrome/99.0.4844.74 Safari/537.36" 1.54
118.69.128.53 - - [20/Mar/2022:10:25:35 +0000] "POST /api/graphql HTTP/2.0" 200 508 "https://learning-devops.tk/admin/runners/1" "Mozilla/5.0 (Windows NT 10.0; Win64; x64) AppleWebKit/537.36 (KHTML, like Gecko) Chrome/99.0.4844.74 Safari/537.36" 2.57
172.21.0.3 - - [20/Mar/2022:10:25:36 +0000] "PATCH /api/v4/jobs/1/trace HTTP/1.1" 202 2 "" "gitlab-runner 14.8.2 (14-8-stable; go1.17.7; linux/amd64)" -
172.21.0.3 - - [20/Mar/2022:10:25:36 +0000] "PUT /api/v4/jobs/1 HTTP/1.1" 200 3 "" "gitlab-runner 14.8.2 (14-8-stable; go1.17.7; linux/amd64)" -
172.21.0.3 - - [20/Mar/2022:10:25:36 +0000] "POST /api/v4/jobs/request HTTP/1.1" 201 14096 "" "gitlab-runner 14.8.2 (14-8-stable; go1.17.7; linux/amd64)" -
118.69.128.53 - - [20/Mar/2022:10:25:39 +0000] "GET / HTTP/2.0" 200 20510 "https://learning-devops.tk/admin/runners/1" "Mozilla/5.0 (Windows NT 10.0; Win64; x64) AppleWebKit/537.36 (KHTML, like Gecko) Chrome/99.0.4844.74 Safari/537.36" 4.30
172.21.0.3 - - [20/Mar/2022:10:25:39 +0000] "PATCH /api/v4/jobs/2/trace HTTP/1.1" 202 2 "" "gitlab-runner 14.8.2 (14-8-stable; go1.17.7; linux/amd64)" -
118.69.128.53 - - [20/Mar/2022:10:25:41 +0000] "GET /root/learn_ci HTTP/2.0" 200 29648 "" "Mozilla/5.0 (Windows NT 10.0; Win64; x64) AppleWebKit/537.36 (KHTML, like Gecko) Chrome/99.0.4844.74 Safari/537.36" 4.60
118.69.128.53 - - [20/Mar/2022:10:25:42 +0000] "GET /root/learn_ci/-/refs/main/logs_tree/?format=json&offset=0 HTTP/2.0" 304 0 "https://learning-devops.tk/root/learn_ci" "Mozilla/5.0 (Windows NT 10.0; Win64; x64) AppleWebKit/537.36 (KHTML, like Gecko) Chrome/99.0.4844.74 Safari/537.36" -
118.69.128.53 - - [20/Mar/2022:10:25:42 +0000] "POST /api/graphql HTTP/2.0" 200 533 "https://learning-devops.tk/root/learn_ci" "Mozilla/5.0 (Windows NT 10.0; Win64; x64) AppleWebKit/537.36 (KHTML, like Gecko) Chrome/99.0.4844.74 Safari/537.36" 2.28
118.69.128.53 - - [20/Mar/2022:10:25:42 +0000] "GET /root/learn_ci/-/blob/main/README.md?format=json&viewer=rich HTTP/2.0" 304 0 "https://learning-devops.tk/root/learn_ci" "Mozilla/5.0 (Windows NT 10.0; Win64; x64) AppleWebKit/537.36 (KHTML, like Gecko) Chrome/99.0.4844.74 Safari/537.36" -
118.69.128.53 - - [20/Mar/2022:10:25:42 +0000] "POST /api/graphql HTTP/2.0" 200 840 "https://learning-devops.tk/root/learn_ci" "Mozilla/5.0 (Windows NT 10.0; Win64; x64) AppleWebKit/537.36 (KHTML, like Gecko) Chrome/99.0.4844.74 Safari/537.36" 3.63
118.69.128.53 - - [20/Mar/2022:10:25:44 +0000] "GET /root/learn_ci/-/pipelines/1 HTTP/2.0" 200 27677 "https://learning-devops.tk/root/learn_ci" "Mozilla/5.0 (Windows NT 10.0; Win64; x64) AppleWebKit/537.36 (KHTML, like Gecko) Chrome/99.0.4844.74 Safari/537.36" 4.43
118.69.128.53 - - [20/Mar/2022:10:25:45 +0000] "POST /api/graphql HTTP/2.0" 200 1002 "https://learning-devops.tk/root/learn_ci/-/pipelines/1" "Mozilla/5.0 (Windows NT 10.0; Win64; x64) AppleWebKit/537.36 (KHTML, like Gecko) Chrome/99.0.4844.74 Safari/537.36" 6.48
118.69.128.53 - - [20/Mar/2022:10:25:45 +0000] "POST /api/graphql HTTP/2.0" 200 138 "https://learning-devops.tk/root/learn_ci/-/pipelines/1" "Mozilla/5.0 (Windows NT 10.0; Win64; x64) AppleWebKit/537.36 (KHTML, like Gecko) Chrome/99.0.4844.74 Safari/537.36" -
118.69.128.53 - - [20/Mar/2022:10:25:45 +0000] "GET /root/learn_ci/-/pipelines/1/status.json HTTP/2.0" 200 207 "https://learning-devops.tk/root/learn_ci/-/pipelines/1" "Mozilla/5.0 (Windows NT 10.0; Win64; x64) AppleWebKit/537.36 (KHTML, like Gecko) Chrome/99.0.4844.74 Safari/537.36" 1.48
118.69.128.53 - - [20/Mar/2022:10:25:45 +0000] "GET /root/learn_ci/-/pipelines/1/tests/summary.json HTTP/2.0" 304 0 "https://learning-devops.tk/root/learn_ci/-/pipelines/1" "Mozilla/5.0 (Windows NT 10.0; Win64; x64) AppleWebKit/537.36 (KHTML, like Gecko) Chrome/99.0.4844.74 Safari/537.36" -
118.69.128.53 - - [20/Mar/2022:10:25:45 +0000] "GET /api/graphql?query=query%20getPipelineHeaderData(%24fullPath%3A%20ID!%2C%20%24iid%3A%20ID!)%20%7B%20project(fullPath%3A%20%24fullPath)%20%7B%20id%20pipeline(iid%3A%20%24iid)%20%7B%20id%20iid%20status%20retryable%20cancelable%20userPermissions%20%7B%20destroyPipeline%20updatePipeline%20__typename%20%7D%20detailedStatus%20%7B%20id%20detailsPath%20icon%20group%20text%20__typename%20%7D%20createdAt%20user%20%7B%20id%20name%20username%20webPath%20webUrl%20email%20avatarUrl%20status%20%7B%20message%20emoji%20__typename%20%7D%20__typename%20%7D%20__typename%20%7D%20__typename%20%7D%20%7D&operationName=getPipelineHeaderData&variables=%7B%22fullPath%22%3A%22root%2Flearn_ci%22%2C%22iid%22%3A%221%22%7D HTTP/2.0" 200 433 "https://learning-devops.tk/root/learn_ci/-/pipelines/1" "Mozilla/5.0 (Windows NT 10.0; Win64; x64) AppleWebKit/537.36 (KHTML, like Gecko) Chrome/99.0.4844.74 Safari/537.36" 1.87
118.69.128.53 - - [20/Mar/2022:10:25:45 +0000] "POST /api/graphql HTTP/2.0" 200 384 "https://learning-devops.tk/root/learn_ci/-/pipelines/1" "Mozilla/5.0 (Windows NT 10.0; Win64; x64) AppleWebKit/537.36 (KHTML, like Gecko) Chrome/99.0.4844.74 Safari/537.36" 6.33
118.69.128.53 - - [20/Mar/2022:10:25:45 +0000] "POST /api/graphql HTTP/2.0" 200 168 "https://learning-devops.tk/root/learn_ci/-/pipelines/1" "Mozilla/5.0 (Windows NT 10.0; Win64; x64) AppleWebKit/537.36 (KHTML, like Gecko) Chrome/99.0.4844.74 Safari/537.36" -
118.69.128.53 - - [20/Mar/2022:10:25:45 +0000] "GET /api/graphql?query=fragment%20CiNeeds%20on%20JobNeedUnion%20%7B%20...CiBuildNeedFields%20...CiJobNeedFields%20__typename%20%7D%20fragment%20CiBuildNeedFields%20on%20CiBuildNeed%20%7B%20id%20name%20__typename%20%7D%20fragment%20CiJobNeedFields%20on%20CiJob%20%7B%20id%20name%20__typename%20%7D%20fragment%20LinkedPipelineData%20on%20Pipeline%20%7B%20__typename%20id%20iid%20path%20status%3A%20detailedStatus%20%7B%20__typename%20id%20group%20label%20icon%20%7D%20sourceJob%20%7B%20__typename%20id%20name%20%7D%20project%20%7B%20__typename%20id%20name%20fullPath%20%7D%20%7D%20query%20getPipelineDetails(%24projectPath%3A%20ID!%2C%20%24iid%3A%20ID!)%20%7B%20project(fullPath%3A%20%24projectPath)%20%7B%20__typename%20id%20pipeline(iid%3A%20%24iid)%20%7B%20__typename%20id%20iid%20complete%20usesNeeds%20userPermissions%20%7B%20updatePipeline%20__typename%20%7D%20downstream%20%7B%20__typename%20nodes%20%7B%20...LinkedPipelineData%20__typename%20%7D%20%7D%20upstream%20%7B%20...LinkedPipelineData%20__typename%20%7D%20stages%20%7B%20__typename%20nodes%20%7B%20__typename%20id%20name%20status%3A%20detailedStatus%20%7B%20__typename%20id%20action%20%7B%20__typename%20id%20icon%20path%20title%20%7D%20%7D%20groups%20%7B%20__typename%20nodes%20%7B%20__typename%20id%20status%3A%20detailedStatus%20%7B%20__typename%20id%20label%20group%20icon%20%7D%20name%20size%20jobs%20%7B%20__typename%20nodes%20%7B%20__typename%20id%20name%20scheduledAt%20needs%20%7B%20__typename%20nodes%20%7B%20__typename%20id%20name%20%7D%20%7D%20previousStageJobsOrNeeds%20%7B%20__typename%20nodes%20%7B%20...CiNeeds%20__typename%20%7D%20%7D%20status%3A%20detailedStatus%20%7B%20__typename%20id%20icon%20tooltip%20hasDetails%20detailsPath%20group%20label%20action%20%7B%20__typename%20id%20buttonTitle%20icon%20path%20title%20%7D%20%7D%20%7D%20%7D%20%7D%20%7D%20%7D%20%7D%20%7D%20%7D%20%7D&operationName=getPipelineDetails&variables=%7B%22projectPath%22%3A%22root%2Flearn_ci%22%2C%22iid%22%3A%221%22%7D HTTP/2.0" 200 1015 "https://learning-devops.tk/root/learn_ci/-/pipelines/1" "Mozilla/5.0 (Windows NT 10.0; Win64; x64) AppleWebKit/537.36 (KHTML, like Gecko) Chrome/99.0.4844.74 Safari/537.36" 6.51
118.69.128.53 - - [20/Mar/2022:10:25:46 +0000] "POST /api/graphql HTTP/2.0" 200 1108 "https://learning-devops.tk/root/learn_ci/-/pipelines/1" "Mozilla/5.0 (Windows NT 10.0; Win64; x64) AppleWebKit/537.36 (KHTML, like Gecko) Chrome/99.0.4844.74 Safari/537.36" 6.89
118.69.128.53 - - [20/Mar/2022:10:25:50 +0000] "GET /root/learn_ci/-/jobs/1 HTTP/2.0" 200 23511 "https://learning-devops.tk/root/learn_ci/-/pipelines/1" "Mozilla/5.0 (Windows NT 10.0; Win64; x64) AppleWebKit/537.36 (KHTML, like Gecko) Chrome/99.0.4844.74 Safari/537.36" 4.62
118.69.128.53 - - [20/Mar/2022:10:25:51 +0000] "GET /root/learn_ci/-/jobs/1/trace.json?state= HTTP/2.0" 200 2191 "https://learning-devops.tk/root/learn_ci/-/jobs/1" "Mozilla/5.0 (Windows NT 10.0; Win64; x64) AppleWebKit/537.36 (KHTML, like Gecko) Chrome/99.0.4844.74 Safari/537.36" 3.46
118.69.128.53 - - [20/Mar/2022:10:25:51 +0000] "GET /root/learn_ci/-/jobs/1.json HTTP/2.0" 200 1685 "https://learning-devops.tk/root/learn_ci/-/jobs/1" "Mozilla/5.0 (Windows NT 10.0; Win64; x64) AppleWebKit/537.36 (KHTML, like Gecko) Chrome/99.0.4844.74 Safari/537.36" 3.78
118.69.128.53 - - [20/Mar/2022:10:25:51 +0000] "GET /assets/ci_favicons/favicon_status_failed-41304d7f7e3828808b0c26771f0309e55296819a9beea3ea9fbf6689d9857c12.png HTTP/2.0" 200 1015 "https://learning-devops.tk/root/learn_ci/-/jobs/1" "Mozilla/5.0 (Windows NT 10.0; Win64; x64) AppleWebKit/537.36 (KHTML, like Gecko) Chrome/99.0.4844.74 Safari/537.36" -
118.69.128.53 - - [20/Mar/2022:10:25:51 +0000] "GET /root/learn_ci/-/pipelines/1/stage.json?stage=build&retried=1 HTTP/2.0" 200 604 "https://learning-devops.tk/root/learn_ci/-/jobs/1" "Mozilla/5.0 (Windows NT 10.0; Win64; x64) AppleWebKit/537.36 (KHTML, like Gecko) Chrome/99.0.4844.74 Safari/537.36" 2.39
118.69.128.53 - - [20/Mar/2022:10:26:01 +0000] "GET /root/learn_ci/-/jobs/1.json HTTP/2.0" 304 0 "https://learning-devops.tk/root/learn_ci/-/jobs/1" "Mozilla/5.0 (Windows NT 10.0; Win64; x64) AppleWebKit/537.36 (KHTML, like Gecko) Chrome/99.0.4844.74 Safari/537.36" -
118.69.128.53 - - [20/Mar/2022:10:26:10 +0000] "GET /api/v4/users/1/status HTTP/2.0" 304 0 "https://learning-devops.tk/root/learn_ci/-/jobs/1" "Mozilla/5.0 (Windows NT 10.0; Win64; x64) AppleWebKit/537.36 (KHTML, like Gecko) Chrome/99.0.4844.74 Safari/537.36" -
118.69.128.53 - - [20/Mar/2022:10:26:10 +0000] "GET /api/v4/users/1 HTTP/2.0" 304 0 "https://learning-devops.tk/root/learn_ci/-/jobs/1" "Mozilla/5.0 (Windows NT 10.0; Win64; x64) AppleWebKit/537.36 (KHTML, like Gecko) Chrome/99.0.4844.74 Safari/537.36" -
118.69.128.53 - - [20/Mar/2022:10:26:12 +0000] "GET /root/learn_ci/-/jobs/1.json HTTP/2.0" 304 0 "https://learning-devops.tk/root/learn_ci/-/jobs/1" "Mozilla/5.0 (Windows NT 10.0; Win64; x64) AppleWebKit/537.36 (KHTML, like Gecko) Chrome/99.0.4844.74 Safari/537.36" -
118.69.128.53 - - [20/Mar/2022:10:26:12 +0000] "GET /root/learn_ci/-/jobs HTTP/2.0" 200 25298 "https://learning-devops.tk/root/learn_ci/-/jobs/1" "Mozilla/5.0 (Windows NT 10.0; Win64; x64) AppleWebKit/537.36 (KHTML, like Gecko) Chrome/99.0.4844.74 Safari/537.36" 4.94
127.0.0.1 - - [20/Mar/2022:10:26:15 +0000] "GET /help HTTP/1.1" 200 76582 "" "curl/7.79.1-DEV" -
34.71.50.179 - - [20/Mar/2022:10:26:17 +0000] "GET /root/learn_ci.git/info/refs?service=git-upload-pack HTTP/2.0" 401 26 "" "gitlab-runner 14.8.2 linux/amd64" -
34.71.50.179 - gitlab-ci-token [20/Mar/2022:10:26:17 +0000] "GET /root/learn_ci.git/info/refs?service=git-upload-pack HTTP/2.0" 200 165 "" "gitlab-runner 14.8.2 linux/amd64" -
34.71.50.179 - gitlab-ci-token [20/Mar/2022:10:26:17 +0000] "POST /root/learn_ci.git/git-upload-pack HTTP/2.0" 200 65 "" "gitlab-runner 14.8.2 linux/amd64" -
34.71.50.179 - gitlab-ci-token [20/Mar/2022:10:26:17 +0000] "POST /root/learn_ci.git/git-upload-pack HTTP/2.0" 200 217 "" "gitlab-runner 14.8.2 linux/amd64" -
118.69.128.53 - - [20/Mar/2022:10:26:20 +0000] "GET /root/learn_ci/-/pipelines HTTP/2.0" 200 26619 "https://learning-devops.tk/root/learn_ci/-/jobs" "Mozilla/5.0 (Windows NT 10.0; Win64; x64) AppleWebKit/537.36 (KHTML, like Gecko) Chrome/99.0.4844.74 Safari/537.36" 4.40
118.69.128.53 - - [20/Mar/2022:10:26:20 +0000] "GET /root/learn_ci/-/pipelines.json HTTP/2.0" 200 1412 "https://learning-devops.tk/root/learn_ci/-/pipelines" "Mozilla/5.0 (Windows NT 10.0; Win64; x64) AppleWebKit/537.36 (KHTML, like Gecko) Chrome/99.0.4844.74 Safari/537.36" 3.22
118.69.128.53 - - [20/Mar/2022:10:26:21 +0000] "GET /root/learn_ci/-/pipelines.json?scope=all&page=1 HTTP/2.0" 200 1412 "https://learning-devops.tk/root/learn_ci/-/pipelines" "Mozilla/5.0 (Windows NT 10.0; Win64; x64) AppleWebKit/537.36 (KHTML, like Gecko) Chrome/99.0.4844.74 Safari/537.36" 3.22
118.69.128.53 - - [20/Mar/2022:10:26:21 +0000] "GET /root/learn_ci/-/ci/editor?branch_name=main HTTP/2.0" 200 23624 "https://learning-devops.tk/root/learn_ci/-/pipelines" "Mozilla/5.0 (Windows NT 10.0; Win64; x64) AppleWebKit/537.36 (KHTML, like Gecko) Chrome/99.0.4844.74 Safari/537.36" 4.61
118.69.128.53 - - [20/Mar/2022:10:26:22 +0000] "GET /assets/webpack/pages.projects.ci.pipeline_editor.show.d619d7f4.chunk.js HTTP/2.0" 200 26694 "https://learning-devops.tk/root/learn_ci/-/ci/editor" "Mozilla/5.0 (Windows NT 10.0; Win64; x64) AppleWebKit/537.36 (KHTML, like Gecko) Chrome/99.0.4844.74 Safari/537.36" -
118.69.128.53 - - [20/Mar/2022:10:26:22 +0000] "GET /assets/webpack/commons-pages.projects.ci.lints.show-pages.projects.ci.pipeline_editor.show.2acb4766.chunk.js HTTP/2.0" 200 13767 "https://learning-devops.tk/root/learn_ci/-/ci/editor" "Mozilla/5.0 (Windows NT 10.0; Win64; x64) AppleWebKit/537.36 (KHTML, like Gecko) Chrome/99.0.4844.74 Safari/537.36" -
118.69.128.53 - - [20/Mar/2022:10:26:22 +0000] "GET /assets/webpack/commons-pages.projects.ci.lints.show-pages.projects.ci.pipeline_editor.show-pages.projects.snippets.-a07b96d7.672cabe6.chunk.js HTTP/2.0" 200 15437 "https://learning-devops.tk/root/learn_ci/-/ci/editor" "Mozilla/5.0 (Windows NT 10.0; Win64; x64) AppleWebKit/537.36 (KHTML, like Gecko) Chrome/99.0.4844.74 Safari/537.36" -
118.69.128.53 - - [20/Mar/2022:10:26:22 +0000] "POST /api/graphql HTTP/2.0" 499 0 "https://learning-devops.tk/root/learn_ci/-/ci/editor" "Mozilla/5.0 (Windows NT 10.0; Win64; x64) AppleWebKit/537.36 (KHTML, like Gecko) Chrome/99.0.4844.74 Safari/537.36" -
118.69.128.53 - - [20/Mar/2022:10:26:22 +0000] "POST /api/graphql HTTP/2.0" 499 0 "https://learning-devops.tk/root/learn_ci/-/ci/editor" "Mozilla/5.0 (Windows NT 10.0; Win64; x64) AppleWebKit/537.36 (KHTML, like Gecko) Chrome/99.0.4844.74 Safari/537.36" -
118.69.128.53 - - [20/Mar/2022:10:26:23 +0000] "POST /api/graphql HTTP/2.0" 200 181 "https://learning-devops.tk/root/learn_ci/-/ci/editor" "Mozilla/5.0 (Windows NT 10.0; Win64; x64) AppleWebKit/537.36 (KHTML, like Gecko) Chrome/99.0.4844.74 Safari/537.36" 1.70
118.69.128.53 - - [20/Mar/2022:10:26:23 +0000] "POST /api/graphql HTTP/2.0" 200 177 "https://learning-devops.tk/root/learn_ci/-/ci/editor" "Mozilla/5.0 (Windows NT 10.0; Win64; x64) AppleWebKit/537.36 (KHTML, like Gecko) Chrome/99.0.4844.74 Safari/537.36" -
118.69.128.53 - - [20/Mar/2022:10:26:23 +0000] "POST /api/graphql HTTP/2.0" 200 139 "https://learning-devops.tk/root/learn_ci/-/ci/editor" "Mozilla/5.0 (Windows NT 10.0; Win64; x64) AppleWebKit/537.36 (KHTML, like Gecko) Chrome/99.0.4844.74 Safari/537.36" -
118.69.128.53 - - [20/Mar/2022:10:26:23 +0000] "POST /api/graphql HTTP/2.0" 200 177 "https://learning-devops.tk/root/learn_ci/-/ci/editor" "Mozilla/5.0 (Windows NT 10.0; Win64; x64) AppleWebKit/537.36 (KHTML, like Gecko) Chrome/99.0.4844.74 Safari/537.36" -
118.69.128.53 - - [20/Mar/2022:10:26:25 +0000] "GET /root/learn_ci/-/pipeline_schedules HTTP/2.0" 200 23365 "https://learning-devops.tk/root/learn_ci/-/ci/editor" "Mozilla/5.0 (Windows NT 10.0; Win64; x64) AppleWebKit/537.36 (KHTML, like Gecko) Chrome/99.0.4844.74 Safari/537.36" 4.63
118.69.128.53 - - [20/Mar/2022:10:26:25 +0000] "GET /assets/webpack/pages.projects.pipeline_schedules.index.193fd913.chunk.js HTTP/2.0" 200 3889 "https://learning-devops.tk/root/learn_ci/-/pipeline_schedules" "Mozilla/5.0 (Windows NT 10.0; Win64; x64) AppleWebKit/537.36 (KHTML, like Gecko) Chrome/99.0.4844.74 Safari/537.36" -
118.69.128.53 - - [20/Mar/2022:10:26:25 +0000] "GET /assets/page_bundles/pipeline_schedules-ea4bc9b67d686e6e651a6fd6a589fa29e672ba7339082ff41af89a17c9515af9.css HTTP/2.0" 200 542 "https://learning-devops.tk/root/learn_ci/-/pipeline_schedules" "Mozilla/5.0 (Windows NT 10.0; Win64; x64) AppleWebKit/537.36 (KHTML, like Gecko) Chrome/99.0.4844.74 Safari/537.36" -
118.69.128.53 - - [20/Mar/2022:10:26:26 +0000] "GET /assets/illustrations/pipeline_schedule_callout-dae06b50a83843e1384fec96263a6f6014984c73e08aac7fbf48830dc6426d41.svg HTTP/2.0" 200 1262 "https://learning-devops.tk/root/learn_ci/-/pipeline_schedules" "Mozilla/5.0 (Windows NT 10.0; Win64; x64) AppleWebKit/537.36 (KHTML, like Gecko) Chrome/99.0.4844.74 Safari/537.36" -
118.69.128.53 - - [20/Mar/2022:10:26:26 +0000] "GET /root/learn_ci HTTP/2.0" 200 29657 "https://learning-devops.tk/root/learn_ci/-/pipeline_schedules" "Mozilla/5.0 (Windows NT 10.0; Win64; x64) AppleWebKit/537.36 (KHTML, like Gecko) Chrome/99.0.4844.74 Safari/537.36" 4.60
118.69.128.53 - - [20/Mar/2022:10:26:27 +0000] "GET /root/learn_ci/-/refs/main/logs_tree/?format=json&offset=0 HTTP/2.0" 304 0 "https://learning-devops.tk/root/learn_ci" "Mozilla/5.0 (Windows NT 10.0; Win64; x64) AppleWebKit/537.36 (KHTML, like Gecko) Chrome/99.0.4844.74 Safari/537.36" -
118.69.128.53 - - [20/Mar/2022:10:26:27 +0000] "POST /api/graphql HTTP/2.0" 200 533 "https://learning-devops.tk/root/learn_ci" "Mozilla/5.0 (Windows NT 10.0; Win64; x64) AppleWebKit/537.36 (KHTML, like Gecko) Chrome/99.0.4844.74 Safari/537.36" 2.28
118.69.128.53 - - [20/Mar/2022:10:26:27 +0000] "GET /root/learn_ci/-/blob/main/README.md?format=json&viewer=rich HTTP/2.0" 304 0 "https://learning-devops.tk/root/learn_ci" "Mozilla/5.0 (Windows NT 10.0; Win64; x64) AppleWebKit/537.36 (KHTML, like Gecko) Chrome/99.0.4844.74 Safari/537.36" -
118.69.128.53 - - [20/Mar/2022:10:26:28 +0000] "POST /api/graphql HTTP/2.0" 200 840 "https://learning-devops.tk/root/learn_ci" "Mozilla/5.0 (Windows NT 10.0; Win64; x64) AppleWebKit/537.36 (KHTML, like Gecko) Chrome/99.0.4844.74 Safari/537.36" 3.63
118.69.128.53 - - [20/Mar/2022:10:26:28 +0000] "POST /api/graphql HTTP/2.0" 200 789 "https://learning-devops.tk/root/learn_ci" "Mozilla/5.0 (Windows NT 10.0; Win64; x64) AppleWebKit/537.36 (KHTML, like Gecko) Chrome/99.0.4844.74 Safari/537.36" 4.24
118.69.128.53 - - [20/Mar/2022:10:26:31 +0000] "POST /api/graphql HTTP/2.0" 200 661 "https://learning-devops.tk/root/learn_ci" "Mozilla/5.0 (Windows NT 10.0; Win64; x64) AppleWebKit/537.36 (KHTML, like Gecko) Chrome/99.0.4844.74 Safari/537.36" 3.68
118.69.128.53 - - [20/Mar/2022:10:26:32 +0000] "POST /api/graphql HTTP/2.0" 200 502 "https://learning-devops.tk/root/learn_ci" "Mozilla/5.0 (Windows NT 10.0; Win64; x64) AppleWebKit/537.36 (KHTML, like Gecko) Chrome/99.0.4844.74 Safari/537.36" 3.03
118.69.128.53 - - [20/Mar/2022:10:26:32 +0000] "POST /api/graphql HTTP/2.0" 200 533 "https://learning-devops.tk/root/learn_ci/-/tree/main/templates" "Mozilla/5.0 (Windows NT 10.0; Win64; x64) AppleWebKit/537.36 (KHTML, like Gecko) Chrome/99.0.4844.74 Safari/537.36" 2.28
118.69.128.53 - - [20/Mar/2022:10:26:32 +0000] "GET /root/learn_ci/-/refs/main/logs_tree/templates?format=json&offset=0 HTTP/2.0" 200 332 "https://learning-devops.tk/root/learn_ci/-/tree/main/templates" "Mozilla/5.0 (Windows NT 10.0; Win64; x64) AppleWebKit/537.36 (KHTML, like Gecko) Chrome/99.0.4844.74 Safari/537.36" 4.77
118.69.128.53 - - [20/Mar/2022:10:26:36 +0000] "GET /root/learn_ci/-/blob/main/templates/Dockerrun.aws.json HTTP/2.0" 200 27930 "https://learning-devops.tk/root/learn_ci/-/tree/main/templates" "Mozilla/5.0 (Windows NT 10.0; Win64; x64) AppleWebKit/537.36 (KHTML, like Gecko) Chrome/99.0.4844.74 Safari/537.36" 4.48
118.69.128.53 - - [20/Mar/2022:10:26:36 +0000] "GET /assets/webpack/pages.projects.blob.show.849162ad.chunk.js HTTP/2.0" 200 15711 "https://learning-devops.tk/root/learn_ci/-/blob/main/templates/Dockerrun.aws.json" "Mozilla/5.0 (Windows NT 10.0; Win64; x64) AppleWebKit/537.36 (KHTML, like Gecko) Chrome/99.0.4844.74 Safari/537.36" -
118.69.128.53 - - [20/Mar/2022:10:26:37 +0000] "GET /root/learn_ci/-/blob/main/templates/Dockerrun.aws.json?format=json&viewer=simple HTTP/2.0" 200 1140 "https://learning-devops.tk/root/learn_ci/-/blob/main/templates/Dockerrun.aws.json" "Mozilla/5.0 (Windows NT 10.0; Win64; x64) AppleWebKit/537.36 (KHTML, like Gecko) Chrome/99.0.4844.74 Safari/537.36" 6.06
118.69.128.53 - - [20/Mar/2022:10:26:37 +0000] "GET /root/learn_ci/-/commits/70df9f069b3758a58e060b4eff53d84e10318078/signatures?limit=1 HTTP/2.0" 200 17 "https://learning-devops.tk/root/learn_ci/-/blob/main/templates/Dockerrun.aws.json" "Mozilla/5.0 (Windows NT 10.0; Win64; x64) AppleWebKit/537.36 (KHTML, like Gecko) Chrome/99.0.4844.74 Safari/537.36" -
118.69.128.53 - - [20/Mar/2022:10:26:37 +0000] "GET /root/learn_ci/-/commit/70df9f069b3758a58e060b4eff53d84e10318078/pipelines?ref=main HTTP/2.0" 200 1449 "https://learning-devops.tk/root/learn_ci/-/blob/main/templates/Dockerrun.aws.json" "Mozilla/5.0 (Windows NT 10.0; Win64; x64) AppleWebKit/537.36 (KHTML, like Gecko) Chrome/99.0.4844.74 Safari/537.36" 3.18
172.21.0.3 - - [20/Mar/2022:10:26:39 +0000] "PATCH /api/v4/jobs/2/trace HTTP/1.1" 202 2 "" "gitlab-runner 14.8.2 (14-8-stable; go1.17.7; linux/amd64)" -
118.69.128.53 - - [20/Mar/2022:10:26:43 +0000] "GET /root/learn_ci/-/tree/main/templates HTTP/2.0" 200 27976 "https://learning-devops.tk/root/learn_ci/-/pipeline_schedules" "Mozilla/5.0 (Windows NT 10.0; Win64; x64) AppleWebKit/537.36 (KHTML, like Gecko) Chrome/99.0.4844.74 Safari/537.36" 4.53
118.69.128.53 - - [20/Mar/2022:10:26:44 +0000] "POST /api/graphql HTTP/2.0" 200 192 "https://learning-devops.tk/root/learn_ci/-/tree/main/templates" "Mozilla/5.0 (Windows NT 10.0; Win64; x64) AppleWebKit/537.36 (KHTML, like Gecko) Chrome/99.0.4844.74 Safari/537.36" -
118.69.128.53 - - [20/Mar/2022:10:26:44 +0000] "POST /api/graphql HTTP/2.0" 200 526 "https://learning-devops.tk/root/learn_ci/-/tree/main/templates" "Mozilla/5.0 (Windows NT 10.0; Win64; x64) AppleWebKit/537.36 (KHTML, like Gecko) Chrome/99.0.4844.74 Safari/537.36" 3.47
118.69.128.53 - - [20/Mar/2022:10:26:44 +0000] "POST /api/graphql HTTP/2.0" 200 533 "https://learning-devops.tk/root/learn_ci/-/tree/main/templates" "Mozilla/5.0 (Windows NT 10.0; Win64; x64) AppleWebKit/537.36 (KHTML, like Gecko) Chrome/99.0.4844.74 Safari/537.36" 2.28
118.69.128.53 - - [20/Mar/2022:10:26:44 +0000] "POST /api/graphql HTTP/2.0" 200 502 "https://learning-devops.tk/root/learn_ci/-/tree/main/templates" "Mozilla/5.0 (Windows NT 10.0; Win64; x64) AppleWebKit/537.36 (KHTML, like Gecko) Chrome/99.0.4844.74 Safari/537.36" 3.03
118.69.128.53 - - [20/Mar/2022:10:26:47 +0000] "GET /root/learn_ci/-/blob/main/templates/Dockerrun.aws.public.json HTTP/2.0" 200 27968 "https://learning-devops.tk/root/learn_ci/-/tree/main/templates" "Mozilla/5.0 (Windows NT 10.0; Win64; x64) AppleWebKit/537.36 (KHTML, like Gecko) Chrome/99.0.4844.74 Safari/537.36" 4.48
118.69.128.53 - - [20/Mar/2022:10:26:47 +0000] "GET /root/learn_ci/-/blob/main/templates/Dockerrun.aws.public.json?format=json&viewer=simple HTTP/2.0" 200 974 "https://learning-devops.tk/root/learn_ci/-/blob/main/templates/Dockerrun.aws.public.json" "Mozilla/5.0 (Windows NT 10.0; Win64; x64) AppleWebKit/537.36 (KHTML, like Gecko) Chrome/99.0.4844.74 Safari/537.36" 5.38
118.69.128.53 - - [20/Mar/2022:10:26:48 +0000] "GET /root/learn_ci/-/commits/70df9f069b3758a58e060b4eff53d84e10318078/signatures?limit=1 HTTP/2.0" 304 0 "https://learning-devops.tk/root/learn_ci/-/blob/main/templates/Dockerrun.aws.public.json" "Mozilla/5.0 (Windows NT 10.0; Win64; x64) AppleWebKit/537.36 (KHTML, like Gecko) Chrome/99.0.4844.74 Safari/537.36" -
118.69.128.53 - - [20/Mar/2022:10:26:48 +0000] "GET /root/learn_ci/-/commit/70df9f069b3758a58e060b4eff53d84e10318078/pipelines?ref=main HTTP/2.0" 304 0 "https://learning-devops.tk/root/learn_ci/-/blob/main/templates/Dockerrun.aws.public.json" "Mozilla/5.0 (Windows NT 10.0; Win64; x64) AppleWebKit/537.36 (KHTML, like Gecko) Chrome/99.0.4844.74 Safari/537.36" -
118.69.128.53 - - [20/Mar/2022:10:26:50 +0000] "POST /api/graphql HTTP/2.0" 200 192 "https://learning-devops.tk/root/learn_ci/-/tree/main/templates" "Mozilla/5.0 (Windows NT 10.0; Win64; x64) AppleWebKit/537.36 (KHTML, like Gecko) Chrome/99.0.4844.74 Safari/537.36" -
118.69.128.53 - - [20/Mar/2022:10:26:50 +0000] "POST /api/graphql HTTP/2.0" 200 526 "https://learning-devops.tk/root/learn_ci/-/tree/main/templates" "Mozilla/5.0 (Windows NT 10.0; Win64; x64) AppleWebKit/537.36 (KHTML, like Gecko) Chrome/99.0.4844.74 Safari/537.36" 3.47
118.69.128.53 - - [20/Mar/2022:10:26:50 +0000] "POST /api/graphql HTTP/2.0" 200 533 "https://learning-devops.tk/root/learn_ci/-/tree/main/templates" "Mozilla/5.0 (Windows NT 10.0; Win64; x64) AppleWebKit/537.36 (KHTML, like Gecko) Chrome/99.0.4844.74 Safari/537.36" 2.28
118.69.128.53 - - [20/Mar/2022:10:26:50 +0000] "POST /api/graphql HTTP/2.0" 200 502 "https://learning-devops.tk/root/learn_ci/-/tree/main/templates" "Mozilla/5.0 (Windows NT 10.0; Win64; x64) AppleWebKit/537.36 (KHTML, like Gecko) Chrome/99.0.4844.74 Safari/537.36" 3.03
118.69.128.53 - - [20/Mar/2022:10:26:52 +0000] "GET /root/learn_ci/-/blob/main/templates/auth.json HTTP/2.0" 200 27908 "https://learning-devops.tk/root/learn_ci/-/tree/main/templates" "Mozilla/5.0 (Windows NT 10.0; Win64; x64) AppleWebKit/537.36 (KHTML, like Gecko) Chrome/99.0.4844.74 Safari/537.36" 4.47
118.69.128.53 - - [20/Mar/2022:10:26:53 +0000] "GET /root/learn_ci/-/blob/main/templates/auth.json?format=json&viewer=simple HTTP/2.0" 200 815 "https://learning-devops.tk/root/learn_ci/-/blob/main/templates/auth.json" "Mozilla/5.0 (Windows NT 10.0; Win64; x64) AppleWebKit/537.36 (KHTML, like Gecko) Chrome/99.0.4844.74 Safari/537.36" 4.44
118.69.128.53 - - [20/Mar/2022:10:26:53 +0000] "GET /root/learn_ci/-/commits/70df9f069b3758a58e060b4eff53d84e10318078/signatures?limit=1 HTTP/2.0" 304 0 "https://learning-devops.tk/root/learn_ci/-/blob/main/templates/auth.json" "Mozilla/5.0 (Windows NT 10.0; Win64; x64) AppleWebKit/537.36 (KHTML, like Gecko) Chrome/99.0.4844.74 Safari/537.36" -
118.69.128.53 - - [20/Mar/2022:10:26:53 +0000] "GET /root/learn_ci/-/commit/70df9f069b3758a58e060b4eff53d84e10318078/pipelines?ref=main HTTP/2.0" 304 0 "https://learning-devops.tk/root/learn_ci/-/blob/main/templates/auth.json" "Mozilla/5.0 (Windows NT 10.0; Win64; x64) AppleWebKit/537.36 (KHTML, like Gecko) Chrome/99.0.4844.74 Safari/537.36" -
118.69.128.53 - - [20/Mar/2022:10:26:56 +0000] "POST /api/graphql HTTP/2.0" 200 192 "https://learning-devops.tk/root/learn_ci/-/tree/main/templates" "Mozilla/5.0 (Windows NT 10.0; Win64; x64) AppleWebKit/537.36 (KHTML, like Gecko) Chrome/99.0.4844.74 Safari/537.36" -
118.69.128.53 - - [20/Mar/2022:10:26:56 +0000] "POST /api/graphql HTTP/2.0" 200 526 "https://learning-devops.tk/root/learn_ci/-/tree/main/templates" "Mozilla/5.0 (Windows NT 10.0; Win64; x64) AppleWebKit/537.36 (KHTML, like Gecko) Chrome/99.0.4844.74 Safari/537.36" 3.47
118.69.128.53 - - [20/Mar/2022:10:26:56 +0000] "POST /api/graphql HTTP/2.0" 200 533 "https://learning-devops.tk/root/learn_ci/-/tree/main/templates" "Mozilla/5.0 (Windows NT 10.0; Win64; x64) AppleWebKit/537.36 (KHTML, like Gecko) Chrome/99.0.4844.74 Safari/537.36" 2.28
118.69.128.53 - - [20/Mar/2022:10:26:56 +0000] "POST /api/graphql HTTP/2.0" 200 502 "https://learning-devops.tk/root/learn_ci/-/tree/main/templates" "Mozilla/5.0 (Windows NT 10.0; Win64; x64) AppleWebKit/537.36 (KHTML, like Gecko) Chrome/99.0.4844.74 Safari/537.36" 3.03
127.0.0.1 - - [20/Mar/2022:10:27:15 +0000] "GET /help HTTP/1.1" 200 76582 "" "curl/7.79.1-DEV" -
118.69.128.53 - - [20/Mar/2022:10:27:24 +0000] "GET /root/learn_ci/-/tree/main HTTP/2.0" 200 27937 "https://learning-devops.tk/root/learn_ci/-/tree/main/templates" "Mozilla/5.0 (Windows NT 10.0; Win64; x64) AppleWebKit/537.36 (KHTML, like Gecko) Chrome/99.0.4844.74 Safari/537.36" 4.53
118.69.128.53 - - [20/Mar/2022:10:27:24 +0000] "POST /api/graphql HTTP/2.0" 200 192 "https://learning-devops.tk/root/learn_ci/-/tree/main" "Mozilla/5.0 (Windows NT 10.0; Win64; x64) AppleWebKit/537.36 (KHTML, like Gecko) Chrome/99.0.4844.74 Safari/537.36" -
118.69.128.53 - - [20/Mar/2022:10:27:24 +0000] "GET /root/learn_ci/-/refs/main/logs_tree/?format=json&offset=0 HTTP/2.0" 304 0 "https://learning-devops.tk/root/learn_ci/-/tree/main" "Mozilla/5.0 (Windows NT 10.0; Win64; x64) AppleWebKit/537.36 (KHTML, like Gecko) Chrome/99.0.4844.74 Safari/537.36" -
118.69.128.53 - - [20/Mar/2022:10:27:24 +0000] "POST /api/graphql HTTP/2.0" 200 533 "https://learning-devops.tk/root/learn_ci/-/tree/main" "Mozilla/5.0 (Windows NT 10.0; Win64; x64) AppleWebKit/537.36 (KHTML, like Gecko) Chrome/99.0.4844.74 Safari/537.36" 2.28
118.69.128.53 - - [20/Mar/2022:10:27:24 +0000] "POST /api/graphql HTTP/2.0" 200 816 "https://learning-devops.tk/root/learn_ci/-/tree/main" "Mozilla/5.0 (Windows NT 10.0; Win64; x64) AppleWebKit/537.36 (KHTML, like Gecko) Chrome/99.0.4844.74 Safari/537.36" 4.09
118.69.128.53 - - [20/Mar/2022:10:27:25 +0000] "GET /root/learn_ci/-/blob/main/README.md?format=json&viewer=rich HTTP/2.0" 304 0 "https://learning-devops.tk/root/learn_ci/-/tree/main" "Mozilla/5.0 (Windows NT 10.0; Win64; x64) AppleWebKit/537.36 (KHTML, like Gecko) Chrome/99.0.4844.74 Safari/537.36" -
118.69.128.53 - - [20/Mar/2022:10:27:25 +0000] "POST /api/graphql HTTP/2.0" 200 785 "https://learning-devops.tk/root/learn_ci/-/tree/main" "Mozilla/5.0 (Windows NT 10.0; Win64; x64) AppleWebKit/537.36 (KHTML, like Gecko) Chrome/99.0.4844.74 Safari/537.36" 3.63
118.69.128.53 - - [20/Mar/2022:10:27:25 +0000] "GET /root/learn_ci/-/pipelines HTTP/2.0" 200 26619 "https://learning-devops.tk/root/learn_ci/-/tree/main" "Mozilla/5.0 (Windows NT 10.0; Win64; x64) AppleWebKit/537.36 (KHTML, like Gecko) Chrome/99.0.4844.74 Safari/537.36" 4.40
118.69.128.53 - - [20/Mar/2022:10:27:25 +0000] "GET /root/learn_ci/-/pipelines.json HTTP/2.0" 304 0 "https://learning-devops.tk/root/learn_ci/-/pipelines" "Mozilla/5.0 (Windows NT 10.0; Win64; x64) AppleWebKit/537.36 (KHTML, like Gecko) Chrome/99.0.4844.74 Safari/537.36" -
118.69.128.53 - - [20/Mar/2022:10:27:25 +0000] "GET /root/learn_ci/-/pipelines.json?scope=all&page=1 HTTP/2.0" 304 0 "https://learning-devops.tk/root/learn_ci/-/pipelines" "Mozilla/5.0 (Windows NT 10.0; Win64; x64) AppleWebKit/537.36 (KHTML, like Gecko) Chrome/99.0.4844.74 Safari/537.36" -
118.69.128.53 - - [20/Mar/2022:10:27:29 +0000] "GET /root/learn_ci/-/commit/70df9f069b3758a58e060b4eff53d84e10318078 HTTP/2.0" 200 76194 "https://learning-devops.tk/root/learn_ci/-/pipelines" "Mozilla/5.0 (Windows NT 10.0; Win64; x64) AppleWebKit/537.36 (KHTML, like Gecko) Chrome/99.0.4844.74 Safari/537.36" 11.75
118.69.128.53 - - [20/Mar/2022:10:27:30 +0000] "GET /root/learn_ci/-/raw/70df9f069b3758a58e060b4eff53d84e10318078/public/logo192.png HTTP/2.0" 304 0 "https://learning-devops.tk/root/learn_ci/-/commit/70df9f069b3758a58e060b4eff53d84e10318078" "Mozilla/5.0 (Windows NT 10.0; Win64; x64) AppleWebKit/537.36 (KHTML, like Gecko) Chrome/99.0.4844.74 Safari/537.36" -
118.69.128.53 - - [20/Mar/2022:10:27:30 +0000] "GET /root/learn_ci/-/raw/70df9f069b3758a58e060b4eff53d84e10318078/public/favicon.ico HTTP/2.0" 304 0 "https://learning-devops.tk/root/learn_ci/-/commit/70df9f069b3758a58e060b4eff53d84e10318078" "Mozilla/5.0 (Windows NT 10.0; Win64; x64) AppleWebKit/537.36 (KHTML, like Gecko) Chrome/99.0.4844.74 Safari/537.36" -
118.69.128.53 - - [20/Mar/2022:10:27:30 +0000] "GET /root/learn_ci/-/raw/70df9f069b3758a58e060b4eff53d84e10318078/public/logo512.png HTTP/2.0" 304 0 "https://learning-devops.tk/root/learn_ci/-/commit/70df9f069b3758a58e060b4eff53d84e10318078" "Mozilla/5.0 (Windows NT 10.0; Win64; x64) AppleWebKit/537.36 (KHTML, like Gecko) Chrome/99.0.4844.74 Safari/537.36" -
118.69.128.53 - - [20/Mar/2022:10:27:31 +0000] "GET /root/learn_ci/-/branches HTTP/2.0" 304 0 "https://learning-devops.tk/root/learn_ci/-/commit/70df9f069b3758a58e060b4eff53d84e10318078" "Mozilla/5.0 (Windows NT 10.0; Win64; x64) AppleWebKit/537.36 (KHTML, like Gecko) Chrome/99.0.4844.74 Safari/537.36" -
118.69.128.53 - - [20/Mar/2022:10:27:31 +0000] "GET /root/learn_ci/-/commit/70df9f069b3758a58e060b4eff53d84e10318078/merge_requests.json HTTP/2.0" 304 0 "https://learning-devops.tk/root/learn_ci/-/commit/70df9f069b3758a58e060b4eff53d84e10318078" "Mozilla/5.0 (Windows NT 10.0; Win64; x64) AppleWebKit/537.36 (KHTML, like Gecko) Chrome/99.0.4844.74 Safari/537.36" -
118.69.128.53 - - [20/Mar/2022:10:27:31 +0000] "GET /root/learn_ci/refs HTTP/2.0" 304 0 "https://learning-devops.tk/root/learn_ci/-/commit/70df9f069b3758a58e060b4eff53d84e10318078" "Mozilla/5.0 (Windows NT 10.0; Win64; x64) AppleWebKit/537.36 (KHTML, like Gecko) Chrome/99.0.4844.74 Safari/537.36" -
118.69.128.53 - - [20/Mar/2022:10:27:31 +0000] "GET /root/learn_ci/-/commit/70df9f069b3758a58e060b4eff53d84e10318078/branches HTTP/2.0" 304 0 "https://learning-devops.tk/root/learn_ci/-/commit/70df9f069b3758a58e060b4eff53d84e10318078" "Mozilla/5.0 (Windows NT 10.0; Win64; x64) AppleWebKit/537.36 (KHTML, like Gecko) Chrome/99.0.4844.74 Safari/537.36" -
118.69.128.53 - - [20/Mar/2022:10:27:31 +0000] "POST /api/graphql HTTP/2.0" 200 169 "https://learning-devops.tk/root/learn_ci/-/commit/70df9f069b3758a58e060b4eff53d84e10318078" "Mozilla/5.0 (Windows NT 10.0; Win64; x64) AppleWebKit/537.36 (KHTML, like Gecko) Chrome/99.0.4844.74 Safari/537.36" 1.56
172.21.0.3 - - [20/Mar/2022:10:27:34 +0000] "PATCH /api/v4/jobs/2/trace HTTP/1.1" 202 2 "" "gitlab-runner 14.8.2 (14-8-stable; go1.17.7; linux/amd64)" -
172.21.0.3 - - [20/Mar/2022:10:27:35 +0000] "PUT /api/v4/jobs/2 HTTP/1.1" 200 3 "" "gitlab-runner 14.8.2 (14-8-stable; go1.17.7; linux/amd64)" -
172.21.0.3 - - [20/Mar/2022:10:27:35 +0000] "POST /api/v4/jobs/request HTTP/1.1" 201 14917 "" "gitlab-runner 14.8.2 (14-8-stable; go1.17.7; linux/amd64)" -
172.21.0.3 - - [20/Mar/2022:10:27:38 +0000] "PATCH /api/v4/jobs/3/trace HTTP/1.1" 202 2 "" "gitlab-runner 14.8.2 (14-8-stable; go1.17.7; linux/amd64)" -
34.71.50.179 - - [20/Mar/2022:10:27:45 +0000] "GET /root/learn_ci.git/info/refs?service=git-upload-pack HTTP/2.0" 401 26 "" "gitlab-runner 14.8.2 linux/amd64" -
34.71.50.179 - gitlab-ci-token [20/Mar/2022:10:27:45 +0000] "GET /root/learn_ci.git/info/refs?service=git-upload-pack HTTP/2.0" 200 165 "" "gitlab-runner 14.8.2 linux/amd64" -
34.71.50.179 - gitlab-ci-token [20/Mar/2022:10:27:45 +0000] "POST /root/learn_ci.git/git-upload-pack HTTP/2.0" 200 65 "" "gitlab-runner 14.8.2 linux/amd64" -
34.71.50.179 - gitlab-ci-token [20/Mar/2022:10:27:45 +0000] "POST /root/learn_ci.git/git-upload-pack HTTP/2.0" 200 212 "" "gitlab-runner 14.8.2 linux/amd64" -
118.69.128.53 - - [20/Mar/2022:10:27:46 +0000] "GET /root/learn_ci/noteable/commit/70df9f069b3758a58e060b4eff53d84e10318078/notes?html=true HTTP/2.0" 200 47 "https://learning-devops.tk/root/learn_ci/-/commit/70df9f069b3758a58e060b4eff53d84e10318078" "Mozilla/5.0 (Windows NT 10.0; Win64; x64) AppleWebKit/537.36 (KHTML, like Gecko) Chrome/99.0.4844.74 Safari/537.36" -
172.21.0.3 - - [20/Mar/2022:10:27:48 +0000] "PATCH /api/v4/jobs/3/trace HTTP/1.1" 202 2 "" "gitlab-runner 14.8.2 (14-8-stable; go1.17.7; linux/amd64)" -
172.21.0.3 - - [20/Mar/2022:10:27:48 +0000] "PUT /api/v4/jobs/3 HTTP/1.1" 200 3 "" "gitlab-runner 14.8.2 (14-8-stable; go1.17.7; linux/amd64)" -
172.21.0.3 - - [20/Mar/2022:10:27:48 +0000] "POST /api/v4/jobs/request HTTP/1.1" 204 0 "" "gitlab-runner 14.8.2 (14-8-stable; go1.17.7; linux/amd64)" -
118.69.128.53 - - [20/Mar/2022:10:27:48 +0000] "GET /root/learn_ci/-/tree/main HTTP/2.0" 200 27939 "https://learning-devops.tk/root/learn_ci/-/commit/70df9f069b3758a58e060b4eff53d84e10318078" "Mozilla/5.0 (Windows NT 10.0; Win64; x64) AppleWebKit/537.36 (KHTML, like Gecko) Chrome/99.0.4844.74 Safari/537.36" 4.53
118.69.128.53 - - [20/Mar/2022:10:27:49 +0000] "POST /api/graphql HTTP/2.0" 200 192 "https://learning-devops.tk/root/learn_ci/-/tree/main" "Mozilla/5.0 (Windows NT 10.0; Win64; x64) AppleWebKit/537.36 (KHTML, like Gecko) Chrome/99.0.4844.74 Safari/537.36" -
118.69.128.53 - - [20/Mar/2022:10:27:49 +0000] "GET /root/learn_ci/-/refs/main/logs_tree/?format=json&offset=0 HTTP/2.0" 304 0 "https://learning-devops.tk/root/learn_ci/-/tree/main" "Mozilla/5.0 (Windows NT 10.0; Win64; x64) AppleWebKit/537.36 (KHTML, like Gecko) Chrome/99.0.4844.74 Safari/537.36" -
118.69.128.53 - - [20/Mar/2022:10:27:49 +0000] "GET /root/learn_ci/-/blob/main/README.md?format=json&viewer=rich HTTP/2.0" 304 0 "https://learning-devops.tk/root/learn_ci/-/tree/main" "Mozilla/5.0 (Windows NT 10.0; Win64; x64) AppleWebKit/537.36 (KHTML, like Gecko) Chrome/99.0.4844.74 Safari/537.36" -
118.69.128.53 - - [20/Mar/2022:10:27:49 +0000] "POST /api/graphql HTTP/2.0" 200 531 "https://learning-devops.tk/root/learn_ci/-/tree/main" "Mozilla/5.0 (Windows NT 10.0; Win64; x64) AppleWebKit/537.36 (KHTML, like Gecko) Chrome/99.0.4844.74 Safari/537.36" 2.28
118.69.128.53 - - [20/Mar/2022:10:27:49 +0000] "POST /api/graphql HTTP/2.0" 200 816 "https://learning-devops.tk/root/learn_ci/-/tree/main" "Mozilla/5.0 (Windows NT 10.0; Win64; x64) AppleWebKit/537.36 (KHTML, like Gecko) Chrome/99.0.4844.74 Safari/537.36" 4.09
